Archive member included to satisfy reference by file (symbol)

c:/progra~2/armgnu~1/125863~1.3re/bin/../lib/gcc/arm-none-eabi/12.3.1/thumb/v6-m/nofp\libgcc.a(_dvmd_tls.o)
                              CMakeFiles/MPU6050_MotionAnalyzer.dir/C_/VSARM/sdk/pico/pico-sdk/src/rp2_common/pico_divider/divider.S.obj (__aeabi_idiv0)
c:/progra~2/armgnu~1/125863~1.3re/bin/../lib/gcc/arm-none-eabi/12.3.1/thumb/v6-m/nofp\libg.a(libc_a-calloc.o)
                              CMakeFiles/MPU6050_MotionAnalyzer.dir/C_/VSARM/sdk/pico/pico-sdk/src/rp2_common/pico_malloc/pico_malloc.c.obj (calloc)
c:/progra~2/armgnu~1/125863~1.3re/bin/../lib/gcc/arm-none-eabi/12.3.1/thumb/v6-m/nofp\libg.a(libc_a-callocr.o)
                              c:/progra~2/armgnu~1/125863~1.3re/bin/../lib/gcc/arm-none-eabi/12.3.1/thumb/v6-m/nofp\libg.a(libc_a-calloc.o) (_calloc_r)
c:/progra~2/armgnu~1/125863~1.3re/bin/../lib/gcc/arm-none-eabi/12.3.1/thumb/v6-m/nofp\libg.a(libc_a-malloc.o)
                              CMakeFiles/MPU6050_MotionAnalyzer.dir/C_/VSARM/sdk/pico/pico-sdk/src/rp2_common/pico_malloc/pico_malloc.c.obj (malloc)
c:/progra~2/armgnu~1/125863~1.3re/bin/../lib/gcc/arm-none-eabi/12.3.1/thumb/v6-m/nofp\libg.a(libc_a-mallocr.o)
                              c:/progra~2/armgnu~1/125863~1.3re/bin/../lib/gcc/arm-none-eabi/12.3.1/thumb/v6-m/nofp\libg.a(libc_a-callocr.o) (_malloc_r)
c:/progra~2/armgnu~1/125863~1.3re/bin/../lib/gcc/arm-none-eabi/12.3.1/thumb/v6-m/nofp\libg.a(libc_a-mlock.o)
                              c:/progra~2/armgnu~1/125863~1.3re/bin/../lib/gcc/arm-none-eabi/12.3.1/thumb/v6-m/nofp\libg.a(libc_a-mallocr.o) (__malloc_lock)
c:/progra~2/armgnu~1/125863~1.3re/bin/../lib/gcc/arm-none-eabi/12.3.1/thumb/v6-m/nofp\libg.a(libc_a-realloc.o)
                              CMakeFiles/MPU6050_MotionAnalyzer.dir/C_/VSARM/sdk/pico/pico-sdk/src/rp2_common/pico_malloc/pico_malloc.c.obj (realloc)
c:/progra~2/armgnu~1/125863~1.3re/bin/../lib/gcc/arm-none-eabi/12.3.1/thumb/v6-m/nofp\libg.a(libc_a-reallocr.o)
                              c:/progra~2/armgnu~1/125863~1.3re/bin/../lib/gcc/arm-none-eabi/12.3.1/thumb/v6-m/nofp\libg.a(libc_a-realloc.o) (_realloc_r)
c:/progra~2/armgnu~1/125863~1.3re/bin/../lib/gcc/arm-none-eabi/12.3.1/thumb/v6-m/nofp\libg.a(libc_a-memmove.o)
                              c:/progra~2/armgnu~1/125863~1.3re/bin/../lib/gcc/arm-none-eabi/12.3.1/thumb/v6-m/nofp\libg.a(libc_a-reallocr.o) (memmove)
c:/progra~2/armgnu~1/125863~1.3re/bin/../lib/gcc/arm-none-eabi/12.3.1/thumb/v6-m/nofp\libg.a(libc_a-impure.o)
                              c:/progra~2/armgnu~1/125863~1.3re/bin/../lib/gcc/arm-none-eabi/12.3.1/thumb/v6-m/nofp\libg.a(libc_a-calloc.o) (_impure_ptr)
c:/progra~2/armgnu~1/125863~1.3re/bin/../lib/gcc/arm-none-eabi/12.3.1/thumb/v6-m/nofp\libg.a(libc_a-sbrkr.o)
                              c:/progra~2/armgnu~1/125863~1.3re/bin/../lib/gcc/arm-none-eabi/12.3.1/thumb/v6-m/nofp\libg.a(libc_a-mallocr.o) (_sbrk_r)
c:/progra~2/armgnu~1/125863~1.3re/bin/../lib/gcc/arm-none-eabi/12.3.1/thumb/v6-m/nofp\libg.a(libc_a-errno.o)
                              c:/progra~2/armgnu~1/125863~1.3re/bin/../lib/gcc/arm-none-eabi/12.3.1/thumb/v6-m/nofp\libg.a(libc_a-callocr.o) (__errno)
c:/progra~2/armgnu~1/125863~1.3re/bin/../lib/gcc/arm-none-eabi/12.3.1/thumb/v6-m/nofp\libg.a(libc_a-init.o)
                              c:/progra~2/armgnu~1/125863~1.3re/bin/../lib/gcc/arm-none-eabi/12.3.1/thumb/v6-m/nofp/crt0.o (__libc_init_array)
c:/progra~2/armgnu~1/125863~1.3re/bin/../lib/gcc/arm-none-eabi/12.3.1/thumb/v6-m/nofp\libg.a(libc_a-lock.o)
                              c:/progra~2/armgnu~1/125863~1.3re/bin/../lib/gcc/arm-none-eabi/12.3.1/thumb/v6-m/nofp\libg.a(libc_a-mlock.o) (__retarget_lock_acquire_recursive)
c:/progra~2/armgnu~1/125863~1.3re/bin/../lib/gcc/arm-none-eabi/12.3.1/thumb/v6-m/nofp\libg.a(libc_a-sysconf.o)
                              c:/progra~2/armgnu~1/125863~1.3re/bin/../lib/gcc/arm-none-eabi/12.3.1/thumb/v6-m/nofp\libg.a(libc_a-mallocr.o) (sysconf)
c:/progra~2/armgnu~1/125863~1.3re/bin/../lib/gcc/arm-none-eabi/12.3.1/thumb/v6-m/nofp\libg.a(libc_a-strlen-stub.o)
                              CMakeFiles/MPU6050_MotionAnalyzer.dir/C_/VSARM/sdk/pico/pico-sdk/src/rp2_common/pico_stdio/stdio.c.obj (strlen)
c:/progra~2/armgnu~1/125863~1.3re/bin/../lib/gcc/arm-none-eabi/12.3.1/thumb/v6-m/nofp\libg.a(libc_a-freer.o)
                              c:/progra~2/armgnu~1/125863~1.3re/bin/../lib/gcc/arm-none-eabi/12.3.1/thumb/v6-m/nofp\libg.a(libc_a-malloc.o) (_free_r)
c:/progra~2/armgnu~1/125863~1.3re/bin/../lib/gcc/arm-none-eabi/12.3.1/thumb/v6-m/nofp\libg.a(libc_a-findfp.o)
                              c:/progra~2/armgnu~1/125863~1.3re/bin/../lib/gcc/arm-none-eabi/12.3.1/thumb/v6-m/nofp\libg.a(libc_a-impure.o) (__sf)
c:/progra~2/armgnu~1/125863~1.3re/bin/../lib/gcc/arm-none-eabi/12.3.1/thumb/v6-m/nofp\libg.a(libc_a-fwalk.o)
[...]
Memory Configuration

Name             Origin             Length             Attributes
FLASH            0x10000000         0x00200000         xr
RAM              0x20000000         0x00040000         xrw
SCRATCH_X        0x20040000         0x00001000         xrw
SCRATCH_Y        0x20041000         0x00001000         xrw
*default*        0x00000000         0xffffffff

Linker script and memory map

LOAD c:/progra~2/armgnu~1/125863~1.3re/bin/../lib/gcc/arm-none-eabi/12.3.1/thumb/v6-m/nofp/crti.o
LOAD c:/progra~2/armgnu~1/125863~1.3re/bin/../lib/gcc/arm-none-eabi/12.3.1/thumb/v6-m/nofp/crtbegin.o
LOAD c:/progra~2/armgnu~1/125863~1.3re/bin/../lib/gcc/arm-none-eabi/12.3.1/thumb/v6-m/nofp/crt0.o

.flash_begin    0x10000000        0x0
                0x10000000                        __flash_binary_start = .

.boot2          0x10000000      0x100
                0x10000000                        __boot2_start__ = .
 *(.boot2)
 .boot2         0x10000000      0x100 C:\Users\krzys\AppData\Local\Temp\ccSwMJHm.o
                0x10000100                        __boot2_end__ = .
                0x00000001                        ASSERT (((__boot2_end__ - __boot2_start__) == 0x100), ERROR: Pico second stage bootloader must be 256 bytes in size)

.text           0x10000100     0x8328
                0x10000100                        __logical_binary_start = .
 *(.vectors)
 .vectors       0x10000100       0xd4 CMakeFiles/MPU6050_MotionAnalyzer.dir/C_/VSARM/sdk/pico/pico-sdk/src/rp2_common/pico_standard_link/crt0.S.obj
                0x10000100                __VECTOR_TABLE
                0x10000100                __vectors
                0x100001c0                isr_invalid
                0x100001c0                __default_isrs_start
                0x100001c2                isr_nmi
                0x100001c4                isr_hardfault
                0x100001c6                isr_svcall
                0x100001c8                isr_pendsv
                0x100001ca                isr_systick
                0x100001cc                isr_irq23
                0x100001cc                isr_irq18
                0x100001cc                isr_irq11
                0x100001cc                isr_irq28
                0x100001cc                isr_irq19
                0x100001cc                isr_irq0
                0x100001cc                isr_irq6
                0x100001cc                isr_irq5
                0x100001cc                isr_irq12
                0x100001cc                isr_irq22
                0x100001cc                isr_irq31
                0x100001cc                isr_irq17
                0x100001cc                isr_irq27
                0x100001cc                isr_irq30
                0x100001cc                isr_irq2
                0x100001cc                isr_irq10
                0x100001cc                isr_irq8
                0x100001cc                isr_irq24
                0x100001cc                isr_irq1
                0x100001cc                isr_irq7
                0x100001cc                isr_irq21
                0x100001cc                isr_irq20
                0x100001cc                isr_irq15
                0x100001cc                isr_irq25
                0x100001cc                isr_irq13
                0x100001cc                __unhandled_user_irq
                0x100001cc                isr_irq4
                0x100001cc                isr_irq16
                0x100001cc                isr_irq29
                0x100001cc                isr_irq26
                0x100001cc                __default_isrs_end
                0x100001cc                isr_irq3
                0x100001cc                isr_irq14
                0x100001cc                isr_irq9
                0x100001d2                unhandled_user_irq_num_in_r0
 *(.binary_info_header)
 .binary_info_header
                0x100001d4       0x14 CMakeFiles/MPU6050_MotionAnalyzer.dir/C_/VSARM/sdk/pico/pico-sdk/src/rp2_common/pico_standard_link/crt0.S.obj
                0x100001e8                        __binary_info_header_end = .
 *(.reset)
 .reset         0x100001e8       0xa0 CMakeFiles/MPU6050_MotionAnalyzer.dir/C_/VSARM/sdk/pico/pico-sdk/src/rp2_common/pico_standard_link/crt0.S.obj
                0x100001e8                _entry_point
 .reset         0x10000288       0x30 CMakeFiles/MPU6050_MotionAnalyzer.dir/C_/VSARM/sdk/pico/pico-sdk/src/rp2_common/pico_standard_link/binary_info.c.obj
 *(.init)
 .init          0x100002b8        0x4 c:/progra~2/armgnu~1/125863~1.3re/bin/../lib/gcc/arm-none-eabi/12.3.1/thumb/v6-m/nofp/crti.o
                0x100002b8                _init
 *(EXCLUDE_FILE(*libm.a: *libc.a:*lib_a-mem*.o *libgcc.a:) .text*)
 .text.register_tm_clones
                0x100002bc       0x28 c:/progra~2/armgnu~1/125863~1.3re/bin/../lib/gcc/arm-none-eabi/12.3.1/thumb/v6-m/nofp/crtbegin.o
 .text.frame_dummy
                0x100002e4       0x24 c:/progra~2/armgnu~1/125863~1.3re/bin/../lib/gcc/arm-none-eabi/12.3.1/thumb/v6-m/nofp/crtbegin.o
 .text.main     0x10000308       0x9c CMakeFiles/MPU6050_MotionAnalyzer.dir/main.c.obj
                0x10000308                main
 .text.i2c_write_reg
                0x100003a4       0x24 CMakeFiles/MPU6050_MotionAnalyzer.dir/mpu6050/mpu6050.c.obj
                0x100003a4                i2c_write_reg
 .text.mpu_reset
                0x100003c8       0x5c CMakeFiles/MPU6050_MotionAnalyzer.dir/mpu6050/mpu6050.c.obj
                0x100003c8                mpu_reset
 .text.mpu_read
                0x10000424       0xf0 CMakeFiles/MPU6050_MotionAnalyzer.dir/mpu6050/mpu6050.c.obj
                0x10000424                mpu_read
 .text.mpu_setresolution
                0x10000514       0x70 CMakeFiles/MPU6050_MotionAnalyzer.dir/mpu6050/mpu6050.c.obj
                0x10000514                mpu_setresolution
 .text.mpu_init
                0x10000584       0x48 CMakeFiles/MPU6050_MotionAnalyzer.dir/mpu6050/mpu6050.c.obj
                0x10000584                mpu_init
 .text.mpu_accel_st
                0x100005cc      0x24c CMakeFiles/MPU6050_MotionAnalyzer.dir/mpu6050/mpu6050.c.obj
                0x100005cc                mpu_accel_st
 .text.check_gpio_param
                0x10000818       0x20 CMakeFiles/MPU6050_MotionAnalyzer.dir/C_/VSARM/sdk/pico/pico-sdk/src/rp2_common/hardware_gpio/gpio.c.obj
 .text.gpio_set_function
                0x10000838       0x54 CMakeFiles/MPU6050_MotionAnalyzer.dir/C_/VSARM/sdk/pico/pico-sdk/src/rp2_common/hardware_gpio/gpio.c.obj
                0x10000838                gpio_set_function
 .text.gpio_set_pulls
                0x1000088c       0x40 CMakeFiles/MPU6050_MotionAnalyzer.dir/C_/VSARM/sdk/pico/pico-sdk/src/rp2_common/hardware_gpio/gpio.c.obj
                0x1000088c                gpio_set_pulls
 .text.running_on_fpga
                0x100008cc       0x14 CMakeFiles/MPU6050_MotionAnalyzer.dir/C_/VSARM/sdk/pico/pico-sdk/src/rp2_common/pico_platform/platform.c.obj
                0x100008cc                running_on_fpga
 .text.hw_claim_lock
                0x100008e0       0x18 CMakeFiles/MPU6050_MotionAnalyzer.dir/C_/VSARM/sdk/pico/pico-sdk/src/rp2_common/hardware_claim/claim.c.obj
                0x100008e0                hw_claim_lock
 .text.hw_claim_unlock
                0x100008f8       0x14 CMakeFiles/MPU6050_MotionAnalyzer.dir/C_/VSARM/sdk/pico/pico-sdk/src/rp2_common/hardware_claim/claim.c.obj
                0x100008f8                hw_claim_unlock
 .text.hw_claim_or_assert
                0x1000090c       0x32 CMakeFiles/MPU6050_MotionAnalyzer.dir/C_/VSARM/sdk/pico/pico-sdk/src/rp2_common/hardware_claim/claim.c.obj
                0x1000090c                hw_claim_or_assert
 .text.hw_claim_unused_from_range
                0x1000093e       0x50 CMakeFiles/MPU6050_MotionAnalyzer.dir/C_/VSARM/sdk/pico/pico-sdk/src/rp2_common/hardware_claim/claim.c.obj
                0x1000093e                hw_claim_unused_from_range
 *fill*         0x1000098e        0x2 
 .text.spin_locks_reset
                0x10000990       0x20 CMakeFiles/MPU6050_MotionAnalyzer.dir/C_/VSARM/sdk/pico/pico-sdk/src/rp2_common/hardware_sync/sync.c.obj
                0x10000990                spin_locks_reset
 .text.next_striped_spin_lock_num
                0x100009b0       0x1c CMakeFiles/MPU6050_MotionAnalyzer.dir/C_/VSARM/sdk/pico/pico-sdk/src/rp2_common/hardware_sync/sync.c.obj
                0x100009b0                next_striped_spin_lock_num
 .text.spin_lock_claim_unused
                0x100009cc       0x24 CMakeFiles/MPU6050_MotionAnalyzer.dir/C_/VSARM/sdk/pico/pico-sdk/src/rp2_common/hardware_sync/sync.c.obj
                0x100009cc                spin_lock_claim_unused
 .text.set_raw_irq_handler_and_unlock
                0x100009f0       0x28 CMakeFiles/MPU6050_MotionAnalyzer.dir/C_/VSARM/sdk/pico/pico-sdk/src/rp2_common/hardware_irq/irq.c.obj
 .text.check_irq_param
                0x10000a18       0x20 CMakeFiles/MPU6050_MotionAnalyzer.dir/C_/VSARM/sdk/pico/pico-sdk/src/rp2_common/hardware_irq/irq.c.obj
 .text.resolve_branch
                0x10000a38       0x30 CMakeFiles/MPU6050_MotionAnalyzer.dir/C_/VSARM/sdk/pico/pico-sdk/src/rp2_common/hardware_irq/irq.c.obj
 .text.make_branch
                0x10000a68       0x48 CMakeFiles/MPU6050_MotionAnalyzer.dir/C_/VSARM/sdk/pico/pico-sdk/src/rp2_common/hardware_irq/irq.c.obj
 .text.insert_branch_and_link
                0x10000ab0       0x40 CMakeFiles/MPU6050_MotionAnalyzer.dir/C_/VSARM/sdk/pico/pico-sdk/src/rp2_common/hardware_irq/irq.c.obj
 .text.irq_is_enabled
                0x10000af0       0x20 CMakeFiles/MPU6050_MotionAnalyzer.dir/C_/VSARM/sdk/pico/pico-sdk/src/rp2_common/hardware_irq/irq.c.obj
                0x10000af0                irq_is_enabled
 .text.irq_set_mask_enabled
                0x10000b10       0x20 CMakeFiles/MPU6050_MotionAnalyzer.dir/C_/VSARM/sdk/pico/pico-sdk/src/rp2_common/hardware_irq/irq.c.obj
                0x10000b10                irq_set_mask_enabled
 .text.irq_set_enabled
                0x10000b30       0x16 CMakeFiles/MPU6050_MotionAnalyzer.dir/C_/VSARM/sdk/pico/pico-sdk/src/rp2_common/hardware_irq/irq.c.obj
                0x10000b30                irq_set_enabled
 *fill*         0x10000b46        0x2 
 .text.irq_set_pending
                0x10000b48       0x18 CMakeFiles/MPU6050_MotionAnalyzer.dir/C_/VSARM/sdk/pico/pico-sdk/src/rp2_common/hardware_irq/irq.c.obj
                0x10000b48                irq_set_pending
 .text.irq_get_vtable_handler
                0x10000b60       0x18 CMakeFiles/MPU6050_MotionAnalyzer.dir/C_/VSARM/sdk/pico/pico-sdk/src/rp2_common/hardware_irq/irq.c.obj
                0x10000b60                irq_get_vtable_handler
 .text.irq_has_shared_handler
                0x10000b78       0x2c CMakeFiles/MPU6050_MotionAnalyzer.dir/C_/VSARM/sdk/pico/pico-sdk/src/rp2_common/hardware_irq/irq.c.obj
                0x10000b78                irq_has_shared_handler
 .text.irq_set_exclusive_handler
                0x10000ba4       0x58 CMakeFiles/MPU6050_MotionAnalyzer.dir/C_/VSARM/sdk/pico/pico-sdk/src/rp2_common/hardware_irq/irq.c.obj
                0x10000ba4                irq_set_exclusive_handler
 .text.irq_add_shared_handler
                0x10000bfc      0x214 CMakeFiles/MPU6050_MotionAnalyzer.dir/C_/VSARM/sdk/pico/pico-sdk/src/rp2_common/hardware_irq/irq.c.obj
                0x10000bfc                irq_add_shared_handler
 .text.irq_remove_handler
                0x10000e10      0x188 CMakeFiles/MPU6050_MotionAnalyzer.dir/C_/VSARM/sdk/pico/pico-sdk/src/rp2_common/hardware_irq/irq.c.obj
                0x10000e10                irq_remove_handler
 .text.irq_add_tail_to_free_list
                0x10000f98       0xf0 CMakeFiles/MPU6050_MotionAnalyzer.dir/C_/VSARM/sdk/pico/pico-sdk/src/rp2_common/hardware_irq/irq.c.obj
                0x10000f98                irq_add_tail_to_free_list
 .text.irq_init_priorities
                0x10001088       0x1c CMakeFiles/MPU6050_MotionAnalyzer.dir/C_/VSARM/sdk/pico/pico-sdk/src/rp2_common/hardware_irq/irq.c.obj
                0x10001088                irq_init_priorities
 .text.user_irq_claim_unused
                0x100010a4       0x2c CMakeFiles/MPU6050_MotionAnalyzer.dir/C_/VSARM/sdk/pico/pico-sdk/src/rp2_common/hardware_irq/irq.c.obj
                0x100010a4                user_irq_claim_unused
 .text.lock_init
                0x100010d0       0x30 CMakeFiles/MPU6050_MotionAnalyzer.dir/C_/VSARM/sdk/pico/pico-sdk/src/common/pico_sync/lock_core.c.obj
                0x100010d0                lock_init
 .text.update_us_since_boot
                0x10001100       0x24 CMakeFiles/MPU6050_MotionAnalyzer.dir/C_/VSARM/sdk/pico/pico-sdk/src/common/pico_sync/mutex.c.obj
 .text.delayed_by_ms
                0x10001124       0x44 CMakeFiles/MPU6050_MotionAnalyzer.dir/C_/VSARM/sdk/pico/pico-sdk/src/common/pico_sync/mutex.c.obj
 .text.get_absolute_time
                0x10001168       0x22 CMakeFiles/MPU6050_MotionAnalyzer.dir/C_/VSARM/sdk/pico/pico-sdk/src/common/pico_sync/mutex.c.obj
 .text.make_timeout_time_ms
                0x1000118a       0x20 CMakeFiles/MPU6050_MotionAnalyzer.dir/C_/VSARM/sdk/pico/pico-sdk/src/common/pico_sync/mutex.c.obj
 .text.mutex_init
                0x100011aa       0x1a CMakeFiles/MPU6050_MotionAnalyzer.dir/C_/VSARM/sdk/pico/pico-sdk/src/common/pico_sync/mutex.c.obj
                0x100011aa                mutex_init
 .text.recursive_mutex_init
                0x100011c4       0x1e CMakeFiles/MPU6050_MotionAnalyzer.dir/C_/VSARM/sdk/pico/pico-sdk/src/common/pico_sync/mutex.c.obj
                0x100011c4                recursive_mutex_init
 *fill*         0x100011e2        0x2 
 .text.critical_section_init_with_lock_num
                0x100011e4       0x34 CMakeFiles/MPU6050_MotionAnalyzer.dir/C_/VSARM/sdk/pico/pico-sdk/src/common/pico_sync/critical_section.c.obj
                0x100011e4                critical_section_init_with_lock_num
 .text.critical_section_init
                0x10001218       0x14 CMakeFiles/MPU6050_MotionAnalyzer.dir/C_/VSARM/sdk/pico/pico-sdk/src/common/pico_sync/critical_section.c.obj
                0x10001218                critical_section_init
 .text.time_reached
                0x1000122c       0x28 CMakeFiles/MPU6050_MotionAnalyzer.dir/C_/VSARM/sdk/pico/pico-sdk/src/common/pico_time/time.c.obj
 .text.get_entry
                0x10001254       0x38 CMakeFiles/MPU6050_MotionAnalyzer.dir/C_/VSARM/sdk/pico/pico-sdk/src/common/pico_time/time.c.obj
 .text.timer_pool_entry_comparator
                0x1000128c       0x2e CMakeFiles/MPU6050_MotionAnalyzer.dir/C_/VSARM/sdk/pico/pico-sdk/src/common/pico_time/time.c.obj
                0x1000128c                timer_pool_entry_comparator
 *fill*         0x100012ba        0x2 
 .text.update_us_since_boot
                0x100012bc       0x24 CMakeFiles/MPU6050_MotionAnalyzer.dir/C_/VSARM/sdk/pico/pico-sdk/src/common/pico_time/time.c.obj
 .text.delayed_by_us
                0x100012e0       0x34 CMakeFiles/MPU6050_MotionAnalyzer.dir/C_/VSARM/sdk/pico/pico-sdk/src/common/pico_time/time.c.obj
 .text.ph_get_node
                0x10001314       0x30 CMakeFiles/MPU6050_MotionAnalyzer.dir/C_/VSARM/sdk/pico/pico-sdk/src/common/pico_time/time.c.obj
 .text.ph_contains_node
                0x10001344       0x1e CMakeFiles/MPU6050_MotionAnalyzer.dir/C_/VSARM/sdk/pico/pico-sdk/src/common/pico_time/time.c.obj
 .text.ph_new_node
                0x10001362       0x28 CMakeFiles/MPU6050_MotionAnalyzer.dir/C_/VSARM/sdk/pico/pico-sdk/src/common/pico_time/time.c.obj
 *fill*         0x1000138a        0x2 
 .text.ph_add_child_node
                0x1000138c       0x6c CMakeFiles/MPU6050_MotionAnalyzer.dir/C_/VSARM/sdk/pico/pico-sdk/src/common/pico_time/time.c.obj
 .text.ph_merge_nodes
                0x100013f8       0x3e CMakeFiles/MPU6050_MotionAnalyzer.dir/C_/VSARM/sdk/pico/pico-sdk/src/common/pico_time/time.c.obj
 *fill*         0x10001436        0x2 
 .text.ph_insert_node
                0x10001438       0x3c CMakeFiles/MPU6050_MotionAnalyzer.dir/C_/VSARM/sdk/pico/pico-sdk/src/common/pico_time/time.c.obj
 .text.ph_free_node
                0x10001474       0x5c CMakeFiles/MPU6050_MotionAnalyzer.dir/C_/VSARM/sdk/pico/pico-sdk/src/common/pico_time/time.c.obj
 .text.get_entry_id_high
                0x100014d0       0x30 CMakeFiles/MPU6050_MotionAnalyzer.dir/C_/VSARM/sdk/pico/pico-sdk/src/common/pico_time/time.c.obj
 .text.alarm_pool_post_alloc_init
                0x10001500       0x5c CMakeFiles/MPU6050_MotionAnalyzer.dir/C_/VSARM/sdk/pico/pico-sdk/src/common/pico_time/time.c.obj
 .text.sleep_until_callback
                0x1000155c       0x30 CMakeFiles/MPU6050_MotionAnalyzer.dir/C_/VSARM/sdk/pico/pico-sdk/src/common/pico_time/time.c.obj
 .text.get_absolute_time
                0x1000158c       0x22 CMakeFiles/MPU6050_MotionAnalyzer.dir/C_/VSARM/sdk/pico/pico-sdk/src/common/pico_time/time.c.obj
 .text.make_timeout_time_us
                0x100015ae       0x24 CMakeFiles/MPU6050_MotionAnalyzer.dir/C_/VSARM/sdk/pico/pico-sdk/src/common/pico_time/time.c.obj
 *fill*         0x100015d2        0x2 
 .text.add_alarm_under_lock
                0x100015d4       0x94 CMakeFiles/MPU6050_MotionAnalyzer.dir/C_/VSARM/sdk/pico/pico-sdk/src/common/pico_time/time.c.obj
 .text.alarm_pool_alarm_callback
                0x10001668      0x210 CMakeFiles/MPU6050_MotionAnalyzer.dir/C_/VSARM/sdk/pico/pico-sdk/src/common/pico_time/time.c.obj
 .text.alarm_pool_init_default
                0x10001878       0x40 CMakeFiles/MPU6050_MotionAnalyzer.dir/C_/VSARM/sdk/pico/pico-sdk/src/common/pico_time/time.c.obj
                0x10001878                alarm_pool_init_default
 .text.alarm_pool_get_default
                0x100018b8       0x2c CMakeFiles/MPU6050_MotionAnalyzer.dir/C_/VSARM/sdk/pico/pico-sdk/src/common/pico_time/time.c.obj
                0x100018b8                alarm_pool_get_default
 .text.alarm_pool_add_alarm_at
                0x100018e4      0x10e CMakeFiles/MPU6050_MotionAnalyzer.dir/C_/VSARM/sdk/pico/pico-sdk/src/common/pico_time/time.c.obj
                0x100018e4                alarm_pool_add_alarm_at
 .text.add_alarm_at
                0x100019f2       0x2e CMakeFiles/MPU6050_MotionAnalyzer.dir/C_/VSARM/sdk/pico/pico-sdk/src/common/pico_time/time.c.obj
 .text.alarm_pool_cancel_alarm
                0x10001a20       0xa8 CMakeFiles/MPU6050_MotionAnalyzer.dir/C_/VSARM/sdk/pico/pico-sdk/src/common/pico_time/time.c.obj
                0x10001a20                alarm_pool_cancel_alarm
 .text.cancel_alarm
                0x10001ac8       0x10 CMakeFiles/MPU6050_MotionAnalyzer.dir/C_/VSARM/sdk/pico/pico-sdk/src/common/pico_time/time.c.obj
 .text.alarm_pool_core_num
                0x10001ad8        0x4 CMakeFiles/MPU6050_MotionAnalyzer.dir/C_/VSARM/sdk/pico/pico-sdk/src/common/pico_time/time.c.obj
                0x10001ad8                alarm_pool_core_num
 .text.sleep_until
                0x10001adc       0xb0 CMakeFiles/MPU6050_MotionAnalyzer.dir/C_/VSARM/sdk/pico/pico-sdk/src/common/pico_time/time.c.obj
                0x10001adc                sleep_until
 .text.sleep_us
                0x10001b8c       0x1a CMakeFiles/MPU6050_MotionAnalyzer.dir/C_/VSARM/sdk/pico/pico-sdk/src/common/pico_time/time.c.obj
                0x10001b8c                sleep_us
 .text.sleep_ms
                0x10001ba6       0x14 CMakeFiles/MPU6050_MotionAnalyzer.dir/C_/VSARM/sdk/pico/pico-sdk/src/common/pico_time/time.c.obj
                0x10001ba6                sleep_ms
 *fill*         0x10001bba        0x2 
 .text.best_effort_wfe_or_timeout
                0x10001bbc       0x44 CMakeFiles/MPU6050_MotionAnalyzer.dir/C_/VSARM/sdk/pico/pico-sdk/src/common/pico_time/time.c.obj
                0x10001bbc                best_effort_wfe_or_timeout
 .text.check_hardware_alarm_num_param
                0x10001c00       0x20 CMakeFiles/MPU6050_MotionAnalyzer.dir/C_/VSARM/sdk/pico/pico-sdk/src/rp2_common/hardware_timer/timer.c.obj
 .text.hardware_alarm_irq_handler
                0x10001c20       0x94 CMakeFiles/MPU6050_MotionAnalyzer.dir/C_/VSARM/sdk/pico/pico-sdk/src/rp2_common/hardware_timer/timer.c.obj
 .text.hardware_alarm_claim
                0x10001cb4       0x1c CMakeFiles/MPU6050_MotionAnalyzer.dir/C_/VSARM/sdk/pico/pico-sdk/src/rp2_common/hardware_timer/timer.c.obj
                0x10001cb4                hardware_alarm_claim
 .text.time_us_64
                0x10001cd0       0x18 CMakeFiles/MPU6050_MotionAnalyzer.dir/C_/VSARM/sdk/pico/pico-sdk/src/rp2_common/hardware_timer/timer.c.obj
                0x10001cd0                time_us_64
 .text.busy_wait_until
                0x10001ce8       0x28 CMakeFiles/MPU6050_MotionAnalyzer.dir/C_/VSARM/sdk/pico/pico-sdk/src/rp2_common/hardware_timer/timer.c.obj
                0x10001ce8                busy_wait_until
 .text.hardware_alarm_set_callback
                0x10001d10       0x94 CMakeFiles/MPU6050_MotionAnalyzer.dir/C_/VSARM/sdk/pico/pico-sdk/src/rp2_common/hardware_timer/timer.c.obj
                0x10001d10                hardware_alarm_set_callback
 .text.hardware_alarm_set_target
                0x10001da4       0xe8 CMakeFiles/MPU6050_MotionAnalyzer.dir/C_/VSARM/sdk/pico/pico-sdk/src/rp2_common/hardware_timer/timer.c.obj
                0x10001da4                hardware_alarm_set_target
 .text.hardware_alarm_cancel
                0x10001e8c       0x48 CMakeFiles/MPU6050_MotionAnalyzer.dir/C_/VSARM/sdk/pico/pico-sdk/src/rp2_common/hardware_timer/timer.c.obj
                0x10001e8c                hardware_alarm_cancel
 .text.ph_get_node
                0x10001ed4       0x30 CMakeFiles/MPU6050_MotionAnalyzer.dir/C_/VSARM/sdk/pico/pico-sdk/src/common/pico_util/pheap.c.obj
 .text.ph_add_child_node
                0x10001f04       0x6c CMakeFiles/MPU6050_MotionAnalyzer.dir/C_/VSARM/sdk/pico/pico-sdk/src/common/pico_util/pheap.c.obj
 .text.ph_merge_nodes
                0x10001f70       0x3e CMakeFiles/MPU6050_MotionAnalyzer.dir/C_/VSARM/sdk/pico/pico-sdk/src/common/pico_util/pheap.c.obj
 .text.ph_clear
                0x10001fae       0x34 CMakeFiles/MPU6050_MotionAnalyzer.dir/C_/VSARM/sdk/pico/pico-sdk/src/common/pico_util/pheap.c.obj
                0x10001fae                ph_clear
 *fill*         0x10001fe2        0x2 
 .text.ph_post_alloc_init
                0x10001fe4       0x2c CMakeFiles/MPU6050_MotionAnalyzer.dir/C_/VSARM/sdk/pico/pico-sdk/src/common/pico_util/pheap.c.obj
                0x10001fe4                ph_post_alloc_init
 .text.ph_merge_two_pass
                0x10002010       0x5c CMakeFiles/MPU6050_MotionAnalyzer.dir/C_/VSARM/sdk/pico/pico-sdk/src/common/pico_util/pheap.c.obj
                0x10002010                ph_merge_two_pass
 .text.ph_remove_any_head
                0x1000206c       0xc0 CMakeFiles/MPU6050_MotionAnalyzer.dir/C_/VSARM/sdk/pico/pico-sdk/src/common/pico_util/pheap.c.obj
 .text.ph_remove_head
                0x1000212c       0x14 CMakeFiles/MPU6050_MotionAnalyzer.dir/C_/VSARM/sdk/pico/pico-sdk/src/common/pico_util/pheap.c.obj
                0x1000212c                ph_remove_head
 .text.ph_remove_and_free_node
                0x10002140       0xa0 CMakeFiles/MPU6050_MotionAnalyzer.dir/C_/VSARM/sdk/pico/pico-sdk/src/common/pico_util/pheap.c.obj
                0x10002140                ph_remove_and_free_node
 .text.clock_configure
                0x100021e0      0x108 CMakeFiles/MPU6050_MotionAnalyzer.dir/C_/VSARM/sdk/pico/pico-sdk/src/rp2_common/hardware_clocks/clocks.c.obj
                0x100021e0                clock_configure
 .text.clocks_init
                0x100022e8      0x100 CMakeFiles/MPU6050_MotionAnalyzer.dir/C_/VSARM/sdk/pico/pico-sdk/src/rp2_common/hardware_clocks/clocks.c.obj
                0x100022e8                clocks_init
 .text.clock_get_hz
                0x100023e8        0xc CMakeFiles/MPU6050_MotionAnalyzer.dir/C_/VSARM/sdk/pico/pico-sdk/src/rp2_common/hardware_clocks/clocks.c.obj
                0x100023e8                clock_get_hz
 .text.pll_init
                0x100023f4      0x120 CMakeFiles/MPU6050_MotionAnalyzer.dir/C_/VSARM/sdk/pico/pico-sdk/src/rp2_common/hardware_pll/pll.c.obj
                0x100023f4                pll_init
 .text.watchdog_start_tick
                0x10002514       0x10 CMakeFiles/MPU6050_MotionAnalyzer.dir/C_/VSARM/sdk/pico/pico-sdk/src/rp2_common/hardware_watchdog/watchdog.c.obj
                0x10002514                watchdog_start_tick
 .text.watchdog_update
                0x10002524       0x14 CMakeFiles/MPU6050_MotionAnalyzer.dir/C_/VSARM/sdk/pico/pico-sdk/src/rp2_common/hardware_watchdog/watchdog.c.obj
                0x10002524                watchdog_update
 .text._watchdog_enable
                0x10002538       0x78 CMakeFiles/MPU6050_MotionAnalyzer.dir/C_/VSARM/sdk/pico/pico-sdk/src/rp2_common/hardware_watchdog/watchdog.c.obj
                0x10002538                _watchdog_enable
 .text.watchdog_reboot
                0x100025b0       0x48 CMakeFiles/MPU6050_MotionAnalyzer.dir/C_/VSARM/sdk/pico/pico-sdk/src/rp2_common/hardware_watchdog/watchdog.c.obj
                0x100025b0                watchdog_reboot
 .text.xosc_init
                0x100025f8       0x28 CMakeFiles/MPU6050_MotionAnalyzer.dir/C_/VSARM/sdk/pico/pico-sdk/src/rp2_common/hardware_xosc/xosc.c.obj
                0x100025f8                xosc_init
 .text._exit    0x10002620        0x4 CMakeFiles/MPU6050_MotionAnalyzer.dir/C_/VSARM/sdk/pico/pico-sdk/src/rp2_common/pico_runtime/runtime.c.obj
                0x10002620                _exit
 .text.exit     0x10002624        0x6 CMakeFiles/MPU6050_MotionAnalyzer.dir/C_/VSARM/sdk/pico/pico-sdk/src/rp2_common/pico_runtime/runtime.c.obj
                0x10002624                exit
 *fill*         0x1000262a        0x2 
 .text.__assert_func
                0x1000262c       0x38 CMakeFiles/MPU6050_MotionAnalyzer.dir/C_/VSARM/sdk/pico/pico-sdk/src/rp2_common/pico_runtime/runtime.c.obj
                0x1000262c                __assert_func
 .text.runtime_init
                0x10002664       0xf8 CMakeFiles/MPU6050_MotionAnalyzer.dir/C_/VSARM/sdk/pico/pico-sdk/src/rp2_common/pico_runtime/runtime.c.obj
                0x10002664                runtime_init
 .text.panic    0x1000275c       0x30 CMakeFiles/MPU6050_MotionAnalyzer.dir/C_/VSARM/sdk/pico/pico-sdk/src/rp2_common/pico_runtime/runtime.c.obj
                0x1000275c                panic
 .text._out_null
                0x1000278c        0x2 CMakeFiles/MPU6050_MotionAnalyzer.dir/C_/VSARM/sdk/pico/pico-sdk/src/rp2_common/pico_printf/printf.c.obj
 .text._out_fct
                0x1000278e        0xe CMakeFiles/MPU6050_MotionAnalyzer.dir/C_/VSARM/sdk/pico/pico-sdk/src/rp2_common/pico_printf/printf.c.obj
 .text._atoi    0x1000279c       0x24 CMakeFiles/MPU6050_MotionAnalyzer.dir/C_/VSARM/sdk/pico/pico-sdk/src/rp2_common/pico_printf/printf.c.obj
 .text._out_rev
                0x100027c0       0xae CMakeFiles/MPU6050_MotionAnalyzer.dir/C_/VSARM/sdk/pico/pico-sdk/src/rp2_common/pico_printf/printf.c.obj
 .text._ntoa_format
                0x1000286e      0x110 CMakeFiles/MPU6050_MotionAnalyzer.dir/C_/VSARM/sdk/pico/pico-sdk/src/rp2_common/pico_printf/printf.c.obj
 .text._ntoa_long
                0x1000297e       0xbc CMakeFiles/MPU6050_MotionAnalyzer.dir/C_/VSARM/sdk/pico/pico-sdk/src/rp2_common/pico_printf/printf.c.obj
 .text._ntoa_long_long
                0x10002a3a      0x10e CMakeFiles/MPU6050_MotionAnalyzer.dir/C_/VSARM/sdk/pico/pico-sdk/src/rp2_common/pico_printf/printf.c.obj
 .text._etoa    0x10002b48      0x420 CMakeFiles/MPU6050_MotionAnalyzer.dir/C_/VSARM/sdk/pico/pico-sdk/src/rp2_common/pico_printf/printf.c.obj
 .text._ftoa    0x10002f68      0x354 CMakeFiles/MPU6050_MotionAnalyzer.dir/C_/VSARM/sdk/pico/pico-sdk/src/rp2_common/pico_printf/printf.c.obj
 .text._vsnprintf
                0x100032bc      0x65c CMakeFiles/MPU6050_MotionAnalyzer.dir/C_/VSARM/sdk/pico/pico-sdk/src/rp2_common/pico_printf/printf.c.obj
 .text.vfctprintf
                0x10003918       0x20 CMakeFiles/MPU6050_MotionAnalyzer.dir/C_/VSARM/sdk/pico/pico-sdk/src/rp2_common/pico_printf/printf.c.obj
                0x10003918                vfctprintf
 .text          0x10003938       0x10 CMakeFiles/MPU6050_MotionAnalyzer.dir/C_/VSARM/sdk/pico/pico-sdk/src/rp2_common/pico_bit_ops/bit_ops_aeabi.S.obj
 .text.rom_func_lookup
                0x10003948       0x10 CMakeFiles/MPU6050_MotionAnalyzer.dir/C_/VSARM/sdk/pico/pico-sdk/src/rp2_common/pico_bootrom/bootrom.c.obj
                0x10003948                rom_func_lookup
 .text.rom_data_lookup
                0x10003958       0x10 CMakeFiles/MPU6050_MotionAnalyzer.dir/C_/VSARM/sdk/pico/pico-sdk/src/rp2_common/pico_bootrom/bootrom.c.obj
                0x10003958                rom_data_lookup
 .text.rom_funcs_lookup
                0x10003968       0x36 CMakeFiles/MPU6050_MotionAnalyzer.dir/C_/VSARM/sdk/pico/pico-sdk/src/rp2_common/pico_bootrom/bootrom.c.obj
                0x10003968                rom_funcs_lookup
 *fill*         0x1000399e        0x2 
 .text.__wrap___aeabi_idiv
                0x100039a0       0x50 CMakeFiles/MPU6050_MotionAnalyzer.dir/C_/VSARM/sdk/pico/pico-sdk/src/rp2_common/pico_divider/divider.S.obj
                0x100039a0                __wrap___aeabi_idivmod
                0x100039a0                divmod_s32s32
                0x100039a0                div_s32s32
                0x100039a0                __wrap___aeabi_idiv
                0x100039a8                divmod_s32s32_unsafe
                0x100039d4                divmod_s32s32_savestate
 .text.__wrap___aeabi_uidiv
                0x100039f0       0x4c CMakeFiles/MPU6050_MotionAnalyzer.dir/C_/VSARM/sdk/pico/pico-sdk/src/rp2_common/pico_divider/divider.S.obj
                0x100039f0                __wrap___aeabi_uidiv
                0x100039f0                __wrap___aeabi_uidivmod
                0x100039f0                div_u32u32
                0x100039f0                divmod_u32u32
                0x100039f8                divmod_u32u32_unsafe
                0x10003a20                divmod_u32u32_savestate
 .text.__wrap___aeabi_ldiv
                0x10003a3c      0x424 CMakeFiles/MPU6050_MotionAnalyzer.dir/C_/VSARM/sdk/pico/pico-sdk/src/rp2_common/pico_divider/divider.S.obj
                0x10003a3c                div_s64s64
                0x10003a3c                divmod_s64s64
                0x10003a3c                __wrap___aeabi_ldivmod
                0x10003a6c                divmod_u64u64
                0x10003a6c                div_u64u64
                0x10003a6c                __wrap___aeabi_uldivmod
                0x10003a7c                divmod_u64u64_savestate
                0x10003a9c                divmod_s64s64_unsafe
                0x10003b24                divmod_u64u64_unsafe
 .text.__wrap___aeabi_darithmetic
                0x10003e60       0x80 CMakeFiles/MPU6050_MotionAnalyzer.dir/C_/VSARM/sdk/pico/pico-sdk/src/rp2_common/pico_double/double_aeabi.S.obj
                0x10003e60                __wrap___aeabi_drsub
                0x10003e66                __wrap___aeabi_dsub
                0x10003e78                __wrap___aeabi_dadd
                0x10003e8a                __wrap___aeabi_ddiv
                0x10003ec6                __wrap___aeabi_dmul
 .text.__wrap___aeabi_cdcmple
                0x10003ee0       0x6c CMakeFiles/MPU6050_MotionAnalyzer.dir/C_/VSARM/sdk/pico/pico-sdk/src/rp2_common/pico_double/double_aeabi.S.obj
                0x10003ee0                __wrap___aeabi_cdrcmple
                0x10003ef0                __wrap___aeabi_cdcmpeq
                0x10003ef0                __wrap___aeabi_cdcmple
 .text.__wrap___aeabi_dcmpeq
                0x10003f4c       0x10 CMakeFiles/MPU6050_MotionAnalyzer.dir/C_/VSARM/sdk/pico/pico-sdk/src/rp2_common/pico_double/double_aeabi.S.obj
                0x10003f4c                __wrap___aeabi_dcmpeq
 .text.__wrap___aeabi_dcmplt
                0x10003f5c        0xc CMakeFiles/MPU6050_MotionAnalyzer.dir/C_/VSARM/sdk/pico/pico-sdk/src/rp2_common/pico_double/double_aeabi.S.obj
                0x10003f5c                __wrap___aeabi_dcmplt
 .text.__wrap___aeabi_dcmple
                0x10003f68       0x10 CMakeFiles/MPU6050_MotionAnalyzer.dir/C_/VSARM/sdk/pico/pico-sdk/src/rp2_common/pico_double/double_aeabi.S.obj
                0x10003f68                __wrap___aeabi_dcmple
 .text.__wrap___aeabi_dcmpge
                0x10003f78       0x10 CMakeFiles/MPU6050_MotionAnalyzer.dir/C_/VSARM/sdk/pico/pico-sdk/src/rp2_common/pico_double/double_aeabi.S.obj
                0x10003f78                __wrap___aeabi_dcmpge
 .text.__wrap___aeabi_dcmpgt
                0x10003f88        0xa CMakeFiles/MPU6050_MotionAnalyzer.dir/C_/VSARM/sdk/pico/pico-sdk/src/rp2_common/pico_double/double_aeabi.S.obj
                0x10003f88                __wrap___aeabi_dcmpgt
 .text.__wrap___aeabi_dcmpun
                0x10003f92       0x1c CMakeFiles/MPU6050_MotionAnalyzer.dir/C_/VSARM/sdk/pico/pico-sdk/src/rp2_common/pico_double/double_aeabi.S.obj
                0x10003f92                __wrap___aeabi_dcmpun
 *fill*         0x10003fae        0x2 
 .text.__wrap___aeabi_i2d
                0x10003fb0       0x38 CMakeFiles/MPU6050_MotionAnalyzer.dir/C_/VSARM/sdk/pico/pico-sdk/src/rp2_common/pico_double/double_aeabi.S.obj
                0x10003fb0                __wrap___aeabi_ui2d
                0x10003fb8                __wrap___aeabi_i2d
 .text.__wrap___aeabi_d2iz
                0x10003fe8       0x48 CMakeFiles/MPU6050_MotionAnalyzer.dir/C_/VSARM/sdk/pico/pico-sdk/src/rp2_common/pico_double/double_aeabi.S.obj
                0x10003fe8                double2int_z
                0x10003fe8                __wrap___aeabi_d2iz
 .text.__wrap___aeabi_d2uiz
                0x10004030       0x18 CMakeFiles/MPU6050_MotionAnalyzer.dir/C_/VSARM/sdk/pico/pico-sdk/src/rp2_common/pico_double/double_aeabi.S.obj
                0x10004030                __wrap___aeabi_d2uiz
                0x10004030                double2uint
 .text.__wrap___aeabi_d2f
                0x10004048       0x18 CMakeFiles/MPU6050_MotionAnalyzer.dir/C_/VSARM/sdk/pico/pico-sdk/src/rp2_common/pico_double/double_aeabi.S.obj
                0x10004048                __wrap___aeabi_d2f
 .text.__wrap_exp
                0x10004060       0x18 CMakeFiles/MPU6050_MotionAnalyzer.dir/C_/VSARM/sdk/pico/pico-sdk/src/rp2_common/pico_double/double_aeabi.S.obj
                0x10004060                __wrap_exp
 .text.__wrap_log
                0x10004078       0x18 CMakeFiles/MPU6050_MotionAnalyzer.dir/C_/VSARM/sdk/pico/pico-sdk/src/rp2_common/pico_double/double_aeabi.S.obj
                0x10004078                __wrap_log
 .text.__aeabi_double_init
                0x10004090       0xcc CMakeFiles/MPU6050_MotionAnalyzer.dir/C_/VSARM/sdk/pico/pico-sdk/src/rp2_common/pico_double/double_init_rom.c.obj
                0x10004090                __aeabi_double_init
 .text.dldexp   0x1000415c       0x50 CMakeFiles/MPU6050_MotionAnalyzer.dir/C_/VSARM/sdk/pico/pico-sdk/src/rp2_common/pico_double/double_math.c.obj
 .text.disint   0x100041ac       0x60 CMakeFiles/MPU6050_MotionAnalyzer.dir/C_/VSARM/sdk/pico/pico-sdk/src/rp2_common/pico_double/double_math.c.obj
 .text.disoddint
                0x1000420c       0x7c CMakeFiles/MPU6050_MotionAnalyzer.dir/C_/VSARM/sdk/pico/pico-sdk/src/rp2_common/pico_double/double_math.c.obj
 .text.dispo2   0x10004288       0x28 CMakeFiles/MPU6050_MotionAnalyzer.dir/C_/VSARM/sdk/pico/pico-sdk/src/rp2_common/pico_double/double_math.c.obj
 .text.dpow_int2
                0x100042b0       0x2c CMakeFiles/MPU6050_MotionAnalyzer.dir/C_/VSARM/sdk/pico/pico-sdk/src/rp2_common/pico_double/double_math.c.obj
 .text.dpowint_1
                0x100042dc       0x24 CMakeFiles/MPU6050_MotionAnalyzer.dir/C_/VSARM/sdk/pico/pico-sdk/src/rp2_common/pico_double/double_math.c.obj
 .text.dpow_1   0x10004300      0x1dc CMakeFiles/MPU6050_MotionAnalyzer.dir/C_/VSARM/sdk/pico/pico-sdk/src/rp2_common/pico_double/double_math.c.obj
 .text.dpow_0   0x100044dc       0xd8 CMakeFiles/MPU6050_MotionAnalyzer.dir/C_/VSARM/sdk/pico/pico-sdk/src/rp2_common/pico_double/double_math.c.obj
 .text.__wrap_ldexp
                0x100045b4        0x8 CMakeFiles/MPU6050_MotionAnalyzer.dir/C_/VSARM/sdk/pico/pico-sdk/src/rp2_common/pico_double/double_math.c.obj
                0x100045b4                __wrap_ldexp
 .text.__wrap_round
                0x100045bc       0x98 CMakeFiles/MPU6050_MotionAnalyzer.dir/C_/VSARM/sdk/pico/pico-sdk/src/rp2_common/pico_double/double_math.c.obj
                0x100045bc                __wrap_round
 .text.__wrap_exp2
                0x10004654       0x88 CMakeFiles/MPU6050_MotionAnalyzer.dir/C_/VSARM/sdk/pico/pico-sdk/src/rp2_common/pico_double/double_math.c.obj
                0x10004654                __wrap_exp2
 .text.__wrap_pow
                0x100046dc      0x168 CMakeFiles/MPU6050_MotionAnalyzer.dir/C_/VSARM/sdk/pico/pico-sdk/src/rp2_common/pico_double/double_math.c.obj
                0x100046dc                __wrap_pow
 .text.double_table_shim_on_use_helper
                0x10004844       0x34 CMakeFiles/MPU6050_MotionAnalyzer.dir/C_/VSARM/sdk/pico/pico-sdk/src/rp2_common/pico_double/double_v1_rom_shim.S.obj
                0x10004844                double_table_shim_on_use_helper
 .text.__wrap___aeabi_dsub
                0x10004878       0x10 CMakeFiles/MPU6050_MotionAnalyzer.dir/C_/VSARM/sdk/pico/pico-sdk/src/rp2_common/pico_double/double_v1_rom_shim.S.obj
                0x10004878                drsub_shim
                0x1000487e                dsub_shim
 .text.dadd_shim
                0x10004888      0x15c CMakeFiles/MPU6050_MotionAnalyzer.dir/C_/VSARM/sdk/pico/pico-sdk/src/rp2_common/pico_double/double_v1_rom_shim.S.obj
                0x10004888                dadd_shim
 .text.dmul_shim
                0x100049e4      0x15c CMakeFiles/MPU6050_MotionAnalyzer.dir/C_/VSARM/sdk/pico/pico-sdk/src/rp2_common/pico_double/double_v1_rom_shim.S.obj
                0x100049e4                dmul_shim
 .text.ddiv_shim
                0x10004b40      0x1b0 CMakeFiles/MPU6050_MotionAnalyzer.dir/C_/VSARM/sdk/pico/pico-sdk/src/rp2_common/pico_double/double_v1_rom_shim.S.obj
                0x10004b40                ddiv_shim
 .text.double2uint_shim
                0x10004cf0        0xe CMakeFiles/MPU6050_MotionAnalyzer.dir/C_/VSARM/sdk/pico/pico-sdk/src/rp2_common/pico_double/double_v1_rom_shim.S.obj
                0x10004cf0                double2uint_shim
                0x10004cf2                double2ufix_shim
 *fill*         0x10004cfe        0x2 
 .text.double2uint64_shim
                0x10004d00       0x70 CMakeFiles/MPU6050_MotionAnalyzer.dir/C_/VSARM/sdk/pico/pico-sdk/src/rp2_common/pico_double/double_v1_rom_shim.S.obj
                0x10004d00                double2uint64_shim
                0x10004d02                double2ufix64_shim
                0x10004d22                d2fix_a
 .text.double2float_shim
                0x10004d70       0x5c CMakeFiles/MPU6050_MotionAnalyzer.dir/C_/VSARM/sdk/pico/pico-sdk/src/rp2_common/pico_double/double_v1_rom_shim.S.obj
                0x10004d70                double2float_shim
 .text.x2double_shims
                0x10004dcc       0x90 CMakeFiles/MPU6050_MotionAnalyzer.dir/C_/VSARM/sdk/pico/pico-sdk/src/rp2_common/pico_double/double_v1_rom_shim.S.obj
                0x10004dcc                uint2double_shim
                0x10004dce                ufix2double_shim
                0x10004dd4                int2double_shim
                0x10004dd6                fix2double_shim
                0x10004ddc                uint642double_shim
                0x10004dde                ufix642double_shim
                0x10004de4                int642double_shim
                0x10004de6                fix642double_shim
 .text.dunpacks
                0x10004e5c       0x3c CMakeFiles/MPU6050_MotionAnalyzer.dir/C_/VSARM/sdk/pico/pico-sdk/src/rp2_common/pico_double/double_v1_rom_shim.S.obj
                0x10004e5c                dunpacks
 .text.dreduce  0x10004e98       0x82 CMakeFiles/MPU6050_MotionAnalyzer.dir/C_/VSARM/sdk/pico/pico-sdk/src/rp2_common/pico_double/double_v1_rom_shim.S.obj
                0x10004e98                dreduce
 *fill*         0x10004f1a        0x2 
 .text.dexp_guts
                0x10004f1c      0x268 CMakeFiles/MPU6050_MotionAnalyzer.dir/C_/VSARM/sdk/pico/pico-sdk/src/rp2_common/pico_double/double_v1_rom_shim.S.obj
                0x10004f1c                dexp_shim
                0x10004fb8                dln_shim
 .text.__aeabi_lmul
                0x10005184       0x32 CMakeFiles/MPU6050_MotionAnalyzer.dir/C_/VSARM/sdk/pico/pico-sdk/src/rp2_common/pico_int64_ops/pico_int64_ops_aeabi.S.obj
                0x10005184                __wrap___aeabi_lmul
 *fill*         0x100051b6        0x2 
 .text.__wrap___aeabi_farithmetic
                0x100051b8       0x58 CMakeFiles/MPU6050_MotionAnalyzer.dir/C_/VSARM/sdk/pico/pico-sdk/src/rp2_common/pico_float/float_aeabi.S.obj
                0x100051b8                __wrap___aeabi_frsub
                0x100051be                __wrap___aeabi_fsub
                0x100051c8                __wrap___aeabi_fadd
                0x100051d2                __wrap___aeabi_fdiv
                0x100051fe                __wrap___aeabi_fmul
 .text.__wrap___aeabi_i2f
                0x10005210       0x44 CMakeFiles/MPU6050_MotionAnalyzer.dir/C_/VSARM/sdk/pico/pico-sdk/src/rp2_common/pico_float/float_aeabi.S.obj
                0x10005210                __wrap___aeabi_i2f
 .text.__wrap___aeabi_f2d
                0x10005254       0x14 CMakeFiles/MPU6050_MotionAnalyzer.dir/C_/VSARM/sdk/pico/pico-sdk/src/rp2_common/pico_float/float_aeabi.S.obj
                0x10005254                __wrap___aeabi_f2d
 .text.__aeabi_float_init
                0x10005268       0xfc CMakeFiles/MPU6050_MotionAnalyzer.dir/C_/VSARM/sdk/pico/pico-sdk/src/rp2_common/pico_float/float_init_rom.c.obj
                0x10005268                __aeabi_float_init
 .text.float_table_shim_on_use_helper
                0x10005364       0x34 CMakeFiles/MPU6050_MotionAnalyzer.dir/C_/VSARM/sdk/pico/pico-sdk/src/rp2_common/pico_float/float_v1_rom_shim.S.obj
                0x10005364                float_table_shim_on_use_helper
 .text.float2double_shim
                0x10005398       0x30 CMakeFiles/MPU6050_MotionAnalyzer.dir/C_/VSARM/sdk/pico/pico-sdk/src/rp2_common/pico_float/float_v1_rom_shim.S.obj
                0x10005398                float2double_shim
 .text          0x100053c8       0x10 CMakeFiles/MPU6050_MotionAnalyzer.dir/C_/VSARM/sdk/pico/pico-sdk/src/rp2_common/pico_mem_ops/mem_ops_aeabi.S.obj
                0x100053c8                __aeabi_mem_init
 .text.memset   0x100053d8        0xc CMakeFiles/MPU6050_MotionAnalyzer.dir/C_/VSARM/sdk/pico/pico-sdk/src/rp2_common/pico_mem_ops/mem_ops_aeabi.S.obj
                0x100053d8                __wrap_memset
 .text.memcpy   0x100053e4        0xc CMakeFiles/MPU6050_MotionAnalyzer.dir/C_/VSARM/sdk/pico/pico-sdk/src/rp2_common/pico_mem_ops/mem_ops_aeabi.S.obj
                0x100053e4                __wrap_memcpy
                0x100053e4                __wrap___aeabi_memcpy
 .text.stdio_out_chars_no_crlf
                0x100053f0        0xe CMakeFiles/MPU6050_MotionAnalyzer.dir/C_/VSARM/sdk/pico/pico-sdk/src/rp2_common/pico_stdio/stdio.c.obj
 *fill*         0x100053fe        0x2 
 .text.stdio_out_chars_crlf
                0x10005400       0x80 CMakeFiles/MPU6050_MotionAnalyzer.dir/C_/VSARM/sdk/pico/pico-sdk/src/rp2_common/pico_stdio/stdio.c.obj
 .text.stdio_stack_buffer_flush
                0x10005480       0x44 CMakeFiles/MPU6050_MotionAnalyzer.dir/C_/VSARM/sdk/pico/pico-sdk/src/rp2_common/pico_stdio/stdio.c.obj
 .text.stdio_buffered_printer
                0x100054c4       0x20 CMakeFiles/MPU6050_MotionAnalyzer.dir/C_/VSARM/sdk/pico/pico-sdk/src/rp2_common/pico_stdio/stdio.c.obj
 .text.update_us_since_boot
                0x100054e4       0x24 CMakeFiles/MPU6050_MotionAnalyzer.dir/C_/VSARM/sdk/pico/pico-sdk/src/rp2_common/pico_stdio/stdio.c.obj
 .text.get_absolute_time
                0x10005508       0x22 CMakeFiles/MPU6050_MotionAnalyzer.dir/C_/VSARM/sdk/pico/pico-sdk/src/rp2_common/pico_stdio/stdio.c.obj
 *fill*         0x1000552a        0x2 
 .text.delayed_by_ms
                0x1000552c       0x44 CMakeFiles/MPU6050_MotionAnalyzer.dir/C_/VSARM/sdk/pico/pico-sdk/src/rp2_common/pico_stdio/stdio.c.obj
 .text.make_timeout_time_ms
                0x10005570       0x20 CMakeFiles/MPU6050_MotionAnalyzer.dir/C_/VSARM/sdk/pico/pico-sdk/src/rp2_common/pico_stdio/stdio.c.obj
 .text.stdout_serialize_begin
                0x10005590       0x20 CMakeFiles/MPU6050_MotionAnalyzer.dir/C_/VSARM/sdk/pico/pico-sdk/src/rp2_common/pico_stdio/stdio.c.obj
                0x10005590                stdout_serialize_begin
 .text.stdout_serialize_end
                0x100055b0       0x10 CMakeFiles/MPU6050_MotionAnalyzer.dir/C_/VSARM/sdk/pico/pico-sdk/src/rp2_common/pico_stdio/stdio.c.obj
                0x100055b0                stdout_serialize_end
 .text.stdio_put_string
                0x100055c0       0x98 CMakeFiles/MPU6050_MotionAnalyzer.dir/C_/VSARM/sdk/pico/pico-sdk/src/rp2_common/pico_stdio/stdio.c.obj
 .text.stdio_set_driver_enabled
                0x10005658       0x2c CMakeFiles/MPU6050_MotionAnalyzer.dir/C_/VSARM/sdk/pico/pico-sdk/src/rp2_common/pico_stdio/stdio.c.obj
                0x10005658                stdio_set_driver_enabled
 .text.stdio_flush
                0x10005684       0x20 CMakeFiles/MPU6050_MotionAnalyzer.dir/C_/VSARM/sdk/pico/pico-sdk/src/rp2_common/pico_stdio/stdio.c.obj
                0x10005684                stdio_flush
 .text.__wrap_puts
                0x100056a4       0x1e CMakeFiles/MPU6050_MotionAnalyzer.dir/C_/VSARM/sdk/pico/pico-sdk/src/rp2_common/pico_stdio/stdio.c.obj
                0x100056a4                __wrap_puts
 *fill*         0x100056c2        0x2 
 .text.__wrap_vprintf
                0x100056c4       0x40 CMakeFiles/MPU6050_MotionAnalyzer.dir/C_/VSARM/sdk/pico/pico-sdk/src/rp2_common/pico_stdio/stdio.c.obj
                0x100056c4                __wrap_vprintf
 .text.__wrap_printf
                0x10005704       0x18 CMakeFiles/MPU6050_MotionAnalyzer.dir/C_/VSARM/sdk/pico/pico-sdk/src/rp2_common/pico_stdio/stdio.c.obj
                0x10005704                __wrap_printf
 .text.stdio_init_all
                0x1000571c        0x8 CMakeFiles/MPU6050_MotionAnalyzer.dir/C_/VSARM/sdk/pico/pico-sdk/src/rp2_common/pico_stdio/stdio.c.obj
                0x1000571c                stdio_init_all
 .text.resetd_init
                0x10005724        0x2 CMakeFiles/MPU6050_MotionAnalyzer.dir/C_/VSARM/sdk/pico/pico-sdk/src/rp2_common/pico_stdio_usb/reset_interface.c.obj
 *fill*         0x10005726        0x2 
 .text.resetd_reset
                0x10005728        0xc CMakeFiles/MPU6050_MotionAnalyzer.dir/C_/VSARM/sdk/pico/pico-sdk/src/rp2_common/pico_stdio_usb/reset_interface.c.obj
 .text.resetd_open
                0x10005734       0x34 CMakeFiles/MPU6050_MotionAnalyzer.dir/C_/VSARM/sdk/pico/pico-sdk/src/rp2_common/pico_stdio_usb/reset_interface.c.obj
 .text.resetd_xfer_cb
                0x10005768        0x4 CMakeFiles/MPU6050_MotionAnalyzer.dir/C_/VSARM/sdk/pico/pico-sdk/src/rp2_common/pico_stdio_usb/reset_interface.c.obj
 .text.reset_usb_boot
                0x1000576c       0x18 CMakeFiles/MPU6050_MotionAnalyzer.dir/C_/VSARM/sdk/pico/pico-sdk/src/rp2_common/pico_stdio_usb/reset_interface.c.obj
 .text.resetd_control_xfer_cb
                0x10005784       0x5c CMakeFiles/MPU6050_MotionAnalyzer.dir/C_/VSARM/sdk/pico/pico-sdk/src/rp2_common/pico_stdio_usb/reset_interface.c.obj
 .text.usbd_app_driver_get_cb
                0x100057e0        0xc CMakeFiles/MPU6050_MotionAnalyzer.dir/C_/VSARM/sdk/pico/pico-sdk/src/rp2_common/pico_stdio_usb/reset_interface.c.obj
                0x100057e0                usbd_app_driver_get_cb
 .text.tud_cdc_line_coding_cb
                0x100057ec       0x28 CMakeFiles/MPU6050_MotionAnalyzer.dir/C_/VSARM/sdk/pico/pico-sdk/src/rp2_common/pico_stdio_usb/reset_interface.c.obj
                0x100057ec                tud_cdc_line_coding_cb
 .text.stdio_usb_set_chars_available_callback
                0x10005814       0x14 CMakeFiles/MPU6050_MotionAnalyzer.dir/C_/VSARM/sdk/pico/pico-sdk/src/rp2_common/pico_stdio_usb/stdio_usb.c.obj
                0x10005814                stdio_usb_set_chars_available_callback
 .text.update_us_since_boot
                0x10005828       0x24 CMakeFiles/MPU6050_MotionAnalyzer.dir/C_/VSARM/sdk/pico/pico-sdk/src/rp2_common/pico_stdio_usb/stdio_usb.c.obj
 .text.get_absolute_time
                0x1000584c       0x22 CMakeFiles/MPU6050_MotionAnalyzer.dir/C_/VSARM/sdk/pico/pico-sdk/src/rp2_common/pico_stdio_usb/stdio_usb.c.obj
 *fill*         0x1000586e        0x2 
 .text.delayed_by_ms
                0x10005870       0x44 CMakeFiles/MPU6050_MotionAnalyzer.dir/C_/VSARM/sdk/pico/pico-sdk/src/rp2_common/pico_stdio_usb/stdio_usb.c.obj
 .text.make_timeout_time_ms
                0x100058b4       0x20 CMakeFiles/MPU6050_MotionAnalyzer.dir/C_/VSARM/sdk/pico/pico-sdk/src/rp2_common/pico_stdio_usb/stdio_usb.c.obj
 .text.delayed_by_us
                0x100058d4       0x34 CMakeFiles/MPU6050_MotionAnalyzer.dir/C_/VSARM/sdk/pico/pico-sdk/src/rp2_common/pico_stdio_usb/stdio_usb.c.obj
 .text.usb_irq  0x10005908       0x10 CMakeFiles/MPU6050_MotionAnalyzer.dir/C_/VSARM/sdk/pico/pico-sdk/src/rp2_common/pico_stdio_usb/stdio_usb.c.obj
 .text.critical_section_enter_blocking
                0x10005918       0x16 CMakeFiles/MPU6050_MotionAnalyzer.dir/C_/VSARM/sdk/pico/pico-sdk/src/rp2_common/pico_stdio_usb/stdio_usb.c.obj
 *fill*         0x1000592e        0x2 
 .text.timer_task
                0x10005930       0x4c CMakeFiles/MPU6050_MotionAnalyzer.dir/C_/VSARM/sdk/pico/pico-sdk/src/rp2_common/pico_stdio_usb/stdio_usb.c.obj
 .text.alarm_pool_add_alarm_in_us
                0x1000597c       0x3a CMakeFiles/MPU6050_MotionAnalyzer.dir/C_/VSARM/sdk/pico/pico-sdk/src/rp2_common/pico_stdio_usb/stdio_usb.c.obj
 .text.add_alarm_in_us
                0x100059b6       0x2e CMakeFiles/MPU6050_MotionAnalyzer.dir/C_/VSARM/sdk/pico/pico-sdk/src/rp2_common/pico_stdio_usb/stdio_usb.c.obj
 .text.low_priority_worker_irq
                0x100059e4       0x7c CMakeFiles/MPU6050_MotionAnalyzer.dir/C_/VSARM/sdk/pico/pico-sdk/src/rp2_common/pico_stdio_usb/stdio_usb.c.obj
 .text.tud_cdc_rx_cb
                0x10005a60       0x20 CMakeFiles/MPU6050_MotionAnalyzer.dir/C_/VSARM/sdk/pico/pico-sdk/src/rp2_common/pico_stdio_usb/stdio_usb.c.obj
                0x10005a60                tud_cdc_rx_cb
 .text.stdio_usb_init
                0x10005a80       0xd0 CMakeFiles/MPU6050_MotionAnalyzer.dir/C_/VSARM/sdk/pico/pico-sdk/src/rp2_common/pico_stdio_usb/stdio_usb.c.obj
                0x10005a80                stdio_usb_init
 .text.stdio_usb_connected
                0x10005b50        0xa CMakeFiles/MPU6050_MotionAnalyzer.dir/C_/VSARM/sdk/pico/pico-sdk/src/rp2_common/pico_stdio_usb/stdio_usb.c.obj
                0x10005b50                stdio_usb_connected
 *fill*         0x10005b5a        0x2 
 .text.stdio_usb_in_chars
                0x10005b5c       0x88 CMakeFiles/MPU6050_MotionAnalyzer.dir/C_/VSARM/sdk/pico/pico-sdk/src/rp2_common/pico_stdio_usb/stdio_usb.c.obj
                0x10005b5c                stdio_usb_in_chars
 .text.stdio_usb_out_chars
                0x10005be4       0xd8 CMakeFiles/MPU6050_MotionAnalyzer.dir/C_/VSARM/sdk/pico/pico-sdk/src/rp2_common/pico_stdio_usb/stdio_usb.c.obj
 .text.tud_descriptor_device_cb
                0x10005cbc        0x8 CMakeFiles/MPU6050_MotionAnalyzer.dir/C_/VSARM/sdk/pico/pico-sdk/src/rp2_common/pico_stdio_usb/stdio_usb_descriptors.c.obj
                0x10005cbc                tud_descriptor_device_cb
 .text.tud_descriptor_configuration_cb
                0x10005cc4        0x8 CMakeFiles/MPU6050_MotionAnalyzer.dir/C_/VSARM/sdk/pico/pico-sdk/src/rp2_common/pico_stdio_usb/stdio_usb_descriptors.c.obj
                0x10005cc4                tud_descriptor_configuration_cb
 .text.tud_descriptor_string_cb
                0x10005ccc       0x6c CMakeFiles/MPU6050_MotionAnalyzer.dir/C_/VSARM/sdk/pico/pico-sdk/src/rp2_common/pico_stdio_usb/stdio_usb_descriptors.c.obj
                0x10005ccc                tud_descriptor_string_cb
 .text._retrieve_unique_id_on_boot
                0x10005d38       0x10 CMakeFiles/MPU6050_MotionAnalyzer.dir/C_/VSARM/sdk/pico/pico-sdk/src/rp2_common/pico_unique_id/unique_id.c.obj
 .text.pico_get_unique_board_id_string
                0x10005d48       0x5c CMakeFiles/MPU6050_MotionAnalyzer.dir/C_/VSARM/sdk/pico/pico-sdk/src/rp2_common/pico_unique_id/unique_id.c.obj
                0x10005d48                pico_get_unique_board_id_string
 .text.flash_get_unique_id
                0x10005da4       0x46 CMakeFiles/MPU6050_MotionAnalyzer.dir/C_/VSARM/sdk/pico/pico-sdk/src/rp2_common/hardware_flash/flash.c.obj
                0x10005da4                flash_get_unique_id
 *fill*         0x10005dea        0x2 
 .text.hw_endpoint_get_by_addr
                0x10005dec       0x18 CMakeFiles/MPU6050_MotionAnalyzer.dir/C_/VSARM/sdk/pico/pico-sdk/lib/tinyusb/src/portable/raspberrypi/rp2040/dcd_rp2040.c.obj
 .text._hw_endpoint_alloc
                0x10005e04       0x70 CMakeFiles/MPU6050_MotionAnalyzer.dir/C_/VSARM/sdk/pico/pico-sdk/lib/tinyusb/src/portable/raspberrypi/rp2040/dcd_rp2040.c.obj
 .text.hw_endpoint_init
                0x10005e74       0x88 CMakeFiles/MPU6050_MotionAnalyzer.dir/C_/VSARM/sdk/pico/pico-sdk/lib/tinyusb/src/portable/raspberrypi/rp2040/dcd_rp2040.c.obj
 .text.dcd_event_sof
                0x10005efc       0x2c CMakeFiles/MPU6050_MotionAnalyzer.dir/C_/VSARM/sdk/pico/pico-sdk/lib/tinyusb/src/portable/raspberrypi/rp2040/dcd_rp2040.c.obj
 .text.hw_endpoint_xfer
                0x10005f28       0x14 CMakeFiles/MPU6050_MotionAnalyzer.dir/C_/VSARM/sdk/pico/pico-sdk/lib/tinyusb/src/portable/raspberrypi/rp2040/dcd_rp2040.c.obj
 .text.dcd_int_enable
                0x10005f3c       0x2c CMakeFiles/MPU6050_MotionAnalyzer.dir/C_/VSARM/sdk/pico/pico-sdk/lib/tinyusb/src/portable/raspberrypi/rp2040/dcd_rp2040.c.obj
                0x10005f3c                dcd_int_enable
 .text.dcd_set_address
                0x10005f68       0x2c CMakeFiles/MPU6050_MotionAnalyzer.dir/C_/VSARM/sdk/pico/pico-sdk/lib/tinyusb/src/portable/raspberrypi/rp2040/dcd_rp2040.c.obj
                0x10005f68                dcd_set_address
 .text.dcd_connect
                0x10005f94       0x10 CMakeFiles/MPU6050_MotionAnalyzer.dir/C_/VSARM/sdk/pico/pico-sdk/lib/tinyusb/src/portable/raspberrypi/rp2040/dcd_rp2040.c.obj
                0x10005f94                dcd_connect
 .text.dcd_init
                0x10005fa4       0x80 CMakeFiles/MPU6050_MotionAnalyzer.dir/C_/VSARM/sdk/pico/pico-sdk/lib/tinyusb/src/portable/raspberrypi/rp2040/dcd_rp2040.c.obj
                0x10005fa4                dcd_init
 .text.dcd_edpt0_status_complete
                0x10006024       0x1c CMakeFiles/MPU6050_MotionAnalyzer.dir/C_/VSARM/sdk/pico/pico-sdk/lib/tinyusb/src/portable/raspberrypi/rp2040/dcd_rp2040.c.obj
                0x10006024                dcd_edpt0_status_complete
 .text.dcd_edpt_open
                0x10006040       0x40 CMakeFiles/MPU6050_MotionAnalyzer.dir/C_/VSARM/sdk/pico/pico-sdk/lib/tinyusb/src/portable/raspberrypi/rp2040/dcd_rp2040.c.obj
                0x10006040                dcd_edpt_open
 .text.dcd_edpt_close_all
                0x10006080        0x8 CMakeFiles/MPU6050_MotionAnalyzer.dir/C_/VSARM/sdk/pico/pico-sdk/lib/tinyusb/src/portable/raspberrypi/rp2040/dcd_rp2040.c.obj
                0x10006080                dcd_edpt_close_all
 .text.dcd_edpt_xfer
                0x10006088       0x34 CMakeFiles/MPU6050_MotionAnalyzer.dir/C_/VSARM/sdk/pico/pico-sdk/lib/tinyusb/src/portable/raspberrypi/rp2040/dcd_rp2040.c.obj
                0x10006088                dcd_edpt_xfer
 .text.dcd_edpt_stall
                0x100060bc       0x2c CMakeFiles/MPU6050_MotionAnalyzer.dir/C_/VSARM/sdk/pico/pico-sdk/lib/tinyusb/src/portable/raspberrypi/rp2040/dcd_rp2040.c.obj
                0x100060bc                dcd_edpt_stall
 .text.dcd_edpt_clear_stall
                0x100060e8       0x20 CMakeFiles/MPU6050_MotionAnalyzer.dir/C_/VSARM/sdk/pico/pico-sdk/lib/tinyusb/src/portable/raspberrypi/rp2040/dcd_rp2040.c.obj
                0x100060e8                dcd_edpt_clear_stall
 .text.rp2040_usb_init
                0x10006108       0x4c CMakeFiles/MPU6050_MotionAnalyzer.dir/C_/VSARM/sdk/pico/pico-sdk/lib/tinyusb/src/portable/raspberrypi/rp2040/rp2040_usb.c.obj
                0x10006108                rp2040_usb_init
 .text.hw_endpoint_xfer_start
                0x10006154       0x50 CMakeFiles/MPU6050_MotionAnalyzer.dir/C_/VSARM/sdk/pico/pico-sdk/lib/tinyusb/src/portable/raspberrypi/rp2040/rp2040_usb.c.obj
                0x10006154                hw_endpoint_xfer_start
 .text.configuration_reset
                0x100061a4       0x84 CMakeFiles/MPU6050_MotionAnalyzer.dir/C_/VSARM/sdk/pico/pico-sdk/lib/tinyusb/src/device/usbd.c.obj
 .text.critical_section_enter_blocking
                0x10006228       0x16 CMakeFiles/MPU6050_MotionAnalyzer.dir/C_/VSARM/sdk/pico/pico-sdk/lib/tinyusb/src/device/usbd.c.obj
 .text.usbd_reset
                0x1000623e        0xc CMakeFiles/MPU6050_MotionAnalyzer.dir/C_/VSARM/sdk/pico/pico-sdk/lib/tinyusb/src/device/usbd.c.obj
 .text.invoke_class_control
                0x1000624a       0x1a CMakeFiles/MPU6050_MotionAnalyzer.dir/C_/VSARM/sdk/pico/pico-sdk/lib/tinyusb/src/device/usbd.c.obj
 .text.process_set_config
                0x10006264      0x178 CMakeFiles/MPU6050_MotionAnalyzer.dir/C_/VSARM/sdk/pico/pico-sdk/lib/tinyusb/src/device/usbd.c.obj
 .text.process_get_descriptor
                0x100063dc       0xdc CMakeFiles/MPU6050_MotionAnalyzer.dir/C_/VSARM/sdk/pico/pico-sdk/lib/tinyusb/src/device/usbd.c.obj
 .text.tud_mounted
                0x100064b8       0x10 CMakeFiles/MPU6050_MotionAnalyzer.dir/C_/VSARM/sdk/pico/pico-sdk/lib/tinyusb/src/device/usbd.c.obj
                0x100064b8                tud_mounted
 .text.tud_suspended
                0x100064c8       0x10 CMakeFiles/MPU6050_MotionAnalyzer.dir/C_/VSARM/sdk/pico/pico-sdk/lib/tinyusb/src/device/usbd.c.obj
                0x100064c8                tud_suspended
 .text.tud_inited
                0x100064d8       0x14 CMakeFiles/MPU6050_MotionAnalyzer.dir/C_/VSARM/sdk/pico/pico-sdk/lib/tinyusb/src/device/usbd.c.obj
                0x100064d8                tud_inited
 .text.tud_init
                0x100064ec       0xcc CMakeFiles/MPU6050_MotionAnalyzer.dir/C_/VSARM/sdk/pico/pico-sdk/lib/tinyusb/src/device/usbd.c.obj
                0x100064ec                tud_init
 .text.usbd_defer_func
                0x100065b8       0x2a CMakeFiles/MPU6050_MotionAnalyzer.dir/C_/VSARM/sdk/pico/pico-sdk/lib/tinyusb/src/device/usbd.c.obj
                0x100065b8                usbd_defer_func
 *fill*         0x100065e2        0x2 
 .text.usbd_edpt_open
                0x100065e4       0x34 CMakeFiles/MPU6050_MotionAnalyzer.dir/C_/VSARM/sdk/pico/pico-sdk/lib/tinyusb/src/device/usbd.c.obj
                0x100065e4                usbd_edpt_open
 .text.usbd_open_edpt_pair
                0x10006618       0x62 CMakeFiles/MPU6050_MotionAnalyzer.dir/C_/VSARM/sdk/pico/pico-sdk/lib/tinyusb/src/device/usbd.c.obj
                0x10006618                usbd_open_edpt_pair
 *fill*         0x1000667a        0x2 
 .text.usbd_edpt_claim
                0x1000667c       0x28 CMakeFiles/MPU6050_MotionAnalyzer.dir/C_/VSARM/sdk/pico/pico-sdk/lib/tinyusb/src/device/usbd.c.obj
                0x1000667c                usbd_edpt_claim
 .text.usbd_edpt_release
                0x100066a4       0x28 CMakeFiles/MPU6050_MotionAnalyzer.dir/C_/VSARM/sdk/pico/pico-sdk/lib/tinyusb/src/device/usbd.c.obj
                0x100066a4                usbd_edpt_release
 .text.usbd_edpt_xfer
                0x100066cc       0x78 CMakeFiles/MPU6050_MotionAnalyzer.dir/C_/VSARM/sdk/pico/pico-sdk/lib/tinyusb/src/device/usbd.c.obj
                0x100066cc                usbd_edpt_xfer
 .text.usbd_edpt_stall
                0x10006744       0x48 CMakeFiles/MPU6050_MotionAnalyzer.dir/C_/VSARM/sdk/pico/pico-sdk/lib/tinyusb/src/device/usbd.c.obj
                0x10006744                usbd_edpt_stall
 .text.usbd_edpt_clear_stall
                0x1000678c       0x48 CMakeFiles/MPU6050_MotionAnalyzer.dir/C_/VSARM/sdk/pico/pico-sdk/lib/tinyusb/src/device/usbd.c.obj
                0x1000678c                usbd_edpt_clear_stall
 .text.usbd_edpt_stalled
                0x100067d4       0x1c CMakeFiles/MPU6050_MotionAnalyzer.dir/C_/VSARM/sdk/pico/pico-sdk/lib/tinyusb/src/device/usbd.c.obj
                0x100067d4                usbd_edpt_stalled
 .text.process_control_request
                0x100067f0      0x374 CMakeFiles/MPU6050_MotionAnalyzer.dir/C_/VSARM/sdk/pico/pico-sdk/lib/tinyusb/src/device/usbd.c.obj
 .text.tud_task_ext
                0x10006b64      0x1a8 CMakeFiles/MPU6050_MotionAnalyzer.dir/C_/VSARM/sdk/pico/pico-sdk/lib/tinyusb/src/device/usbd.c.obj
                0x10006b64                tud_task_ext
 .text._status_stage_xact
                0x10006d0c       0x1a CMakeFiles/MPU6050_MotionAnalyzer.dir/C_/VSARM/sdk/pico/pico-sdk/lib/tinyusb/src/device/usbd_control.c.obj
 *fill*         0x10006d26        0x2 
 .text._data_stage_xact
                0x10006d28       0x58 CMakeFiles/MPU6050_MotionAnalyzer.dir/C_/VSARM/sdk/pico/pico-sdk/lib/tinyusb/src/device/usbd_control.c.obj
 .text.tud_control_status
                0x10006d80       0x28 CMakeFiles/MPU6050_MotionAnalyzer.dir/C_/VSARM/sdk/pico/pico-sdk/lib/tinyusb/src/device/usbd_control.c.obj
                0x10006d80                tud_control_status
 .text.tud_control_xfer
                0x10006da8       0x68 CMakeFiles/MPU6050_MotionAnalyzer.dir/C_/VSARM/sdk/pico/pico-sdk/lib/tinyusb/src/device/usbd_control.c.obj
                0x10006da8                tud_control_xfer
 .text.usbd_control_reset
                0x10006e10       0x14 CMakeFiles/MPU6050_MotionAnalyzer.dir/C_/VSARM/sdk/pico/pico-sdk/lib/tinyusb/src/device/usbd_control.c.obj
                0x10006e10                usbd_control_reset
 .text.usbd_control_set_complete_callback
                0x10006e24        0xc CMakeFiles/MPU6050_MotionAnalyzer.dir/C_/VSARM/sdk/pico/pico-sdk/lib/tinyusb/src/device/usbd_control.c.obj
                0x10006e24                usbd_control_set_complete_callback
 .text.usbd_control_set_request
                0x10006e30       0x1c CMakeFiles/MPU6050_MotionAnalyzer.dir/C_/VSARM/sdk/pico/pico-sdk/lib/tinyusb/src/device/usbd_control.c.obj
                0x10006e30                usbd_control_set_request
 .text.usbd_control_xfer_cb
                0x10006e4c       0xbc CMakeFiles/MPU6050_MotionAnalyzer.dir/C_/VSARM/sdk/pico/pico-sdk/lib/tinyusb/src/device/usbd_control.c.obj
                0x10006e4c                usbd_control_xfer_cb
 .text._prep_out_transaction
                0x10006f08       0x4a CMakeFiles/MPU6050_MotionAnalyzer.dir/C_/VSARM/sdk/pico/pico-sdk/lib/tinyusb/src/class/cdc/cdc_device.c.obj
 *fill*         0x10006f52        0x2 
 .text.tud_cdc_n_connected
                0x10006f54       0x38 CMakeFiles/MPU6050_MotionAnalyzer.dir/C_/VSARM/sdk/pico/pico-sdk/lib/tinyusb/src/class/cdc/cdc_device.c.obj
                0x10006f54                tud_cdc_n_connected
 .text.tud_cdc_n_available
                0x10006f8c       0x18 CMakeFiles/MPU6050_MotionAnalyzer.dir/C_/VSARM/sdk/pico/pico-sdk/lib/tinyusb/src/class/cdc/cdc_device.c.obj
                0x10006f8c                tud_cdc_n_available
 .text.tud_cdc_n_read
                0x10006fa4       0x28 CMakeFiles/MPU6050_MotionAnalyzer.dir/C_/VSARM/sdk/pico/pico-sdk/lib/tinyusb/src/class/cdc/cdc_device.c.obj
                0x10006fa4                tud_cdc_n_read
 .text.tud_cdc_n_write_flush
                0x10006fcc       0xb8 CMakeFiles/MPU6050_MotionAnalyzer.dir/C_/VSARM/sdk/pico/pico-sdk/lib/tinyusb/src/class/cdc/cdc_device.c.obj
                0x10006fcc                tud_cdc_n_write_flush
 .text.tud_cdc_n_write
                0x10007084       0x38 CMakeFiles/MPU6050_MotionAnalyzer.dir/C_/VSARM/sdk/pico/pico-sdk/lib/tinyusb/src/class/cdc/cdc_device.c.obj
                0x10007084                tud_cdc_n_write
 .text.tud_cdc_n_write_available
                0x100070bc       0x1c CMakeFiles/MPU6050_MotionAnalyzer.dir/C_/VSARM/sdk/pico/pico-sdk/lib/tinyusb/src/class/cdc/cdc_device.c.obj
                0x100070bc                tud_cdc_n_write_available
 .text.cdcd_init
                0x100070d8       0xbc CMakeFiles/MPU6050_MotionAnalyzer.dir/C_/VSARM/sdk/pico/pico-sdk/lib/tinyusb/src/class/cdc/cdc_device.c.obj
                0x100070d8                cdcd_init
 .text.cdcd_reset
                0x10007194       0x44 CMakeFiles/MPU6050_MotionAnalyzer.dir/C_/VSARM/sdk/pico/pico-sdk/lib/tinyusb/src/class/cdc/cdc_device.c.obj
                0x10007194                cdcd_reset
 .text.cdcd_open
                0x100071d8       0xc4 CMakeFiles/MPU6050_MotionAnalyzer.dir/C_/VSARM/sdk/pico/pico-sdk/lib/tinyusb/src/class/cdc/cdc_device.c.obj
                0x100071d8                cdcd_open
 .text.cdcd_control_xfer_cb
                0x1000729c      0x134 CMakeFiles/MPU6050_MotionAnalyzer.dir/C_/VSARM/sdk/pico/pico-sdk/lib/tinyusb/src/class/cdc/cdc_device.c.obj
                0x1000729c                cdcd_control_xfer_cb
 .text.cdcd_xfer_cb
                0x100073d0      0x130 CMakeFiles/MPU6050_MotionAnalyzer.dir/C_/VSARM/sdk/pico/pico-sdk/lib/tinyusb/src/class/cdc/cdc_device.c.obj
                0x100073d0                cdcd_xfer_cb
 .text.tusb_init
                0x10007500        0xa CMakeFiles/MPU6050_MotionAnalyzer.dir/C_/VSARM/sdk/pico/pico-sdk/lib/tinyusb/src/tusb.c.obj
                0x10007500                tusb_init
 .text.tusb_inited
                0x1000750a        0xe CMakeFiles/MPU6050_MotionAnalyzer.dir/C_/VSARM/sdk/pico/pico-sdk/lib/tinyusb/src/tusb.c.obj
                0x1000750a                tusb_inited
 .text.tu_edpt_claim
                0x10007518       0x50 CMakeFiles/MPU6050_MotionAnalyzer.dir/C_/VSARM/sdk/pico/pico-sdk/lib/tinyusb/src/tusb.c.obj
                0x10007518                tu_edpt_claim
 .text.tu_edpt_release
                0x10007568       0x38 CMakeFiles/MPU6050_MotionAnalyzer.dir/C_/VSARM/sdk/pico/pico-sdk/lib/tinyusb/src/tusb.c.obj
                0x10007568                tu_edpt_release
 .text.tu_edpt_validate
                0x100075a0       0x78 CMakeFiles/MPU6050_MotionAnalyzer.dir/C_/VSARM/sdk/pico/pico-sdk/lib/tinyusb/src/tusb.c.obj
                0x100075a0                tu_edpt_validate
 .text.tu_edpt_bind_driver
                0x10007618       0x26 CMakeFiles/MPU6050_MotionAnalyzer.dir/C_/VSARM/sdk/pico/pico-sdk/lib/tinyusb/src/tusb.c.obj
                0x10007618                tu_edpt_bind_driver
 .text.advance_index
                0x1000763e       0x1a CMakeFiles/MPU6050_MotionAnalyzer.dir/C_/VSARM/sdk/pico/pico-sdk/lib/tinyusb/src/common/tusb_fifo.c.obj
 .text._tu_fifo_peek
                0x10007658       0x56 CMakeFiles/MPU6050_MotionAnalyzer.dir/C_/VSARM/sdk/pico/pico-sdk/lib/tinyusb/src/common/tusb_fifo.c.obj
 .text._ff_pull_const_addr
                0x100076ae       0x4c CMakeFiles/MPU6050_MotionAnalyzer.dir/C_/VSARM/sdk/pico/pico-sdk/lib/tinyusb/src/common/tusb_fifo.c.obj
 .text._ff_pull_n
                0x100076fa      0x110 CMakeFiles/MPU6050_MotionAnalyzer.dir/C_/VSARM/sdk/pico/pico-sdk/lib/tinyusb/src/common/tusb_fifo.c.obj
 .text._tu_fifo_peek_n
                0x1000780a       0x6a CMakeFiles/MPU6050_MotionAnalyzer.dir/C_/VSARM/sdk/pico/pico-sdk/lib/tinyusb/src/common/tusb_fifo.c.obj
 .text._tu_fifo_read_n
                0x10007874       0x4e CMakeFiles/MPU6050_MotionAnalyzer.dir/C_/VSARM/sdk/pico/pico-sdk/lib/tinyusb/src/common/tusb_fifo.c.obj
 .text._ff_push_const_addr
                0x100078c2       0x40 CMakeFiles/MPU6050_MotionAnalyzer.dir/C_/VSARM/sdk/pico/pico-sdk/lib/tinyusb/src/common/tusb_fifo.c.obj
 .text._ff_push_n
                0x10007902      0x10c CMakeFiles/MPU6050_MotionAnalyzer.dir/C_/VSARM/sdk/pico/pico-sdk/lib/tinyusb/src/common/tusb_fifo.c.obj
 .text._tu_fifo_write_n
                0x10007a0e       0xf0 CMakeFiles/MPU6050_MotionAnalyzer.dir/C_/VSARM/sdk/pico/pico-sdk/lib/tinyusb/src/common/tusb_fifo.c.obj
 .text.tu_fifo_config
                0x10007afe       0x7c CMakeFiles/MPU6050_MotionAnalyzer.dir/C_/VSARM/sdk/pico/pico-sdk/lib/tinyusb/src/common/tusb_fifo.c.obj
                0x10007afe                tu_fifo_config
 .text.tu_fifo_count
                0x10007b7a       0x2a CMakeFiles/MPU6050_MotionAnalyzer.dir/C_/VSARM/sdk/pico/pico-sdk/lib/tinyusb/src/common/tusb_fifo.c.obj
                0x10007b7a                tu_fifo_count
 .text.tu_fifo_empty
                0x10007ba4        0xe CMakeFiles/MPU6050_MotionAnalyzer.dir/C_/VSARM/sdk/pico/pico-sdk/lib/tinyusb/src/common/tusb_fifo.c.obj
                0x10007ba4                tu_fifo_empty
 .text.tu_fifo_full
                0x10007bb2       0x28 CMakeFiles/MPU6050_MotionAnalyzer.dir/C_/VSARM/sdk/pico/pico-sdk/lib/tinyusb/src/common/tusb_fifo.c.obj
                0x10007bb2                tu_fifo_full
 .text.tu_fifo_remaining
                0x10007bda       0x2c CMakeFiles/MPU6050_MotionAnalyzer.dir/C_/VSARM/sdk/pico/pico-sdk/lib/tinyusb/src/common/tusb_fifo.c.obj
                0x10007bda                tu_fifo_remaining
 .text.tu_fifo_read
                0x10007c06       0x42 CMakeFiles/MPU6050_MotionAnalyzer.dir/C_/VSARM/sdk/pico/pico-sdk/lib/tinyusb/src/common/tusb_fifo.c.obj
                0x10007c06                tu_fifo_read
 .text.tu_fifo_read_n
                0x10007c48        0xa CMakeFiles/MPU6050_MotionAnalyzer.dir/C_/VSARM/sdk/pico/pico-sdk/lib/tinyusb/src/common/tusb_fifo.c.obj
                0x10007c48                tu_fifo_read_n
 .text.tu_fifo_write
                0x10007c52       0x64 CMakeFiles/MPU6050_MotionAnalyzer.dir/C_/VSARM/sdk/pico/pico-sdk/lib/tinyusb/src/common/tusb_fifo.c.obj
                0x10007c52                tu_fifo_write
 .text.tu_fifo_write_n
                0x10007cb6        0xa CMakeFiles/MPU6050_MotionAnalyzer.dir/C_/VSARM/sdk/pico/pico-sdk/lib/tinyusb/src/common/tusb_fifo.c.obj
                0x10007cb6                tu_fifo_write_n
 .text.tu_fifo_clear
                0x10007cc0       0x3e CMakeFiles/MPU6050_MotionAnalyzer.dir/C_/VSARM/sdk/pico/pico-sdk/lib/tinyusb/src/common/tusb_fifo.c.obj
                0x10007cc0                tu_fifo_clear
 .text.tu_fifo_set_overwritable
                0x10007cfe       0x46 CMakeFiles/MPU6050_MotionAnalyzer.dir/C_/VSARM/sdk/pico/pico-sdk/lib/tinyusb/src/common/tusb_fifo.c.obj
                0x10007cfe                tu_fifo_set_overwritable
 .text.i2c_reset
                0x10007d44       0x44 CMakeFiles/MPU6050_MotionAnalyzer.dir/C_/VSARM/sdk/pico/pico-sdk/src/rp2_common/hardware_i2c/i2c.c.obj
 .text.i2c_unreset
                0x10007d88       0x54 CMakeFiles/MPU6050_MotionAnalyzer.dir/C_/VSARM/sdk/pico/pico-sdk/src/rp2_common/hardware_i2c/i2c.c.obj
 .text.i2c_write_blocking_internal
                0x10007ddc      0x1ac CMakeFiles/MPU6050_MotionAnalyzer.dir/C_/VSARM/sdk/pico/pico-sdk/src/rp2_common/hardware_i2c/i2c.c.obj
 .text.i2c_hw_index
                0x10007f88       0x38 CMakeFiles/MPU6050_MotionAnalyzer.dir/C_/VSARM/sdk/pico/pico-sdk/src/rp2_common/hardware_i2c/i2c.c.obj
 .text.i2c_read_blocking_internal
                0x10007fc0      0x160 CMakeFiles/MPU6050_MotionAnalyzer.dir/C_/VSARM/sdk/pico/pico-sdk/src/rp2_common/hardware_i2c/i2c.c.obj
 .text.i2c_set_baudrate
                0x10008120      0x15c CMakeFiles/MPU6050_MotionAnalyzer.dir/C_/VSARM/sdk/pico/pico-sdk/src/rp2_common/hardware_i2c/i2c.c.obj
                0x10008120                i2c_set_baudrate
 .text.i2c_init
                0x1000827c       0x3c CMakeFiles/MPU6050_MotionAnalyzer.dir/C_/VSARM/sdk/pico/pico-sdk/src/rp2_common/hardware_i2c/i2c.c.obj
                0x1000827c                i2c_init
 .text.i2c_write_blocking
                0x100082b8       0x18 CMakeFiles/MPU6050_MotionAnalyzer.dir/C_/VSARM/sdk/pico/pico-sdk/src/rp2_common/hardware_i2c/i2c.c.obj
                0x100082b8                i2c_write_blocking
 .text.i2c_read_blocking
                0x100082d0       0x18 CMakeFiles/MPU6050_MotionAnalyzer.dir/C_/VSARM/sdk/pico/pico-sdk/src/rp2_common/hardware_i2c/i2c.c.obj
                0x100082d0                i2c_read_blocking
 .text.strlen   0x100082e8       0x5c c:/progra~2/armgnu~1/125863~1.3re/bin/../lib/gcc/arm-none-eabi/12.3.1/thumb/v6-m/nofp\libg.a(libc_a-strlen-stub.o)
                0x100082e8                strlen
 *(.fini)
 .fini          0x10008344        0x4 c:/progra~2/armgnu~1/125863~1.3re/bin/../lib/gcc/arm-none-eabi/12.3.1/thumb/v6-m/nofp/crti.o
                0x10008344                _fini
 .fini.__stub   0x10008348       0xe0 linker stubs
 *crtbegin.o(.ctors)
 *crtbegin?.o(.ctors)
 *(EXCLUDE_FILE(*crtend.o *crtend?.o) .ctors)
 *(SORT_BY_NAME(.ctors.*))
 *(.ctors)
 *crtbegin.o(.dtors)
 *crtbegin?.o(.dtors)
 *(EXCLUDE_FILE(*crtend.o *crtend?.o) .dtors)
 *(SORT_BY_NAME(.dtors.*))
 *(.dtors)
 *(.eh_frame*)
 .eh_frame      0x10008428        0x0 c:/progra~2/armgnu~1/125863~1.3re/bin/../lib/gcc/arm-none-eabi/12.3.1/thumb/v6-m/nofp/crtbegin.o
                0x10008428                        . = ALIGN (0x4)

.glue_7         0x10008428        0x0
 .glue_7        0x10008428        0x0 linker stubs

.glue_7t        0x10008428        0x0
 .glue_7t       0x10008428        0x0 linker stubs

.vfp11_veneer   0x10008428        0x0
 .vfp11_veneer  0x10008428        0x0 linker stubs

.v4_bx          0x10008428        0x0
 .v4_bx         0x10008428        0x0 linker stubs

.iplt           0x10008428        0x0
 .iplt          0x10008428        0x0 c:/progra~2/armgnu~1/125863~1.3re/bin/../lib/gcc/arm-none-eabi/12.3.1/thumb/v6-m/nofp/crtbegin.o

.rodata         0x10008428     0x1b3c
 *(EXCLUDE_FILE(*libm.a: *libc.a:*lib_a-mem*.o *libgcc.a:) .rodata*)
 .rodata.main.str1.4
                0x10008428       0x7c CMakeFiles/MPU6050_MotionAnalyzer.dir/main.c.obj
 .rodata.check_gpio_param.str1.4
                0x100084a4       0x60 CMakeFiles/MPU6050_MotionAnalyzer.dir/C_/VSARM/sdk/pico/pico-sdk/src/rp2_common/hardware_gpio/gpio.c.obj
 .rodata.gpio_set_function.str1.4
                0x10008504       0x67 CMakeFiles/MPU6050_MotionAnalyzer.dir/C_/VSARM/sdk/pico/pico-sdk/src/rp2_common/hardware_gpio/gpio.c.obj
 *fill*         0x1000856b        0x1 
 .rodata.__func__.2
                0x1000856c       0x12 CMakeFiles/MPU6050_MotionAnalyzer.dir/C_/VSARM/sdk/pico/pico-sdk/src/rp2_common/hardware_gpio/gpio.c.obj
 *fill*         0x1000857e        0x2 
 .rodata.__func__.3
                0x10008580       0x11 CMakeFiles/MPU6050_MotionAnalyzer.dir/C_/VSARM/sdk/pico/pico-sdk/src/rp2_common/hardware_gpio/gpio.c.obj
 *fill*         0x10008591        0x3 
 .rodata.spin_lock_claim_unused.str1.4
                0x10008594       0x1b CMakeFiles/MPU6050_MotionAnalyzer.dir/C_/VSARM/sdk/pico/pico-sdk/src/rp2_common/hardware_sync/sync.c.obj
 *fill*         0x100085af        0x1 
 .rodata.check_irq_param.str1.4
                0x100085b0       0x5e CMakeFiles/MPU6050_MotionAnalyzer.dir/C_/VSARM/sdk/pico/pico-sdk/src/rp2_common/hardware_irq/irq.c.obj
 *fill*         0x1000860e        0x2 
 .rodata.resolve_branch.str1.4
                0x10008610       0x55 CMakeFiles/MPU6050_MotionAnalyzer.dir/C_/VSARM/sdk/pico/pico-sdk/src/rp2_common/hardware_irq/irq.c.obj
 *fill*         0x10008665        0x3 
 .rodata.make_branch.str1.4
                0x10008668       0x30 CMakeFiles/MPU6050_MotionAnalyzer.dir/C_/VSARM/sdk/pico/pico-sdk/src/rp2_common/hardware_irq/irq.c.obj
 .rodata.insert_branch_and_link.str1.4
                0x10008698       0x10 CMakeFiles/MPU6050_MotionAnalyzer.dir/C_/VSARM/sdk/pico/pico-sdk/src/rp2_common/hardware_irq/irq.c.obj
 .rodata.irq_set_exclusive_handler.str1.4
                0x100086a8       0x36 CMakeFiles/MPU6050_MotionAnalyzer.dir/C_/VSARM/sdk/pico/pico-sdk/src/rp2_common/hardware_irq/irq.c.obj
 *fill*         0x100086de        0x2 
 .rodata.irq_add_shared_handler.str1.4
                0x100086e0       0xc2 CMakeFiles/MPU6050_MotionAnalyzer.dir/C_/VSARM/sdk/pico/pico-sdk/src/rp2_common/hardware_irq/irq.c.obj
 *fill*         0x100087a2        0x2 
 .rodata.irq_remove_handler.str1.4
                0x100087a4       0x3a CMakeFiles/MPU6050_MotionAnalyzer.dir/C_/VSARM/sdk/pico/pico-sdk/src/rp2_common/hardware_irq/irq.c.obj
 *fill*         0x100087de        0x2 
 .rodata.irq_add_tail_to_free_list.str1.4
                0x100087e0       0x3a CMakeFiles/MPU6050_MotionAnalyzer.dir/C_/VSARM/sdk/pico/pico-sdk/src/rp2_common/hardware_irq/irq.c.obj
 *fill*         0x1000881a        0x2 
 .rodata.user_irq_claim_unused.str1.4
                0x1000881c       0x1b CMakeFiles/MPU6050_MotionAnalyzer.dir/C_/VSARM/sdk/pico/pico-sdk/src/rp2_common/hardware_irq/irq.c.obj
 *fill*         0x10008837        0x1 
 .rodata.__func__.1
                0x10008838       0x1a CMakeFiles/MPU6050_MotionAnalyzer.dir/C_/VSARM/sdk/pico/pico-sdk/src/rp2_common/hardware_irq/irq.c.obj
 *fill*         0x10008852        0x2 
 .rodata.__func__.2
                0x10008854       0x17 CMakeFiles/MPU6050_MotionAnalyzer.dir/C_/VSARM/sdk/pico/pico-sdk/src/rp2_common/hardware_irq/irq.c.obj
 *fill*         0x1000886b        0x1 
 .rodata.__func__.3
                0x1000886c       0x13 CMakeFiles/MPU6050_MotionAnalyzer.dir/C_/VSARM/sdk/pico/pico-sdk/src/rp2_common/hardware_irq/irq.c.obj
 *fill*         0x1000887f        0x1 
 .rodata.__func__.4
                0x10008880        0xc CMakeFiles/MPU6050_MotionAnalyzer.dir/C_/VSARM/sdk/pico/pico-sdk/src/rp2_common/hardware_irq/irq.c.obj
 .rodata.__func__.5
                0x1000888c        0xf CMakeFiles/MPU6050_MotionAnalyzer.dir/C_/VSARM/sdk/pico/pico-sdk/src/rp2_common/hardware_irq/irq.c.obj
 *fill*         0x1000889b        0x1 
 .rodata.__func__.6
                0x1000889c       0x17 CMakeFiles/MPU6050_MotionAnalyzer.dir/C_/VSARM/sdk/pico/pico-sdk/src/rp2_common/hardware_irq/irq.c.obj
 *fill*         0x100088b3        0x1 
 .rodata.__func__.8
                0x100088b4       0x1a CMakeFiles/MPU6050_MotionAnalyzer.dir/C_/VSARM/sdk/pico/pico-sdk/src/rp2_common/hardware_irq/irq.c.obj
 *fill*         0x100088ce        0x2 
 .rodata.__func__.9
                0x100088d0       0x10 CMakeFiles/MPU6050_MotionAnalyzer.dir/C_/VSARM/sdk/pico/pico-sdk/src/rp2_common/hardware_irq/irq.c.obj
 .rodata.lock_init.str1.4
                0x100088e0       0x4c CMakeFiles/MPU6050_MotionAnalyzer.dir/C_/VSARM/sdk/pico/pico-sdk/src/common/pico_sync/lock_core.c.obj
 .rodata.__func__.1
                0x1000892c        0xa CMakeFiles/MPU6050_MotionAnalyzer.dir/C_/VSARM/sdk/pico/pico-sdk/src/common/pico_sync/lock_core.c.obj
 *fill*         0x10008936        0x2 
 .rodata.update_us_since_boot.str1.4
                0x10008938       0x61 CMakeFiles/MPU6050_MotionAnalyzer.dir/C_/VSARM/sdk/pico/pico-sdk/src/common/pico_sync/mutex.c.obj
 *fill*         0x10008999        0x3 
 .rodata.str1.4
                0x1000899c       0x89 CMakeFiles/MPU6050_MotionAnalyzer.dir/C_/VSARM/sdk/pico/pico-sdk/src/common/pico_sync/mutex.c.obj
 *fill*         0x10008a25        0x3 
 .rodata.__func__.1
                0x10008a28        0xb CMakeFiles/MPU6050_MotionAnalyzer.dir/C_/VSARM/sdk/pico/pico-sdk/src/common/pico_sync/mutex.c.obj
 *fill*         0x10008a33        0x1 
 .rodata.__func__.3
                0x10008a34       0x18 CMakeFiles/MPU6050_MotionAnalyzer.dir/C_/VSARM/sdk/pico/pico-sdk/src/common/pico_sync/mutex.c.obj
 .rodata.__func__.4
                0x10008a4c       0x15 CMakeFiles/MPU6050_MotionAnalyzer.dir/C_/VSARM/sdk/pico/pico-sdk/src/common/pico_sync/mutex.c.obj
 *fill*         0x10008a61        0x3 
 .rodata.critical_section_init_with_lock_num.str1.4
                0x10008a64       0x64 CMakeFiles/MPU6050_MotionAnalyzer.dir/C_/VSARM/sdk/pico/pico-sdk/src/common/pico_sync/critical_section.c.obj
 .rodata.__func__.1
                0x10008ac8       0x13 CMakeFiles/MPU6050_MotionAnalyzer.dir/C_/VSARM/sdk/pico/pico-sdk/src/common/pico_sync/critical_section.c.obj
 *fill*         0x10008adb        0x1 
 .rodata.get_entry.str1.4
                0x10008adc       0x5b CMakeFiles/MPU6050_MotionAnalyzer.dir/C_/VSARM/sdk/pico/pico-sdk/src/common/pico_time/time.c.obj
 .rodata.update_us_since_boot.str1.4
                0x10008b37       0x61 CMakeFiles/MPU6050_MotionAnalyzer.dir/C_/VSARM/sdk/pico/pico-sdk/src/common/pico_time/time.c.obj
 *fill*         0x10008b37        0x1 
 .rodata.ph_get_node.str1.4
                0x10008b38       0x66 CMakeFiles/MPU6050_MotionAnalyzer.dir/C_/VSARM/sdk/pico/pico-sdk/src/common/pico_time/time.c.obj
 *fill*         0x10008b9e        0x2 
 .rodata.ph_add_child_node.str1.4
                0x10008ba0       0x2e CMakeFiles/MPU6050_MotionAnalyzer.dir/C_/VSARM/sdk/pico/pico-sdk/src/common/pico_time/time.c.obj
 *fill*         0x10008bce        0x2 
 .rodata.ph_insert_node.str1.4
                0x10008bd0        0x3 CMakeFiles/MPU6050_MotionAnalyzer.dir/C_/VSARM/sdk/pico/pico-sdk/src/common/pico_time/time.c.obj
 *fill*         0x10008bd3        0x1 
 .rodata.ph_free_node.str1.4
                0x10008bd4       0x38 CMakeFiles/MPU6050_MotionAnalyzer.dir/C_/VSARM/sdk/pico/pico-sdk/src/common/pico_time/time.c.obj
 .rodata.alarm_pool_post_alloc_init.str1.4
                0x10008c0c       0x64 CMakeFiles/MPU6050_MotionAnalyzer.dir/C_/VSARM/sdk/pico/pico-sdk/src/common/pico_time/time.c.obj
 .rodata.add_alarm_under_lock.str1.4
                0x10008c0c       0x28 CMakeFiles/MPU6050_MotionAnalyzer.dir/C_/VSARM/sdk/pico/pico-sdk/src/common/pico_time/time.c.obj
 .rodata.alarm_pool_alarm_callback.str1.4
                0x10008c34       0x60 CMakeFiles/MPU6050_MotionAnalyzer.dir/C_/VSARM/sdk/pico/pico-sdk/src/common/pico_time/time.c.obj
 .rodata.alarm_pool_get_default.str1.4
                0x10008c94       0x21 CMakeFiles/MPU6050_MotionAnalyzer.dir/C_/VSARM/sdk/pico/pico-sdk/src/common/pico_time/time.c.obj
 *fill*         0x10008cb5        0x3 
 .rodata.alarm_pool_cancel_alarm.str1.4
                0x10008cb8       0x27 CMakeFiles/MPU6050_MotionAnalyzer.dir/C_/VSARM/sdk/pico/pico-sdk/src/common/pico_time/time.c.obj
 *fill*         0x10008cdf        0x1 
 .rodata.sleep_until.str1.4
                0x10008ce0       0x4d CMakeFiles/MPU6050_MotionAnalyzer.dir/C_/VSARM/sdk/pico/pico-sdk/src/common/pico_time/time.c.obj
 *fill*         0x10008d2d        0x3 
 .rodata.__func__.1
                0x10008d30       0x18 CMakeFiles/MPU6050_MotionAnalyzer.dir/C_/VSARM/sdk/pico/pico-sdk/src/common/pico_time/time.c.obj
 .rodata.__func__.3
                0x10008d48       0x17 CMakeFiles/MPU6050_MotionAnalyzer.dir/C_/VSARM/sdk/pico/pico-sdk/src/common/pico_time/time.c.obj
 *fill*         0x10008d5f        0x1 
 .rodata.__func__.4
                0x10008d60       0x13 CMakeFiles/MPU6050_MotionAnalyzer.dir/C_/VSARM/sdk/pico/pico-sdk/src/common/pico_time/time.c.obj
 *fill*         0x10008d73        0x1 
 .rodata.__func__.5
                0x10008d74       0x12 CMakeFiles/MPU6050_MotionAnalyzer.dir/C_/VSARM/sdk/pico/pico-sdk/src/common/pico_time/time.c.obj
 *fill*         0x10008d86        0x2 
 .rodata.__func__.6
                0x10008d88        0xd CMakeFiles/MPU6050_MotionAnalyzer.dir/C_/VSARM/sdk/pico/pico-sdk/src/common/pico_time/time.c.obj
 *fill*         0x10008d95        0x3 
 .rodata.__func__.7
                0x10008d98       0x12 CMakeFiles/MPU6050_MotionAnalyzer.dir/C_/VSARM/sdk/pico/pico-sdk/src/common/pico_time/time.c.obj
 *fill*         0x10008daa        0x2 
 .rodata.__func__.8
                0x10008dac        0xf CMakeFiles/MPU6050_MotionAnalyzer.dir/C_/VSARM/sdk/pico/pico-sdk/src/common/pico_time/time.c.obj
 *fill*         0x10008dbb        0x1 
 .rodata.__func__.9
                0x10008dbc        0xc CMakeFiles/MPU6050_MotionAnalyzer.dir/C_/VSARM/sdk/pico/pico-sdk/src/common/pico_time/time.c.obj
 .rodata.__func__.10
                0x10008dc8       0x15 CMakeFiles/MPU6050_MotionAnalyzer.dir/C_/VSARM/sdk/pico/pico-sdk/src/common/pico_time/time.c.obj
 *fill*         0x10008ddd        0x3 
 .rodata.__func__.11
                0x10008de0       0x15 CMakeFiles/MPU6050_MotionAnalyzer.dir/C_/VSARM/sdk/pico/pico-sdk/src/common/pico_time/time.c.obj
 *fill*         0x10008df5        0x3 
 .rodata.__func__.12
                0x10008df8       0x1a CMakeFiles/MPU6050_MotionAnalyzer.dir/C_/VSARM/sdk/pico/pico-sdk/src/common/pico_time/time.c.obj
 *fill*         0x10008e12        0x2 
 .rodata.__func__.13
                0x10008e14        0xa CMakeFiles/MPU6050_MotionAnalyzer.dir/C_/VSARM/sdk/pico/pico-sdk/src/common/pico_time/time.c.obj
 *fill*         0x10008e1e        0x2 
 .rodata.check_hardware_alarm_num_param.str1.4
                0x10008e20       0x66 CMakeFiles/MPU6050_MotionAnalyzer.dir/C_/VSARM/sdk/pico/pico-sdk/src/rp2_common/hardware_timer/timer.c.obj
 *fill*         0x10008e86        0x2 
 .rodata.hardware_alarm_claim.str1.4
                0x10008e88       0x22 CMakeFiles/MPU6050_MotionAnalyzer.dir/C_/VSARM/sdk/pico/pico-sdk/src/rp2_common/hardware_timer/timer.c.obj
 *fill*         0x10008eaa        0x2 
 .rodata.hardware_alarm_set_target.str1.4
                0x10008eac       0x65 CMakeFiles/MPU6050_MotionAnalyzer.dir/C_/VSARM/sdk/pico/pico-sdk/src/rp2_common/hardware_timer/timer.c.obj
 *fill*         0x10008f11        0x3 
 .rodata.__func__.0
                0x10008f14       0x1a CMakeFiles/MPU6050_MotionAnalyzer.dir/C_/VSARM/sdk/pico/pico-sdk/src/rp2_common/hardware_timer/timer.c.obj
 *fill*         0x10008f2e        0x2 
 .rodata.__func__.3
                0x10008f30       0x1f CMakeFiles/MPU6050_MotionAnalyzer.dir/C_/VSARM/sdk/pico/pico-sdk/src/rp2_common/hardware_timer/timer.c.obj
 .rodata.ph_get_node.str1.4
                0x10008f4f       0x66 CMakeFiles/MPU6050_MotionAnalyzer.dir/C_/VSARM/sdk/pico/pico-sdk/src/common/pico_util/pheap.c.obj
 .rodata.ph_add_child_node.str1.4
                0x10008f4f       0x2e CMakeFiles/MPU6050_MotionAnalyzer.dir/C_/VSARM/sdk/pico/pico-sdk/src/common/pico_util/pheap.c.obj
 *fill*         0x10008f4f        0x1 
 .rodata.ph_post_alloc_init.str1.4
                0x10008f50       0x7c CMakeFiles/MPU6050_MotionAnalyzer.dir/C_/VSARM/sdk/pico/pico-sdk/src/common/pico_util/pheap.c.obj
 .rodata.ph_remove_any_head.str1.4
                0x10008fcc       0x54 CMakeFiles/MPU6050_MotionAnalyzer.dir/C_/VSARM/sdk/pico/pico-sdk/src/common/pico_util/pheap.c.obj
                                 0x68 (size before relaxing)
 .rodata.ph_remove_and_free_node.str1.4
                0x10009020       0x1e CMakeFiles/MPU6050_MotionAnalyzer.dir/C_/VSARM/sdk/pico/pico-sdk/src/common/pico_util/pheap.c.obj
                                 0x26 (size before relaxing)
 *fill*         0x1000903e        0x2 
 .rodata.__func__.0
                0x10009040       0x18 CMakeFiles/MPU6050_MotionAnalyzer.dir/C_/VSARM/sdk/pico/pico-sdk/src/common/pico_util/pheap.c.obj
 .rodata.__func__.1
                0x10009058       0x13 CMakeFiles/MPU6050_MotionAnalyzer.dir/C_/VSARM/sdk/pico/pico-sdk/src/common/pico_util/pheap.c.obj
 *fill*         0x1000906b        0x1 
 .rodata.__func__.2
                0x1000906c       0x12 CMakeFiles/MPU6050_MotionAnalyzer.dir/C_/VSARM/sdk/pico/pico-sdk/src/common/pico_util/pheap.c.obj
 *fill*         0x1000907e        0x2 
 .rodata.__func__.3
                0x10009080        0xc CMakeFiles/MPU6050_MotionAnalyzer.dir/C_/VSARM/sdk/pico/pico-sdk/src/common/pico_util/pheap.c.obj
 .rodata.__func__.4
                0x1000908c       0x13 CMakeFiles/MPU6050_MotionAnalyzer.dir/C_/VSARM/sdk/pico/pico-sdk/src/common/pico_util/pheap.c.obj
 *fill*         0x1000909f        0x1 
 .rodata.clock_configure.str1.4
                0x100090a0       0x57 CMakeFiles/MPU6050_MotionAnalyzer.dir/C_/VSARM/sdk/pico/pico-sdk/src/rp2_common/hardware_clocks/clocks.c.obj
 *fill*         0x100090f7        0x1 
 .rodata.__func__.3
                0x100090f8       0x10 CMakeFiles/MPU6050_MotionAnalyzer.dir/C_/VSARM/sdk/pico/pico-sdk/src/rp2_common/hardware_clocks/clocks.c.obj
 .rodata.pll_init.str1.4
                0x10009108      0x124 CMakeFiles/MPU6050_MotionAnalyzer.dir/C_/VSARM/sdk/pico/pico-sdk/src/rp2_common/hardware_pll/pll.c.obj
 .rodata.__func__.0
                0x1000922c        0x9 CMakeFiles/MPU6050_MotionAnalyzer.dir/C_/VSARM/sdk/pico/pico-sdk/src/rp2_common/hardware_pll/pll.c.obj
 *fill*         0x10009235        0x3 
 .rodata.__assert_func.str1.4
                0x10009238       0x3f CMakeFiles/MPU6050_MotionAnalyzer.dir/C_/VSARM/sdk/pico/pico-sdk/src/rp2_common/pico_runtime/runtime.c.obj
                                 0x43 (size before relaxing)
 *fill*         0x10009277        0x1 
 .rodata.runtime_init.str1.4
                0x10009278       0x61 CMakeFiles/MPU6050_MotionAnalyzer.dir/C_/VSARM/sdk/pico/pico-sdk/src/rp2_common/pico_runtime/runtime.c.obj
 *fill*         0x100092d9        0x3 
 .rodata.panic.str1.4
                0x100092dc       0x10 CMakeFiles/MPU6050_MotionAnalyzer.dir/C_/VSARM/sdk/pico/pico-sdk/src/rp2_common/pico_runtime/runtime.c.obj
                                 0x12 (size before relaxing)
 .rodata.__func__.2
                0x100092ec        0xd CMakeFiles/MPU6050_MotionAnalyzer.dir/C_/VSARM/sdk/pico/pico-sdk/src/rp2_common/pico_runtime/runtime.c.obj
 *fill*         0x100092f9        0x3 
 .rodata._ftoa.str1.4
                0x100092fc       0x15 CMakeFiles/MPU6050_MotionAnalyzer.dir/C_/VSARM/sdk/pico/pico-sdk/src/rp2_common/pico_printf/printf.c.obj
 *fill*         0x10009311        0x3 
 .rodata._vsnprintf
                0x10009314      0x19c CMakeFiles/MPU6050_MotionAnalyzer.dir/C_/VSARM/sdk/pico/pico-sdk/src/rp2_common/pico_printf/printf.c.obj
 .rodata.pow10.0
                0x100094b0       0x50 CMakeFiles/MPU6050_MotionAnalyzer.dir/C_/VSARM/sdk/pico/pico-sdk/src/rp2_common/pico_printf/printf.c.obj
 .rodata.__aeabi_double_init.str1.4
                0x10009500       0x9c CMakeFiles/MPU6050_MotionAnalyzer.dir/C_/VSARM/sdk/pico/pico-sdk/src/rp2_common/pico_double/double_init_rom.c.obj
 .rodata.__func__.0
                0x1000959c       0x14 CMakeFiles/MPU6050_MotionAnalyzer.dir/C_/VSARM/sdk/pico/pico-sdk/src/rp2_common/pico_double/double_init_rom.c.obj
 .rodata.__aeabi_float_init.str1.4
                0x100095b0       0x7a CMakeFiles/MPU6050_MotionAnalyzer.dir/C_/VSARM/sdk/pico/pico-sdk/src/rp2_common/pico_float/float_init_rom.c.obj
                                 0x7e (size before relaxing)
 *fill*         0x1000962a        0x2 
 .rodata.__func__.0
                0x1000962c       0x13 CMakeFiles/MPU6050_MotionAnalyzer.dir/C_/VSARM/sdk/pico/pico-sdk/src/rp2_common/pico_float/float_init_rom.c.obj
 *fill*         0x1000963f        0x1 
 .rodata.str1.4
                0x10009640       0x4c CMakeFiles/MPU6050_MotionAnalyzer.dir/C_/VSARM/sdk/pico/pico-sdk/src/rp2_common/pico_standard_link/binary_info.c.obj
 .rodata.__bi_81
                0x1000968c        0xc CMakeFiles/MPU6050_MotionAnalyzer.dir/C_/VSARM/sdk/pico/pico-sdk/src/rp2_common/pico_standard_link/binary_info.c.obj
 .rodata.__bi_75
                0x10009698        0xc CMakeFiles/MPU6050_MotionAnalyzer.dir/C_/VSARM/sdk/pico/pico-sdk/src/rp2_common/pico_standard_link/binary_info.c.obj
 .rodata.__bi_44
                0x100096a4        0xc CMakeFiles/MPU6050_MotionAnalyzer.dir/C_/VSARM/sdk/pico/pico-sdk/src/rp2_common/pico_standard_link/binary_info.c.obj
 .rodata.update_us_since_boot.str1.4
                0x100096b0       0x61 CMakeFiles/MPU6050_MotionAnalyzer.dir/C_/VSARM/sdk/pico/pico-sdk/src/rp2_common/pico_stdio/stdio.c.obj
 .rodata.crlf_str.2
                0x100096b0        0x2 CMakeFiles/MPU6050_MotionAnalyzer.dir/C_/VSARM/sdk/pico/pico-sdk/src/rp2_common/pico_stdio/stdio.c.obj
 *fill*         0x100096b2        0x2 
 .rodata.__func__.3
                0x100096b4       0x15 CMakeFiles/MPU6050_MotionAnalyzer.dir/C_/VSARM/sdk/pico/pico-sdk/src/rp2_common/pico_stdio/stdio.c.obj
 *fill*         0x100096c9        0x3 
 .rodata._resetd_driver
                0x100096cc       0x18 CMakeFiles/MPU6050_MotionAnalyzer.dir/C_/VSARM/sdk/pico/pico-sdk/src/rp2_common/pico_stdio_usb/reset_interface.c.obj
 .rodata.update_us_since_boot.str1.4
                0x100096e4       0x61 CMakeFiles/MPU6050_MotionAnalyzer.dir/C_/VSARM/sdk/pico/pico-sdk/src/rp2_common/pico_stdio_usb/stdio_usb.c.obj
 .rodata.stdio_usb_init.str1.4
                0x100096e4       0x45 CMakeFiles/MPU6050_MotionAnalyzer.dir/C_/VSARM/sdk/pico/pico-sdk/src/rp2_common/pico_stdio_usb/stdio_usb.c.obj
                                 0x4d (size before relaxing)
 *fill*         0x10009729        0x3 
 .rodata.str1.4
                0x1000972c       0x13 CMakeFiles/MPU6050_MotionAnalyzer.dir/C_/VSARM/sdk/pico/pico-sdk/src/rp2_common/pico_stdio_usb/stdio_usb.c.obj
 *fill*         0x1000973f        0x1 
 .rodata.__bi_182.0
                0x10009740        0xc CMakeFiles/MPU6050_MotionAnalyzer.dir/C_/VSARM/sdk/pico/pico-sdk/src/rp2_common/pico_stdio_usb/stdio_usb.c.obj
 .rodata.__func__.1
                0x1000974c        0xf CMakeFiles/MPU6050_MotionAnalyzer.dir/C_/VSARM/sdk/pico/pico-sdk/src/rp2_common/pico_stdio_usb/stdio_usb.c.obj
 *fill*         0x1000975b        0x1 
 .rodata.__func__.3
                0x1000975c       0x15 CMakeFiles/MPU6050_MotionAnalyzer.dir/C_/VSARM/sdk/pico/pico-sdk/src/rp2_common/pico_stdio_usb/stdio_usb.c.obj
 *fill*         0x10009771        0x3 
 .rodata.str1.4
                0x10009774       0x2a CMakeFiles/MPU6050_MotionAnalyzer.dir/C_/VSARM/sdk/pico/pico-sdk/src/rp2_common/pico_stdio_usb/stdio_usb_descriptors.c.obj
 *fill*         0x1000979e        0x2 
 .rodata.usbd_desc_str
                0x100097a0       0x18 CMakeFiles/MPU6050_MotionAnalyzer.dir/C_/VSARM/sdk/pico/pico-sdk/src/rp2_common/pico_stdio_usb/stdio_usb_descriptors.c.obj
 .rodata.usbd_desc_cfg
                0x100097b8       0x54 CMakeFiles/MPU6050_MotionAnalyzer.dir/C_/VSARM/sdk/pico/pico-sdk/src/rp2_common/pico_stdio_usb/stdio_usb_descriptors.c.obj
 .rodata.usbd_desc_device
                0x1000980c       0x12 CMakeFiles/MPU6050_MotionAnalyzer.dir/C_/VSARM/sdk/pico/pico-sdk/src/rp2_common/pico_stdio_usb/stdio_usb_descriptors.c.obj
 *fill*         0x1000981e        0x2 
 .rodata.pico_get_unique_board_id_string.str1.4