Archive member included to satisfy reference by file (symbol)

c:/progra~2/armgnu~1/125863~1.3re/bin/../lib/gcc/arm-none-eabi/12.3.1/thumb/v6-m/nofp\libgcc.a(_dvmd_tls.o)
                              CMakeFiles/MPU6050_MotionAnalyzer.dir/C_/VSARM/sdk/pico/pico-sdk/src/rp2_common/pico_divider/divider.S.obj (__aeabi_idiv0)
c:/progra~2/armgnu~1/125863~1.3re/bin/../lib/gcc/arm-none-eabi/12.3.1/thumb/v6-m/nofp\libg.a(libc_a-calloc.o)
                              CMakeFiles/MPU6050_MotionAnalyzer.dir/C_/VSARM/sdk/pico/pico-sdk/src/rp2_common/pico_malloc/pico_malloc.c.obj (calloc)
c:/progra~2/armgnu~1/125863~1.3re/bin/../lib/gcc/arm-none-eabi/12.3.1/thumb/v6-m/nofp\libg.a(libc_a-callocr.o)
                              c:/progra~2/armgnu~1/125863~1.3re/bin/../lib/gcc/arm-none-eabi/12.3.1/thumb/v6-m/nofp\libg.a(libc_a-calloc.o) (_calloc_r)
c:/progra~2/armgnu~1/125863~1.3re/bin/../lib/gcc/arm-none-eabi/12.3.1/thumb/v6-m/nofp\libg.a(libc_a-malloc.o)
                              CMakeFiles/MPU6050_MotionAnalyzer.dir/C_/VSARM/sdk/pico/pico-sdk/src/rp2_common/pico_malloc/pico_malloc.c.obj (malloc)
c:/progra~2/armgnu~1/125863~1.3re/bin/../lib/gcc/arm-none-eabi/12.3.1/thumb/v6-m/nofp\libg.a(libc_a-mallocr.o)
                              c:/progra~2/armgnu~1/125863~1.3re/bin/../lib/gcc/arm-none-eabi/12.3.1/thumb/v6-m/nofp\libg.a(libc_a-callocr.o) (_malloc_r)
c:/progra~2/armgnu~1/125863~1.3re/bin/../lib/gcc/arm-none-eabi/12.3.1/thumb/v6-m/nofp\libg.a(libc_a-mlock.o)
                              c:/progra~2/armgnu~1/125863~1.3re/bin/../lib/gcc/arm-none-eabi/12.3.1/thumb/v6-m/nofp\libg.a(libc_a-mallocr.o) (__malloc_lock)
c:/progra~2/armgnu~1/125863~1.3re/bin/../lib/gcc/arm-none-eabi/12.3.1/thumb/v6-m/nofp\libg.a(libc_a-realloc.o)
                              CMakeFiles/MPU6050_MotionAnalyzer.dir/C_/VSARM/sdk/pico/pico-sdk/src/rp2_common/pico_malloc/pico_malloc.c.obj (realloc)
c:/progra~2/armgnu~1/125863~1.3re/bin/../lib/gcc/arm-none-eabi/12.3.1/thumb/v6-m/nofp\libg.a(libc_a-reallocr.o)
                              c:/progra~2/armgnu~1/125863~1.3re/bin/../lib/gcc/arm-none-eabi/12.3.1/thumb/v6-m/nofp\libg.a(libc_a-realloc.o) (_realloc_r)
c:/progra~2/armgnu~1/125863~1.3re/bin/../lib/gcc/arm-none-eabi/12.3.1/thumb/v6-m/nofp\libg.a(libc_a-memmove.o)
                              c:/progra~2/armgnu~1/125863~1.3re/bin/../lib/gcc/arm-none-eabi/12.3.1/thumb/v6-m/nofp\libg.a(libc_a-reallocr.o) (memmove)
c:/progra~2/armgnu~1/125863~1.3re/bin/../lib/gcc/arm-none-eabi/12.3.1/thumb/v6-m/nofp\libg.a(libc_a-impure.o)
                              c:/progra~2/armgnu~1/125863~1.3re/bin/../lib/gcc/arm-none-eabi/12.3.1/thumb/v6-m/nofp\libg.a(libc_a-calloc.o) (_impure_ptr)
c:/progra~2/armgnu~1/125863~1.3re/bin/../lib/gcc/arm-none-eabi/12.3.1/thumb/v6-m/nofp\libg.a(libc_a-sbrkr.o)
                              c:/progra~2/armgnu~1/125863~1.3re/bin/../lib/gcc/arm-none-eabi/12.3.1/thumb/v6-m/nofp\libg.a(libc_a-mallocr.o) (_sbrk_r)
c:/progra~2/armgnu~1/125863~1.3re/bin/../lib/gcc/arm-none-eabi/12.3.1/thumb/v6-m/nofp\libg.a(libc_a-errno.o)
                              c:/progra~2/armgnu~1/125863~1.3re/bin/../lib/gcc/arm-none-eabi/12.3.1/thumb/v6-m/nofp\libg.a(libc_a-callocr.o) (__errno)
c:/progra~2/armgnu~1/125863~1.3re/bin/../lib/gcc/arm-none-eabi/12.3.1/thumb/v6-m/nofp\libg.a(libc_a-init.o)
                              c:/progra~2/armgnu~1/125863~1.3re/bin/../lib/gcc/arm-none-eabi/12.3.1/thumb/v6-m/nofp/crt0.o (__libc_init_array)
c:/progra~2/armgnu~1/125863~1.3re/bin/../lib/gcc/arm-none-eabi/12.3.1/thumb/v6-m/nofp\libg.a(libc_a-lock.o)
                              c:/progra~2/armgnu~1/125863~1.3re/bin/../lib/gcc/arm-none-eabi/12.3.1/thumb/v6-m/nofp\libg.a(libc_a-mlock.o) (__retarget_lock_acquire_recursive)
c:/progra~2/armgnu~1/125863~1.3re/bin/../lib/gcc/arm-none-eabi/12.3.1/thumb/v6-m/nofp\libg.a(libc_a-sysconf.o)
                              c:/progra~2/armgnu~1/125863~1.3re/bin/../lib/gcc/arm-none-eabi/12.3.1/thumb/v6-m/nofp\libg.a(libc_a-mallocr.o) (sysconf)
c:/progra~2/armgnu~1/125863~1.3re/bin/../lib/gcc/arm-none-eabi/12.3.1/thumb/v6-m/nofp\libg.a(libc_a-strlen-stub.o)
                              CMakeFiles/MPU6050_MotionAnalyzer.dir/C_/VSARM/sdk/pico/pico-sdk/src/rp2_common/pico_stdio/stdio.c.obj (strlen)
c:/progra~2/armgnu~1/125863~1.3re/bin/../lib/gcc/arm-none-eabi/12.3.1/thumb/v6-m/nofp\libg.a(libc_a-freer.o)
                              c:/progra~2/armgnu~1/125863~1.3re/bin/../lib/gcc/arm-none-eabi/12.3.1/thumb/v6-m/nofp\libg.a(libc_a-malloc.o) (_free_r)
c:/progra~2/armgnu~1/125863~1.3re/bin/../lib/gcc/arm-none-eabi/12.3.1/thumb/v6-m/nofp\libg.a(libc_a-findfp.o)
                              c:/progra~2/armgnu~1/125863~1.3re/bin/../lib/gcc/arm-none-eabi/12.3.1/thumb/v6-m/nofp\libg.a(libc_a-impure.o) (__sf)
c:/progra~2/armgnu~1/125863~1.3re/bin/../lib/gcc/arm-none-eabi/12.3.1/thumb/v6-m/nofp\libg.a(libc_a-fwalk.o)
[...]
Memory Configuration

Name             Origin             Length             Attributes
FLASH            0x10000000         0x00200000         xr
RAM              0x20000000         0x00040000         xrw
SCRATCH_X        0x20040000         0x00001000         xrw
SCRATCH_Y        0x20041000         0x00001000         xrw
*default*        0x00000000         0xffffffff

Linker script and memory map

LOAD c:/progra~2/armgnu~1/125863~1.3re/bin/../lib/gcc/arm-none-eabi/12.3.1/thumb/v6-m/nofp/crti.o
LOAD c:/progra~2/armgnu~1/125863~1.3re/bin/../lib/gcc/arm-none-eabi/12.3.1/thumb/v6-m/nofp/crtbegin.o
LOAD c:/progra~2/armgnu~1/125863~1.3re/bin/../lib/gcc/arm-none-eabi/12.3.1/thumb/v6-m/nofp/crt0.o

.flash_begin    0x10000000        0x0
                0x10000000                        __flash_binary_start = .

.boot2          0x10000000      0x100
                0x10000000                        __boot2_start__ = .
 *(.boot2)
 .boot2         0x10000000      0x100 C:\Users\krzys\AppData\Local\Temp\cc2i7J6O.o
                0x10000100                        __boot2_end__ = .
                0x00000001                        ASSERT (((__boot2_end__ - __boot2_start__) == 0x100), ERROR: Pico second stage bootloader must be 256 bytes in size)

.text           0x10000100     0x8550
                0x10000100                        __logical_binary_start = .
 *(.vectors)
 .vectors       0x10000100       0xd4 CMakeFiles/MPU6050_MotionAnalyzer.dir/C_/VSARM/sdk/pico/pico-sdk/src/rp2_common/pico_standard_link/crt0.S.obj
                0x10000100                __VECTOR_TABLE
                0x10000100                __vectors
                0x100001c0                isr_invalid
                0x100001c0                __default_isrs_start
                0x100001c2                isr_nmi
                0x100001c4                isr_hardfault
                0x100001c6                isr_svcall
                0x100001c8                isr_pendsv
                0x100001ca                isr_systick
                0x100001cc                isr_irq23
                0x100001cc                isr_irq18
                0x100001cc                isr_irq11
                0x100001cc                isr_irq28
                0x100001cc                isr_irq19
                0x100001cc                isr_irq0
                0x100001cc                isr_irq6
                0x100001cc                isr_irq5
                0x100001cc                isr_irq12
                0x100001cc                isr_irq22
                0x100001cc                isr_irq31
                0x100001cc                isr_irq17
                0x100001cc                isr_irq27
                0x100001cc                isr_irq30
                0x100001cc                isr_irq2
                0x100001cc                isr_irq10
                0x100001cc                isr_irq8
                0x100001cc                isr_irq24
                0x100001cc                isr_irq1
                0x100001cc                isr_irq7
                0x100001cc                isr_irq21
                0x100001cc                isr_irq20
                0x100001cc                isr_irq15
                0x100001cc                isr_irq25
                0x100001cc                isr_irq13
                0x100001cc                __unhandled_user_irq
                0x100001cc                isr_irq4
                0x100001cc                isr_irq16
                0x100001cc                isr_irq29
                0x100001cc                isr_irq26
                0x100001cc                __default_isrs_end
                0x100001cc                isr_irq3
                0x100001cc                isr_irq14
                0x100001cc                isr_irq9
                0x100001d2                unhandled_user_irq_num_in_r0
 *(.binary_info_header)
 .binary_info_header
                0x100001d4       0x14 CMakeFiles/MPU6050_MotionAnalyzer.dir/C_/VSARM/sdk/pico/pico-sdk/src/rp2_common/pico_standard_link/crt0.S.obj
                0x100001e8                        __binary_info_header_end = .
 *(.reset)
 .reset         0x100001e8       0xa0 CMakeFiles/MPU6050_MotionAnalyzer.dir/C_/VSARM/sdk/pico/pico-sdk/src/rp2_common/pico_standard_link/crt0.S.obj
                0x100001e8                _entry_point
 .reset         0x10000288       0x30 CMakeFiles/MPU6050_MotionAnalyzer.dir/C_/VSARM/sdk/pico/pico-sdk/src/rp2_common/pico_standard_link/binary_info.c.obj
 *(.init)
 .init          0x100002b8        0x4 c:/progra~2/armgnu~1/125863~1.3re/bin/../lib/gcc/arm-none-eabi/12.3.1/thumb/v6-m/nofp/crti.o
                0x100002b8                _init
 *(EXCLUDE_FILE(*libm.a: *libc.a:*lib_a-mem*.o *libgcc.a:) .text*)
 .text.register_tm_clones
                0x100002bc       0x28 c:/progra~2/armgnu~1/125863~1.3re/bin/../lib/gcc/arm-none-eabi/12.3.1/thumb/v6-m/nofp/crtbegin.o
 .text.frame_dummy
                0x100002e4       0x24 c:/progra~2/armgnu~1/125863~1.3re/bin/../lib/gcc/arm-none-eabi/12.3.1/thumb/v6-m/nofp/crtbegin.o
 .text.main     0x10000308       0x2c CMakeFiles/MPU6050_MotionAnalyzer.dir/main.c.obj
                0x10000308                main
 .text.add_repeating_timer_ms
                0x10000334       0x3c CMakeFiles/MPU6050_MotionAnalyzer.dir/mpu6050/mpu6050.c.obj
 .text.i2c_write_reg
                0x10000370       0x24 CMakeFiles/MPU6050_MotionAnalyzer.dir/mpu6050/mpu6050.c.obj
                0x10000370                i2c_write_reg
 .text.mpu_reset
                0x10000394       0x5c CMakeFiles/MPU6050_MotionAnalyzer.dir/mpu6050/mpu6050.c.obj
                0x10000394                mpu_reset
 .text.mpu_setresolution
                0x100003f0       0x74 CMakeFiles/MPU6050_MotionAnalyzer.dir/mpu6050/mpu6050.c.obj
                0x100003f0                mpu_setresolution
 .text.mpu_convert
                0x10000464      0x27c CMakeFiles/MPU6050_MotionAnalyzer.dir/mpu6050/mpu6050.c.obj
                0x10000464                mpu_convert
 .text.mpu_read_raw
                0x100006e0       0xf8 CMakeFiles/MPU6050_MotionAnalyzer.dir/mpu6050/mpu6050.c.obj
                0x100006e0                mpu_read_raw
 .text.mpu_set_sample_rate
                0x100007d8       0xa4 CMakeFiles/MPU6050_MotionAnalyzer.dir/mpu6050/mpu6050.c.obj
                0x100007d8                mpu_set_sample_rate
 .text.mpu_get_offset
                0x1000087c       0xb0 CMakeFiles/MPU6050_MotionAnalyzer.dir/mpu6050/mpu6050.c.obj
                0x1000087c                mpu_get_offset
 .text.mpu_init
                0x1000092c       0x80 CMakeFiles/MPU6050_MotionAnalyzer.dir/mpu6050/mpu6050.c.obj
                0x1000092c                mpu_init
 .text.mpu_remove_gravity
                0x100009ac       0xac CMakeFiles/MPU6050_MotionAnalyzer.dir/mpu6050/mpu6050.c.obj
                0x100009ac                mpu_remove_gravity
 .text.mpu_read
                0x10000a58       0x60 CMakeFiles/MPU6050_MotionAnalyzer.dir/mpu6050/mpu6050.c.obj
                0x10000a58                mpu_read
 .text.mpu_callback
                0x10000ab8        0xa CMakeFiles/MPU6050_MotionAnalyzer.dir/mpu6050/mpu6050.c.obj
                0x10000ab8                mpu_callback
 .text.Ring_buffer_init
                0x10000ac2       0x16 CMakeFiles/MPU6050_MotionAnalyzer.dir/ringbuffer/ringbuffer.c.obj
                0x10000ac2                Ring_buffer_init
 .text.Ring_buffer_push
                0x10000ad8       0x2c CMakeFiles/MPU6050_MotionAnalyzer.dir/ringbuffer/ringbuffer.c.obj
                0x10000ad8                Ring_buffer_push
 .text.check_gpio_param
                0x10000b04       0x20 CMakeFiles/MPU6050_MotionAnalyzer.dir/C_/VSARM/sdk/pico/pico-sdk/src/rp2_common/hardware_gpio/gpio.c.obj
 .text.gpio_set_function
                0x10000b24       0x54 CMakeFiles/MPU6050_MotionAnalyzer.dir/C_/VSARM/sdk/pico/pico-sdk/src/rp2_common/hardware_gpio/gpio.c.obj
                0x10000b24                gpio_set_function
 .text.gpio_set_pulls
                0x10000b78       0x40 CMakeFiles/MPU6050_MotionAnalyzer.dir/C_/VSARM/sdk/pico/pico-sdk/src/rp2_common/hardware_gpio/gpio.c.obj
                0x10000b78                gpio_set_pulls
 .text.running_on_fpga
                0x10000bb8       0x14 CMakeFiles/MPU6050_MotionAnalyzer.dir/C_/VSARM/sdk/pico/pico-sdk/src/rp2_common/pico_platform/platform.c.obj
                0x10000bb8                running_on_fpga
 .text.hw_claim_lock
                0x10000bcc       0x18 CMakeFiles/MPU6050_MotionAnalyzer.dir/C_/VSARM/sdk/pico/pico-sdk/src/rp2_common/hardware_claim/claim.c.obj
                0x10000bcc                hw_claim_lock
 .text.hw_claim_unlock
                0x10000be4       0x14 CMakeFiles/MPU6050_MotionAnalyzer.dir/C_/VSARM/sdk/pico/pico-sdk/src/rp2_common/hardware_claim/claim.c.obj
                0x10000be4                hw_claim_unlock
 .text.hw_claim_or_assert
                0x10000bf8       0x32 CMakeFiles/MPU6050_MotionAnalyzer.dir/C_/VSARM/sdk/pico/pico-sdk/src/rp2_common/hardware_claim/claim.c.obj
                0x10000bf8                hw_claim_or_assert
 .text.hw_claim_unused_from_range
                0x10000c2a       0x50 CMakeFiles/MPU6050_MotionAnalyzer.dir/C_/VSARM/sdk/pico/pico-sdk/src/rp2_common/hardware_claim/claim.c.obj
                0x10000c2a                hw_claim_unused_from_range
 *fill*         0x10000c7a        0x2 
 .text.spin_locks_reset
                0x10000c7c       0x20 CMakeFiles/MPU6050_MotionAnalyzer.dir/C_/VSARM/sdk/pico/pico-sdk/src/rp2_common/hardware_sync/sync.c.obj
                0x10000c7c                spin_locks_reset
 .text.next_striped_spin_lock_num
                0x10000c9c       0x1c CMakeFiles/MPU6050_MotionAnalyzer.dir/C_/VSARM/sdk/pico/pico-sdk/src/rp2_common/hardware_sync/sync.c.obj
                0x10000c9c                next_striped_spin_lock_num
 .text.spin_lock_claim_unused
                0x10000cb8       0x24 CMakeFiles/MPU6050_MotionAnalyzer.dir/C_/VSARM/sdk/pico/pico-sdk/src/rp2_common/hardware_sync/sync.c.obj
                0x10000cb8                spin_lock_claim_unused
 .text.set_raw_irq_handler_and_unlock
                0x10000cdc       0x28 CMakeFiles/MPU6050_MotionAnalyzer.dir/C_/VSARM/sdk/pico/pico-sdk/src/rp2_common/hardware_irq/irq.c.obj
 .text.check_irq_param
                0x10000d04       0x20 CMakeFiles/MPU6050_MotionAnalyzer.dir/C_/VSARM/sdk/pico/pico-sdk/src/rp2_common/hardware_irq/irq.c.obj
 .text.resolve_branch
                0x10000d24       0x30 CMakeFiles/MPU6050_MotionAnalyzer.dir/C_/VSARM/sdk/pico/pico-sdk/src/rp2_common/hardware_irq/irq.c.obj
 .text.make_branch
                0x10000d54       0x48 CMakeFiles/MPU6050_MotionAnalyzer.dir/C_/VSARM/sdk/pico/pico-sdk/src/rp2_common/hardware_irq/irq.c.obj
 .text.insert_branch_and_link
                0x10000d9c       0x40 CMakeFiles/MPU6050_MotionAnalyzer.dir/C_/VSARM/sdk/pico/pico-sdk/src/rp2_common/hardware_irq/irq.c.obj
 .text.irq_is_enabled
                0x10000ddc       0x20 CMakeFiles/MPU6050_MotionAnalyzer.dir/C_/VSARM/sdk/pico/pico-sdk/src/rp2_common/hardware_irq/irq.c.obj
                0x10000ddc                irq_is_enabled
 .text.irq_set_mask_enabled
                0x10000dfc       0x20 CMakeFiles/MPU6050_MotionAnalyzer.dir/C_/VSARM/sdk/pico/pico-sdk/src/rp2_common/hardware_irq/irq.c.obj
                0x10000dfc                irq_set_mask_enabled
 .text.irq_set_enabled
                0x10000e1c       0x16 CMakeFiles/MPU6050_MotionAnalyzer.dir/C_/VSARM/sdk/pico/pico-sdk/src/rp2_common/hardware_irq/irq.c.obj
                0x10000e1c                irq_set_enabled
 *fill*         0x10000e32        0x2 
 .text.irq_set_pending
                0x10000e34       0x18 CMakeFiles/MPU6050_MotionAnalyzer.dir/C_/VSARM/sdk/pico/pico-sdk/src/rp2_common/hardware_irq/irq.c.obj
                0x10000e34                irq_set_pending
 .text.irq_get_vtable_handler
                0x10000e4c       0x18 CMakeFiles/MPU6050_MotionAnalyzer.dir/C_/VSARM/sdk/pico/pico-sdk/src/rp2_common/hardware_irq/irq.c.obj
                0x10000e4c                irq_get_vtable_handler
 .text.irq_has_shared_handler
                0x10000e64       0x2c CMakeFiles/MPU6050_MotionAnalyzer.dir/C_/VSARM/sdk/pico/pico-sdk/src/rp2_common/hardware_irq/irq.c.obj
                0x10000e64                irq_has_shared_handler
 .text.irq_set_exclusive_handler
                0x10000e90       0x58 CMakeFiles/MPU6050_MotionAnalyzer.dir/C_/VSARM/sdk/pico/pico-sdk/src/rp2_common/hardware_irq/irq.c.obj
                0x10000e90                irq_set_exclusive_handler
 .text.irq_add_shared_handler
                0x10000ee8      0x214 CMakeFiles/MPU6050_MotionAnalyzer.dir/C_/VSARM/sdk/pico/pico-sdk/src/rp2_common/hardware_irq/irq.c.obj
                0x10000ee8                irq_add_shared_handler
 .text.irq_remove_handler
                0x100010fc      0x188 CMakeFiles/MPU6050_MotionAnalyzer.dir/C_/VSARM/sdk/pico/pico-sdk/src/rp2_common/hardware_irq/irq.c.obj
                0x100010fc                irq_remove_handler
 .text.irq_add_tail_to_free_list
                0x10001284       0xf0 CMakeFiles/MPU6050_MotionAnalyzer.dir/C_/VSARM/sdk/pico/pico-sdk/src/rp2_common/hardware_irq/irq.c.obj
                0x10001284                irq_add_tail_to_free_list
 .text.irq_init_priorities
                0x10001374       0x1c CMakeFiles/MPU6050_MotionAnalyzer.dir/C_/VSARM/sdk/pico/pico-sdk/src/rp2_common/hardware_irq/irq.c.obj
                0x10001374                irq_init_priorities
 .text.user_irq_claim_unused
                0x10001390       0x2c CMakeFiles/MPU6050_MotionAnalyzer.dir/C_/VSARM/sdk/pico/pico-sdk/src/rp2_common/hardware_irq/irq.c.obj
                0x10001390                user_irq_claim_unused
 .text.lock_init
                0x100013bc       0x30 CMakeFiles/MPU6050_MotionAnalyzer.dir/C_/VSARM/sdk/pico/pico-sdk/src/common/pico_sync/lock_core.c.obj
                0x100013bc                lock_init
 .text.update_us_since_boot
                0x100013ec       0x24 CMakeFiles/MPU6050_MotionAnalyzer.dir/C_/VSARM/sdk/pico/pico-sdk/src/common/pico_sync/mutex.c.obj
 .text.delayed_by_ms
                0x10001410       0x44 CMakeFiles/MPU6050_MotionAnalyzer.dir/C_/VSARM/sdk/pico/pico-sdk/src/common/pico_sync/mutex.c.obj
 .text.get_absolute_time
                0x10001454       0x22 CMakeFiles/MPU6050_MotionAnalyzer.dir/C_/VSARM/sdk/pico/pico-sdk/src/common/pico_sync/mutex.c.obj
 .text.make_timeout_time_ms
                0x10001476       0x20 CMakeFiles/MPU6050_MotionAnalyzer.dir/C_/VSARM/sdk/pico/pico-sdk/src/common/pico_sync/mutex.c.obj
 .text.mutex_init
                0x10001496       0x1a CMakeFiles/MPU6050_MotionAnalyzer.dir/C_/VSARM/sdk/pico/pico-sdk/src/common/pico_sync/mutex.c.obj
                0x10001496                mutex_init
 .text.recursive_mutex_init
                0x100014b0       0x1e CMakeFiles/MPU6050_MotionAnalyzer.dir/C_/VSARM/sdk/pico/pico-sdk/src/common/pico_sync/mutex.c.obj
                0x100014b0                recursive_mutex_init
 *fill*         0x100014ce        0x2 
 .text.critical_section_init_with_lock_num
                0x100014d0       0x34 CMakeFiles/MPU6050_MotionAnalyzer.dir/C_/VSARM/sdk/pico/pico-sdk/src/common/pico_sync/critical_section.c.obj
                0x100014d0                critical_section_init_with_lock_num
 .text.critical_section_init
                0x10001504       0x14 CMakeFiles/MPU6050_MotionAnalyzer.dir/C_/VSARM/sdk/pico/pico-sdk/src/common/pico_sync/critical_section.c.obj
                0x10001504                critical_section_init
 .text.time_reached
                0x10001518       0x28 CMakeFiles/MPU6050_MotionAnalyzer.dir/C_/VSARM/sdk/pico/pico-sdk/src/common/pico_time/time.c.obj
 .text.get_entry
                0x10001540       0x38 CMakeFiles/MPU6050_MotionAnalyzer.dir/C_/VSARM/sdk/pico/pico-sdk/src/common/pico_time/time.c.obj
 .text.timer_pool_entry_comparator
                0x10001578       0x2e CMakeFiles/MPU6050_MotionAnalyzer.dir/C_/VSARM/sdk/pico/pico-sdk/src/common/pico_time/time.c.obj
                0x10001578                timer_pool_entry_comparator
 *fill*         0x100015a6        0x2 
 .text.update_us_since_boot
                0x100015a8       0x24 CMakeFiles/MPU6050_MotionAnalyzer.dir/C_/VSARM/sdk/pico/pico-sdk/src/common/pico_time/time.c.obj
 .text.delayed_by_us
                0x100015cc       0x34 CMakeFiles/MPU6050_MotionAnalyzer.dir/C_/VSARM/sdk/pico/pico-sdk/src/common/pico_time/time.c.obj
 .text.ph_get_node
                0x10001600       0x30 CMakeFiles/MPU6050_MotionAnalyzer.dir/C_/VSARM/sdk/pico/pico-sdk/src/common/pico_time/time.c.obj
 .text.ph_contains_node
                0x10001630       0x1e CMakeFiles/MPU6050_MotionAnalyzer.dir/C_/VSARM/sdk/pico/pico-sdk/src/common/pico_time/time.c.obj
 .text.ph_new_node
                0x1000164e       0x28 CMakeFiles/MPU6050_MotionAnalyzer.dir/C_/VSARM/sdk/pico/pico-sdk/src/common/pico_time/time.c.obj
 *fill*         0x10001676        0x2 
 .text.ph_add_child_node
                0x10001678       0x6c CMakeFiles/MPU6050_MotionAnalyzer.dir/C_/VSARM/sdk/pico/pico-sdk/src/common/pico_time/time.c.obj
 .text.ph_merge_nodes
                0x100016e4       0x3e CMakeFiles/MPU6050_MotionAnalyzer.dir/C_/VSARM/sdk/pico/pico-sdk/src/common/pico_time/time.c.obj
 *fill*         0x10001722        0x2 
 .text.ph_insert_node
                0x10001724       0x3c CMakeFiles/MPU6050_MotionAnalyzer.dir/C_/VSARM/sdk/pico/pico-sdk/src/common/pico_time/time.c.obj
 .text.ph_free_node
                0x10001760       0x5c CMakeFiles/MPU6050_MotionAnalyzer.dir/C_/VSARM/sdk/pico/pico-sdk/src/common/pico_time/time.c.obj
 .text.get_entry_id_high
                0x100017bc       0x30 CMakeFiles/MPU6050_MotionAnalyzer.dir/C_/VSARM/sdk/pico/pico-sdk/src/common/pico_time/time.c.obj
 .text.repeating_timer_callback
                0x100017ec       0x40 CMakeFiles/MPU6050_MotionAnalyzer.dir/C_/VSARM/sdk/pico/pico-sdk/src/common/pico_time/time.c.obj
 .text.alarm_pool_post_alloc_init
                0x1000182c       0x5c CMakeFiles/MPU6050_MotionAnalyzer.dir/C_/VSARM/sdk/pico/pico-sdk/src/common/pico_time/time.c.obj
 .text.sleep_until_callback
                0x10001888       0x30 CMakeFiles/MPU6050_MotionAnalyzer.dir/C_/VSARM/sdk/pico/pico-sdk/src/common/pico_time/time.c.obj
 .text.get_absolute_time
                0x100018b8       0x22 CMakeFiles/MPU6050_MotionAnalyzer.dir/C_/VSARM/sdk/pico/pico-sdk/src/common/pico_time/time.c.obj
 .text.make_timeout_time_us
                0x100018da       0x24 CMakeFiles/MPU6050_MotionAnalyzer.dir/C_/VSARM/sdk/pico/pico-sdk/src/common/pico_time/time.c.obj
 *fill*         0x100018fe        0x2 
 .text.add_alarm_under_lock
                0x10001900       0x94 CMakeFiles/MPU6050_MotionAnalyzer.dir/C_/VSARM/sdk/pico/pico-sdk/src/common/pico_time/time.c.obj
 .text.alarm_pool_alarm_callback
                0x10001994      0x210 CMakeFiles/MPU6050_MotionAnalyzer.dir/C_/VSARM/sdk/pico/pico-sdk/src/common/pico_time/time.c.obj
 .text.alarm_pool_init_default
                0x10001ba4       0x40 CMakeFiles/MPU6050_MotionAnalyzer.dir/C_/VSARM/sdk/pico/pico-sdk/src/common/pico_time/time.c.obj
                0x10001ba4                alarm_pool_init_default
 .text.alarm_pool_get_default
                0x10001be4       0x2c CMakeFiles/MPU6050_MotionAnalyzer.dir/C_/VSARM/sdk/pico/pico-sdk/src/common/pico_time/time.c.obj
                0x10001be4                alarm_pool_get_default
 .text.alarm_pool_add_alarm_at
                0x10001c10      0x10e CMakeFiles/MPU6050_MotionAnalyzer.dir/C_/VSARM/sdk/pico/pico-sdk/src/common/pico_time/time.c.obj
                0x10001c10                alarm_pool_add_alarm_at
 .text.add_alarm_at
                0x10001d1e       0x2e CMakeFiles/MPU6050_MotionAnalyzer.dir/C_/VSARM/sdk/pico/pico-sdk/src/common/pico_time/time.c.obj
 .text.alarm_pool_cancel_alarm
                0x10001d4c       0xa8 CMakeFiles/MPU6050_MotionAnalyzer.dir/C_/VSARM/sdk/pico/pico-sdk/src/common/pico_time/time.c.obj
                0x10001d4c                alarm_pool_cancel_alarm
 .text.cancel_alarm
                0x10001df4       0x10 CMakeFiles/MPU6050_MotionAnalyzer.dir/C_/VSARM/sdk/pico/pico-sdk/src/common/pico_time/time.c.obj
 .text.alarm_pool_core_num
                0x10001e04        0x4 CMakeFiles/MPU6050_MotionAnalyzer.dir/C_/VSARM/sdk/pico/pico-sdk/src/common/pico_time/time.c.obj
                0x10001e04                alarm_pool_core_num
 .text.alarm_pool_add_repeating_timer_us
                0x10001e08       0x5c CMakeFiles/MPU6050_MotionAnalyzer.dir/C_/VSARM/sdk/pico/pico-sdk/src/common/pico_time/time.c.obj
                0x10001e08                alarm_pool_add_repeating_timer_us
 .text.sleep_until
                0x10001e64       0xb0 CMakeFiles/MPU6050_MotionAnalyzer.dir/C_/VSARM/sdk/pico/pico-sdk/src/common/pico_time/time.c.obj
                0x10001e64                sleep_until
 .text.sleep_us
                0x10001f14       0x1a CMakeFiles/MPU6050_MotionAnalyzer.dir/C_/VSARM/sdk/pico/pico-sdk/src/common/pico_time/time.c.obj
                0x10001f14                sleep_us
 .text.sleep_ms
                0x10001f2e       0x14 CMakeFiles/MPU6050_MotionAnalyzer.dir/C_/VSARM/sdk/pico/pico-sdk/src/common/pico_time/time.c.obj
                0x10001f2e                sleep_ms
 *fill*         0x10001f42        0x2 
 .text.best_effort_wfe_or_timeout
                0x10001f44       0x44 CMakeFiles/MPU6050_MotionAnalyzer.dir/C_/VSARM/sdk/pico/pico-sdk/src/common/pico_time/time.c.obj
                0x10001f44                best_effort_wfe_or_timeout
 .text.check_hardware_alarm_num_param
                0x10001f88       0x20 CMakeFiles/MPU6050_MotionAnalyzer.dir/C_/VSARM/sdk/pico/pico-sdk/src/rp2_common/hardware_timer/timer.c.obj
 .text.hardware_alarm_irq_handler
                0x10001fa8       0x94 CMakeFiles/MPU6050_MotionAnalyzer.dir/C_/VSARM/sdk/pico/pico-sdk/src/rp2_common/hardware_timer/timer.c.obj
 .text.hardware_alarm_claim
                0x1000203c       0x1c CMakeFiles/MPU6050_MotionAnalyzer.dir/C_/VSARM/sdk/pico/pico-sdk/src/rp2_common/hardware_timer/timer.c.obj
                0x1000203c                hardware_alarm_claim
 .text.time_us_64
                0x10002058       0x18 CMakeFiles/MPU6050_MotionAnalyzer.dir/C_/VSARM/sdk/pico/pico-sdk/src/rp2_common/hardware_timer/timer.c.obj
                0x10002058                time_us_64
 .text.busy_wait_until
                0x10002070       0x28 CMakeFiles/MPU6050_MotionAnalyzer.dir/C_/VSARM/sdk/pico/pico-sdk/src/rp2_common/hardware_timer/timer.c.obj
                0x10002070                busy_wait_until
 .text.hardware_alarm_set_callback
                0x10002098       0x94 CMakeFiles/MPU6050_MotionAnalyzer.dir/C_/VSARM/sdk/pico/pico-sdk/src/rp2_common/hardware_timer/timer.c.obj
                0x10002098                hardware_alarm_set_callback
 .text.hardware_alarm_set_target
                0x1000212c       0xe8 CMakeFiles/MPU6050_MotionAnalyzer.dir/C_/VSARM/sdk/pico/pico-sdk/src/rp2_common/hardware_timer/timer.c.obj
                0x1000212c                hardware_alarm_set_target
 .text.hardware_alarm_cancel
                0x10002214       0x48 CMakeFiles/MPU6050_MotionAnalyzer.dir/C_/VSARM/sdk/pico/pico-sdk/src/rp2_common/hardware_timer/timer.c.obj
                0x10002214                hardware_alarm_cancel
 .text.ph_get_node
                0x1000225c       0x30 CMakeFiles/MPU6050_MotionAnalyzer.dir/C_/VSARM/sdk/pico/pico-sdk/src/common/pico_util/pheap.c.obj
 .text.ph_add_child_node
                0x1000228c       0x6c CMakeFiles/MPU6050_MotionAnalyzer.dir/C_/VSARM/sdk/pico/pico-sdk/src/common/pico_util/pheap.c.obj
 .text.ph_merge_nodes
                0x100022f8       0x3e CMakeFiles/MPU6050_MotionAnalyzer.dir/C_/VSARM/sdk/pico/pico-sdk/src/common/pico_util/pheap.c.obj
 .text.ph_clear
                0x10002336       0x34 CMakeFiles/MPU6050_MotionAnalyzer.dir/C_/VSARM/sdk/pico/pico-sdk/src/common/pico_util/pheap.c.obj
                0x10002336                ph_clear
 *fill*         0x1000236a        0x2 
 .text.ph_post_alloc_init
                0x1000236c       0x2c CMakeFiles/MPU6050_MotionAnalyzer.dir/C_/VSARM/sdk/pico/pico-sdk/src/common/pico_util/pheap.c.obj
                0x1000236c                ph_post_alloc_init
 .text.ph_merge_two_pass
                0x10002398       0x5c CMakeFiles/MPU6050_MotionAnalyzer.dir/C_/VSARM/sdk/pico/pico-sdk/src/common/pico_util/pheap.c.obj
                0x10002398                ph_merge_two_pass
 .text.ph_remove_any_head
                0x100023f4       0xc0 CMakeFiles/MPU6050_MotionAnalyzer.dir/C_/VSARM/sdk/pico/pico-sdk/src/common/pico_util/pheap.c.obj
 .text.ph_remove_head
                0x100024b4       0x14 CMakeFiles/MPU6050_MotionAnalyzer.dir/C_/VSARM/sdk/pico/pico-sdk/src/common/pico_util/pheap.c.obj
                0x100024b4                ph_remove_head
 .text.ph_remove_and_free_node
                0x100024c8       0xa0 CMakeFiles/MPU6050_MotionAnalyzer.dir/C_/VSARM/sdk/pico/pico-sdk/src/common/pico_util/pheap.c.obj
                0x100024c8                ph_remove_and_free_node
 .text.clock_configure
                0x10002568      0x108 CMakeFiles/MPU6050_MotionAnalyzer.dir/C_/VSARM/sdk/pico/pico-sdk/src/rp2_common/hardware_clocks/clocks.c.obj
                0x10002568                clock_configure
 .text.clocks_init
                0x10002670      0x100 CMakeFiles/MPU6050_MotionAnalyzer.dir/C_/VSARM/sdk/pico/pico-sdk/src/rp2_common/hardware_clocks/clocks.c.obj
                0x10002670                clocks_init
 .text.clock_get_hz
                0x10002770        0xc CMakeFiles/MPU6050_MotionAnalyzer.dir/C_/VSARM/sdk/pico/pico-sdk/src/rp2_common/hardware_clocks/clocks.c.obj
                0x10002770                clock_get_hz
 .text.pll_init
                0x1000277c      0x120 CMakeFiles/MPU6050_MotionAnalyzer.dir/C_/VSARM/sdk/pico/pico-sdk/src/rp2_common/hardware_pll/pll.c.obj
                0x1000277c                pll_init
 .text.watchdog_start_tick
                0x1000289c       0x10 CMakeFiles/MPU6050_MotionAnalyzer.dir/C_/VSARM/sdk/pico/pico-sdk/src/rp2_common/hardware_watchdog/watchdog.c.obj
                0x1000289c                watchdog_start_tick
 .text.watchdog_update
                0x100028ac       0x14 CMakeFiles/MPU6050_MotionAnalyzer.dir/C_/VSARM/sdk/pico/pico-sdk/src/rp2_common/hardware_watchdog/watchdog.c.obj
                0x100028ac                watchdog_update
 .text._watchdog_enable
                0x100028c0       0x78 CMakeFiles/MPU6050_MotionAnalyzer.dir/C_/VSARM/sdk/pico/pico-sdk/src/rp2_common/hardware_watchdog/watchdog.c.obj
                0x100028c0                _watchdog_enable
 .text.watchdog_reboot
                0x10002938       0x48 CMakeFiles/MPU6050_MotionAnalyzer.dir/C_/VSARM/sdk/pico/pico-sdk/src/rp2_common/hardware_watchdog/watchdog.c.obj
                0x10002938                watchdog_reboot
 .text.xosc_init
                0x10002980       0x28 CMakeFiles/MPU6050_MotionAnalyzer.dir/C_/VSARM/sdk/pico/pico-sdk/src/rp2_common/hardware_xosc/xosc.c.obj
                0x10002980                xosc_init
 .text._exit    0x100029a8        0x4 CMakeFiles/MPU6050_MotionAnalyzer.dir/C_/VSARM/sdk/pico/pico-sdk/src/rp2_common/pico_runtime/runtime.c.obj
                0x100029a8                _exit
 .text._sbrk    0x100029ac       0x38 CMakeFiles/MPU6050_MotionAnalyzer.dir/C_/VSARM/sdk/pico/pico-sdk/src/rp2_common/pico_runtime/runtime.c.obj
                0x100029ac                _sbrk
 .text.exit     0x100029e4        0x6 CMakeFiles/MPU6050_MotionAnalyzer.dir/C_/VSARM/sdk/pico/pico-sdk/src/rp2_common/pico_runtime/runtime.c.obj
                0x100029e4                exit
 *fill*         0x100029ea        0x2 
 .text.__assert_func
                0x100029ec       0x38 CMakeFiles/MPU6050_MotionAnalyzer.dir/C_/VSARM/sdk/pico/pico-sdk/src/rp2_common/pico_runtime/runtime.c.obj
                0x100029ec                __assert_func
 .text.runtime_init
                0x10002a24       0xf8 CMakeFiles/MPU6050_MotionAnalyzer.dir/C_/VSARM/sdk/pico/pico-sdk/src/rp2_common/pico_runtime/runtime.c.obj
                0x10002a24                runtime_init
 .text.panic    0x10002b1c       0x30 CMakeFiles/MPU6050_MotionAnalyzer.dir/C_/VSARM/sdk/pico/pico-sdk/src/rp2_common/pico_runtime/runtime.c.obj
                0x10002b1c                panic
 .text._out_null
                0x10002b4c        0x2 CMakeFiles/MPU6050_MotionAnalyzer.dir/C_/VSARM/sdk/pico/pico-sdk/src/rp2_common/pico_printf/printf.c.obj
 .text._out_fct
                0x10002b4e        0xe CMakeFiles/MPU6050_MotionAnalyzer.dir/C_/VSARM/sdk/pico/pico-sdk/src/rp2_common/pico_printf/printf.c.obj
 .text._atoi    0x10002b5c       0x24 CMakeFiles/MPU6050_MotionAnalyzer.dir/C_/VSARM/sdk/pico/pico-sdk/src/rp2_common/pico_printf/printf.c.obj
 .text._out_rev
                0x10002b80       0xae CMakeFiles/MPU6050_MotionAnalyzer.dir/C_/VSARM/sdk/pico/pico-sdk/src/rp2_common/pico_printf/printf.c.obj
 .text._ntoa_format
                0x10002c2e      0x110 CMakeFiles/MPU6050_MotionAnalyzer.dir/C_/VSARM/sdk/pico/pico-sdk/src/rp2_common/pico_printf/printf.c.obj
 .text._ntoa_long
                0x10002d3e       0xbc CMakeFiles/MPU6050_MotionAnalyzer.dir/C_/VSARM/sdk/pico/pico-sdk/src/rp2_common/pico_printf/printf.c.obj
 .text._ntoa_long_long
                0x10002dfa      0x10e CMakeFiles/MPU6050_MotionAnalyzer.dir/C_/VSARM/sdk/pico/pico-sdk/src/rp2_common/pico_printf/printf.c.obj
 .text._etoa    0x10002f08      0x420 CMakeFiles/MPU6050_MotionAnalyzer.dir/C_/VSARM/sdk/pico/pico-sdk/src/rp2_common/pico_printf/printf.c.obj
 .text._ftoa    0x10003328      0x354 CMakeFiles/MPU6050_MotionAnalyzer.dir/C_/VSARM/sdk/pico/pico-sdk/src/rp2_common/pico_printf/printf.c.obj
 .text._vsnprintf
                0x1000367c      0x65c CMakeFiles/MPU6050_MotionAnalyzer.dir/C_/VSARM/sdk/pico/pico-sdk/src/rp2_common/pico_printf/printf.c.obj
 .text.vfctprintf
                0x10003cd8       0x20 CMakeFiles/MPU6050_MotionAnalyzer.dir/C_/VSARM/sdk/pico/pico-sdk/src/rp2_common/pico_printf/printf.c.obj
                0x10003cd8                vfctprintf
 .text          0x10003cf8       0x10 CMakeFiles/MPU6050_MotionAnalyzer.dir/C_/VSARM/sdk/pico/pico-sdk/src/rp2_common/pico_bit_ops/bit_ops_aeabi.S.obj
 .text.rom_func_lookup
                0x10003d08       0x10 CMakeFiles/MPU6050_MotionAnalyzer.dir/C_/VSARM/sdk/pico/pico-sdk/src/rp2_common/pico_bootrom/bootrom.c.obj
                0x10003d08                rom_func_lookup
 .text.rom_data_lookup
                0x10003d18       0x10 CMakeFiles/MPU6050_MotionAnalyzer.dir/C_/VSARM/sdk/pico/pico-sdk/src/rp2_common/pico_bootrom/bootrom.c.obj
                0x10003d18                rom_data_lookup
 .text.rom_funcs_lookup
                0x10003d28       0x36 CMakeFiles/MPU6050_MotionAnalyzer.dir/C_/VSARM/sdk/pico/pico-sdk/src/rp2_common/pico_bootrom/bootrom.c.obj
                0x10003d28                rom_funcs_lookup
 *fill*         0x10003d5e        0x2 
 .text.__wrap___aeabi_idiv
                0x10003d60       0x50 CMakeFiles/MPU6050_MotionAnalyzer.dir/C_/VSARM/sdk/pico/pico-sdk/src/rp2_common/pico_divider/divider.S.obj
                0x10003d60                __wrap___aeabi_idivmod
                0x10003d60                divmod_s32s32
                0x10003d60                div_s32s32
                0x10003d60                __wrap___aeabi_idiv
                0x10003d68                divmod_s32s32_unsafe
                0x10003d94                divmod_s32s32_savestate
 .text.__wrap___aeabi_uidiv
                0x10003db0       0x4c CMakeFiles/MPU6050_MotionAnalyzer.dir/C_/VSARM/sdk/pico/pico-sdk/src/rp2_common/pico_divider/divider.S.obj
                0x10003db0                __wrap___aeabi_uidiv
                0x10003db0                __wrap___aeabi_uidivmod
                0x10003db0                div_u32u32
                0x10003db0                divmod_u32u32
                0x10003db8                divmod_u32u32_unsafe
                0x10003de0                divmod_u32u32_savestate
 .text.__wrap___aeabi_ldiv
                0x10003dfc      0x424 CMakeFiles/MPU6050_MotionAnalyzer.dir/C_/VSARM/sdk/pico/pico-sdk/src/rp2_common/pico_divider/divider.S.obj
                0x10003dfc                div_s64s64
                0x10003dfc                divmod_s64s64
                0x10003dfc                __wrap___aeabi_ldivmod
                0x10003e2c                divmod_u64u64
                0x10003e2c                div_u64u64
                0x10003e2c                __wrap___aeabi_uldivmod
                0x10003e3c                divmod_u64u64_savestate
                0x10003e5c                divmod_s64s64_unsafe
                0x10003ee4                divmod_u64u64_unsafe
 .text.__wrap___aeabi_darithmetic
                0x10004220       0x80 CMakeFiles/MPU6050_MotionAnalyzer.dir/C_/VSARM/sdk/pico/pico-sdk/src/rp2_common/pico_double/double_aeabi.S.obj
                0x10004220                __wrap___aeabi_drsub
                0x10004226                __wrap___aeabi_dsub
                0x10004238                __wrap___aeabi_dadd
                0x1000424a                __wrap___aeabi_ddiv
                0x10004286                __wrap___aeabi_dmul
 .text.__wrap___aeabi_cdcmple
                0x100042a0       0x6c CMakeFiles/MPU6050_MotionAnalyzer.dir/C_/VSARM/sdk/pico/pico-sdk/src/rp2_common/pico_double/double_aeabi.S.obj
                0x100042a0                __wrap___aeabi_cdrcmple
                0x100042b0                __wrap___aeabi_cdcmpeq
                0x100042b0                __wrap___aeabi_cdcmple
 .text.__wrap___aeabi_dcmplt
                0x1000430c        0xc CMakeFiles/MPU6050_MotionAnalyzer.dir/C_/VSARM/sdk/pico/pico-sdk/src/rp2_common/pico_double/double_aeabi.S.obj
                0x1000430c                __wrap___aeabi_dcmplt
 .text.__wrap___aeabi_dcmple
                0x10004318       0x10 CMakeFiles/MPU6050_MotionAnalyzer.dir/C_/VSARM/sdk/pico/pico-sdk/src/rp2_common/pico_double/double_aeabi.S.obj
                0x10004318                __wrap___aeabi_dcmple
 .text.__wrap___aeabi_dcmpge
                0x10004328       0x10 CMakeFiles/MPU6050_MotionAnalyzer.dir/C_/VSARM/sdk/pico/pico-sdk/src/rp2_common/pico_double/double_aeabi.S.obj
                0x10004328                __wrap___aeabi_dcmpge
 .text.__wrap___aeabi_dcmpgt
                0x10004338        0xa CMakeFiles/MPU6050_MotionAnalyzer.dir/C_/VSARM/sdk/pico/pico-sdk/src/rp2_common/pico_double/double_aeabi.S.obj
                0x10004338                __wrap___aeabi_dcmpgt
 .text.__wrap___aeabi_dcmpun
                0x10004342       0x1c CMakeFiles/MPU6050_MotionAnalyzer.dir/C_/VSARM/sdk/pico/pico-sdk/src/rp2_common/pico_double/double_aeabi.S.obj
                0x10004342                __wrap___aeabi_dcmpun
 *fill*         0x1000435e        0x2 
 .text.__wrap___aeabi_i2d
                0x10004360       0x38 CMakeFiles/MPU6050_MotionAnalyzer.dir/C_/VSARM/sdk/pico/pico-sdk/src/rp2_common/pico_double/double_aeabi.S.obj
                0x10004360                __wrap___aeabi_ui2d
                0x10004368                __wrap___aeabi_i2d
 .text.__wrap___aeabi_d2iz
                0x10004398       0x48 CMakeFiles/MPU6050_MotionAnalyzer.dir/C_/VSARM/sdk/pico/pico-sdk/src/rp2_common/pico_double/double_aeabi.S.obj
                0x10004398                double2int_z
                0x10004398                __wrap___aeabi_d2iz
 .text.__wrap___aeabi_d2uiz
                0x100043e0       0x18 CMakeFiles/MPU6050_MotionAnalyzer.dir/C_/VSARM/sdk/pico/pico-sdk/src/rp2_common/pico_double/double_aeabi.S.obj
                0x100043e0                __wrap___aeabi_d2uiz
                0x100043e0                double2uint
 .text.__wrap___aeabi_d2f
                0x100043f8       0x18 CMakeFiles/MPU6050_MotionAnalyzer.dir/C_/VSARM/sdk/pico/pico-sdk/src/rp2_common/pico_double/double_aeabi.S.obj
                0x100043f8                __wrap___aeabi_d2f
 .text.__aeabi_double_init
                0x10004410       0xcc CMakeFiles/MPU6050_MotionAnalyzer.dir/C_/VSARM/sdk/pico/pico-sdk/src/rp2_common/pico_double/double_init_rom.c.obj
                0x10004410                __aeabi_double_init
 .text.double_table_shim_on_use_helper
                0x100044dc       0x34 CMakeFiles/MPU6050_MotionAnalyzer.dir/C_/VSARM/sdk/pico/pico-sdk/src/rp2_common/pico_double/double_v1_rom_shim.S.obj
                0x100044dc                double_table_shim_on_use_helper
 .text.__wrap___aeabi_dsub
                0x10004510       0x10 CMakeFiles/MPU6050_MotionAnalyzer.dir/C_/VSARM/sdk/pico/pico-sdk/src/rp2_common/pico_double/double_v1_rom_shim.S.obj
                0x10004510                drsub_shim
                0x10004516                dsub_shim
 .text.dadd_shim
                0x10004520      0x15c CMakeFiles/MPU6050_MotionAnalyzer.dir/C_/VSARM/sdk/pico/pico-sdk/src/rp2_common/pico_double/double_v1_rom_shim.S.obj
                0x10004520                dadd_shim
 .text.dmul_shim
                0x1000467c      0x15c CMakeFiles/MPU6050_MotionAnalyzer.dir/C_/VSARM/sdk/pico/pico-sdk/src/rp2_common/pico_double/double_v1_rom_shim.S.obj
                0x1000467c                dmul_shim
 .text.ddiv_shim
                0x100047d8      0x1b0 CMakeFiles/MPU6050_MotionAnalyzer.dir/C_/VSARM/sdk/pico/pico-sdk/src/rp2_common/pico_double/double_v1_rom_shim.S.obj
                0x100047d8                ddiv_shim
 .text.double2uint_shim
                0x10004988        0xe CMakeFiles/MPU6050_MotionAnalyzer.dir/C_/VSARM/sdk/pico/pico-sdk/src/rp2_common/pico_double/double_v1_rom_shim.S.obj
                0x10004988                double2uint_shim
                0x1000498a                double2ufix_shim
 *fill*         0x10004996        0x2 
 .text.double2uint64_shim
                0x10004998       0x70 CMakeFiles/MPU6050_MotionAnalyzer.dir/C_/VSARM/sdk/pico/pico-sdk/src/rp2_common/pico_double/double_v1_rom_shim.S.obj
                0x10004998                double2uint64_shim
                0x1000499a                double2ufix64_shim
                0x100049ba                d2fix_a
 .text.double2float_shim
                0x10004a08       0x5c CMakeFiles/MPU6050_MotionAnalyzer.dir/C_/VSARM/sdk/pico/pico-sdk/src/rp2_common/pico_double/double_v1_rom_shim.S.obj
                0x10004a08                double2float_shim
 .text.dunpacks
                0x10004a64       0x3c CMakeFiles/MPU6050_MotionAnalyzer.dir/C_/VSARM/sdk/pico/pico-sdk/src/rp2_common/pico_double/double_v1_rom_shim.S.obj
                0x10004a64                dunpacks
 .text.__aeabi_lmul
                0x10004aa0       0x32 CMakeFiles/MPU6050_MotionAnalyzer.dir/C_/VSARM/sdk/pico/pico-sdk/src/rp2_common/pico_int64_ops/pico_int64_ops_aeabi.S.obj
                0x10004aa0                __wrap___aeabi_lmul
 *fill*         0x10004ad2        0x2 
 .text.__wrap___aeabi_farithmetic
                0x10004ad4       0x58 CMakeFiles/MPU6050_MotionAnalyzer.dir/C_/VSARM/sdk/pico/pico-sdk/src/rp2_common/pico_float/float_aeabi.S.obj
                0x10004ad4                __wrap___aeabi_frsub
                0x10004ada                __wrap___aeabi_fsub
                0x10004ae4                __wrap___aeabi_fadd
                0x10004aee                __wrap___aeabi_fdiv
                0x10004b1a                __wrap___aeabi_fmul
 .text.__wrap___aeabi_i2f
                0x10004b2c       0x44 CMakeFiles/MPU6050_MotionAnalyzer.dir/C_/VSARM/sdk/pico/pico-sdk/src/rp2_common/pico_float/float_aeabi.S.obj
                0x10004b2c                __wrap___aeabi_i2f
 .text.__wrap___aeabi_f2d
                0x10004b70       0x14 CMakeFiles/MPU6050_MotionAnalyzer.dir/C_/VSARM/sdk/pico/pico-sdk/src/rp2_common/pico_float/float_aeabi.S.obj
                0x10004b70                __wrap___aeabi_f2d
 .text.__aeabi_float_init
                0x10004b84       0xfc CMakeFiles/MPU6050_MotionAnalyzer.dir/C_/VSARM/sdk/pico/pico-sdk/src/rp2_common/pico_float/float_init_rom.c.obj
                0x10004b84                __aeabi_float_init
 .text.float_table_shim_on_use_helper
                0x10004c80       0x34 CMakeFiles/MPU6050_MotionAnalyzer.dir/C_/VSARM/sdk/pico/pico-sdk/src/rp2_common/pico_float/float_v1_rom_shim.S.obj
                0x10004c80                float_table_shim_on_use_helper
 .text.float2double_shim
                0x10004cb4       0x30 CMakeFiles/MPU6050_MotionAnalyzer.dir/C_/VSARM/sdk/pico/pico-sdk/src/rp2_common/pico_float/float_v1_rom_shim.S.obj
                0x10004cb4                float2double_shim
 .text.check_alloc
                0x10004ce4       0x20 CMakeFiles/MPU6050_MotionAnalyzer.dir/C_/VSARM/sdk/pico/pico-sdk/src/rp2_common/pico_malloc/pico_malloc.c.obj
 .text.__wrap_malloc
                0x10004d04       0x14 CMakeFiles/MPU6050_MotionAnalyzer.dir/C_/VSARM/sdk/pico/pico-sdk/src/rp2_common/pico_malloc/pico_malloc.c.obj
                0x10004d04                __wrap_malloc
 .text          0x10004d18       0x10 CMakeFiles/MPU6050_MotionAnalyzer.dir/C_/VSARM/sdk/pico/pico-sdk/src/rp2_common/pico_mem_ops/mem_ops_aeabi.S.obj
                0x10004d18                __aeabi_mem_init
 .text.memset   0x10004d28        0xc CMakeFiles/MPU6050_MotionAnalyzer.dir/C_/VSARM/sdk/pico/pico-sdk/src/rp2_common/pico_mem_ops/mem_ops_aeabi.S.obj
                0x10004d28                __wrap_memset
 .text.memcpy   0x10004d34        0xc CMakeFiles/MPU6050_MotionAnalyzer.dir/C_/VSARM/sdk/pico/pico-sdk/src/rp2_common/pico_mem_ops/mem_ops_aeabi.S.obj
                0x10004d34                __wrap_memcpy
                0x10004d34                __wrap___aeabi_memcpy
 .text.stdio_out_chars_no_crlf
                0x10004d40        0xe CMakeFiles/MPU6050_MotionAnalyzer.dir/C_/VSARM/sdk/pico/pico-sdk/src/rp2_common/pico_stdio/stdio.c.obj
 *fill*         0x10004d4e        0x2 
 .text.stdio_out_chars_crlf
                0x10004d50       0x80 CMakeFiles/MPU6050_MotionAnalyzer.dir/C_/VSARM/sdk/pico/pico-sdk/src/rp2_common/pico_stdio/stdio.c.obj
 .text.stdio_stack_buffer_flush
                0x10004dd0       0x44 CMakeFiles/MPU6050_MotionAnalyzer.dir/C_/VSARM/sdk/pico/pico-sdk/src/rp2_common/pico_stdio/stdio.c.obj
 .text.stdio_buffered_printer
                0x10004e14       0x20 CMakeFiles/MPU6050_MotionAnalyzer.dir/C_/VSARM/sdk/pico/pico-sdk/src/rp2_common/pico_stdio/stdio.c.obj
 .text.update_us_since_boot
                0x10004e34       0x24 CMakeFiles/MPU6050_MotionAnalyzer.dir/C_/VSARM/sdk/pico/pico-sdk/src/rp2_common/pico_stdio/stdio.c.obj
 .text.get_absolute_time
                0x10004e58       0x22 CMakeFiles/MPU6050_MotionAnalyzer.dir/C_/VSARM/sdk/pico/pico-sdk/src/rp2_common/pico_stdio/stdio.c.obj
 *fill*         0x10004e7a        0x2 
 .text.delayed_by_ms
                0x10004e7c       0x44 CMakeFiles/MPU6050_MotionAnalyzer.dir/C_/VSARM/sdk/pico/pico-sdk/src/rp2_common/pico_stdio/stdio.c.obj
 .text.make_timeout_time_ms
                0x10004ec0       0x20 CMakeFiles/MPU6050_MotionAnalyzer.dir/C_/VSARM/sdk/pico/pico-sdk/src/rp2_common/pico_stdio/stdio.c.obj
 .text.stdout_serialize_begin
                0x10004ee0       0x20 CMakeFiles/MPU6050_MotionAnalyzer.dir/C_/VSARM/sdk/pico/pico-sdk/src/rp2_common/pico_stdio/stdio.c.obj
                0x10004ee0                stdout_serialize_begin
 .text.stdout_serialize_end
                0x10004f00       0x10 CMakeFiles/MPU6050_MotionAnalyzer.dir/C_/VSARM/sdk/pico/pico-sdk/src/rp2_common/pico_stdio/stdio.c.obj
                0x10004f00                stdout_serialize_end
 .text.stdio_put_string
                0x10004f10       0x98 CMakeFiles/MPU6050_MotionAnalyzer.dir/C_/VSARM/sdk/pico/pico-sdk/src/rp2_common/pico_stdio/stdio.c.obj
 .text.stdio_set_driver_enabled
                0x10004fa8       0x2c CMakeFiles/MPU6050_MotionAnalyzer.dir/C_/VSARM/sdk/pico/pico-sdk/src/rp2_common/pico_stdio/stdio.c.obj
                0x10004fa8                stdio_set_driver_enabled
 .text.stdio_flush
                0x10004fd4       0x20 CMakeFiles/MPU6050_MotionAnalyzer.dir/C_/VSARM/sdk/pico/pico-sdk/src/rp2_common/pico_stdio/stdio.c.obj
                0x10004fd4                stdio_flush
 .text.__wrap_puts
                0x10004ff4       0x1e CMakeFiles/MPU6050_MotionAnalyzer.dir/C_/VSARM/sdk/pico/pico-sdk/src/rp2_common/pico_stdio/stdio.c.obj
                0x10004ff4                __wrap_puts
 *fill*         0x10005012        0x2 
 .text.__wrap_vprintf
                0x10005014       0x40 CMakeFiles/MPU6050_MotionAnalyzer.dir/C_/VSARM/sdk/pico/pico-sdk/src/rp2_common/pico_stdio/stdio.c.obj
                0x10005014                __wrap_vprintf
 .text.__wrap_printf
                0x10005054       0x18 CMakeFiles/MPU6050_MotionAnalyzer.dir/C_/VSARM/sdk/pico/pico-sdk/src/rp2_common/pico_stdio/stdio.c.obj
                0x10005054                __wrap_printf
 .text.stdio_init_all
                0x1000506c        0x8 CMakeFiles/MPU6050_MotionAnalyzer.dir/C_/VSARM/sdk/pico/pico-sdk/src/rp2_common/pico_stdio/stdio.c.obj
                0x1000506c                stdio_init_all
 .text.resetd_init
                0x10005074        0x2 CMakeFiles/MPU6050_MotionAnalyzer.dir/C_/VSARM/sdk/pico/pico-sdk/src/rp2_common/pico_stdio_usb/reset_interface.c.obj
 *fill*         0x10005076        0x2 
 .text.resetd_reset
                0x10005078        0xc CMakeFiles/MPU6050_MotionAnalyzer.dir/C_/VSARM/sdk/pico/pico-sdk/src/rp2_common/pico_stdio_usb/reset_interface.c.obj
 .text.resetd_open
                0x10005084       0x34 CMakeFiles/MPU6050_MotionAnalyzer.dir/C_/VSARM/sdk/pico/pico-sdk/src/rp2_common/pico_stdio_usb/reset_interface.c.obj
 .text.resetd_xfer_cb
                0x100050b8        0x4 CMakeFiles/MPU6050_MotionAnalyzer.dir/C_/VSARM/sdk/pico/pico-sdk/src/rp2_common/pico_stdio_usb/reset_interface.c.obj
 .text.reset_usb_boot
                0x100050bc       0x18 CMakeFiles/MPU6050_MotionAnalyzer.dir/C_/VSARM/sdk/pico/pico-sdk/src/rp2_common/pico_stdio_usb/reset_interface.c.obj
 .text.resetd_control_xfer_cb
                0x100050d4       0x5c CMakeFiles/MPU6050_MotionAnalyzer.dir/C_/VSARM/sdk/pico/pico-sdk/src/rp2_common/pico_stdio_usb/reset_interface.c.obj
 .text.usbd_app_driver_get_cb
                0x10005130        0xc CMakeFiles/MPU6050_MotionAnalyzer.dir/C_/VSARM/sdk/pico/pico-sdk/src/rp2_common/pico_stdio_usb/reset_interface.c.obj
                0x10005130                usbd_app_driver_get_cb
 .text.tud_cdc_line_coding_cb
                0x1000513c       0x28 CMakeFiles/MPU6050_MotionAnalyzer.dir/C_/VSARM/sdk/pico/pico-sdk/src/rp2_common/pico_stdio_usb/reset_interface.c.obj
                0x1000513c                tud_cdc_line_coding_cb
 .text.stdio_usb_set_chars_available_callback
                0x10005164       0x14 CMakeFiles/MPU6050_MotionAnalyzer.dir/C_/VSARM/sdk/pico/pico-sdk/src/rp2_common/pico_stdio_usb/stdio_usb.c.obj
                0x10005164                stdio_usb_set_chars_available_callback
 .text.update_us_since_boot
                0x10005178       0x24 CMakeFiles/MPU6050_MotionAnalyzer.dir/C_/VSARM/sdk/pico/pico-sdk/src/rp2_common/pico_stdio_usb/stdio_usb.c.obj
 .text.get_absolute_time
                0x1000519c       0x22 CMakeFiles/MPU6050_MotionAnalyzer.dir/C_/VSARM/sdk/pico/pico-sdk/src/rp2_common/pico_stdio_usb/stdio_usb.c.obj
 *fill*         0x100051be        0x2 
 .text.delayed_by_ms
                0x100051c0       0x44 CMakeFiles/MPU6050_MotionAnalyzer.dir/C_/VSARM/sdk/pico/pico-sdk/src/rp2_common/pico_stdio_usb/stdio_usb.c.obj
 .text.make_timeout_time_ms
                0x10005204       0x20 CMakeFiles/MPU6050_MotionAnalyzer.dir/C_/VSARM/sdk/pico/pico-sdk/src/rp2_common/pico_stdio_usb/stdio_usb.c.obj
 .text.delayed_by_us
                0x10005224       0x34 CMakeFiles/MPU6050_MotionAnalyzer.dir/C_/VSARM/sdk/pico/pico-sdk/src/rp2_common/pico_stdio_usb/stdio_usb.c.obj
 .text.usb_irq  0x10005258       0x10 CMakeFiles/MPU6050_MotionAnalyzer.dir/C_/VSARM/sdk/pico/pico-sdk/src/rp2_common/pico_stdio_usb/stdio_usb.c.obj
 .text.critical_section_enter_blocking
                0x10005268       0x16 CMakeFiles/MPU6050_MotionAnalyzer.dir/C_/VSARM/sdk/pico/pico-sdk/src/rp2_common/pico_stdio_usb/stdio_usb.c.obj
 *fill*         0x1000527e        0x2 
 .text.timer_task
                0x10005280       0x4c CMakeFiles/MPU6050_MotionAnalyzer.dir/C_/VSARM/sdk/pico/pico-sdk/src/rp2_common/pico_stdio_usb/stdio_usb.c.obj
 .text.alarm_pool_add_alarm_in_us
                0x100052cc       0x3a CMakeFiles/MPU6050_MotionAnalyzer.dir/C_/VSARM/sdk/pico/pico-sdk/src/rp2_common/pico_stdio_usb/stdio_usb.c.obj
 .text.add_alarm_in_us
                0x10005306       0x2e CMakeFiles/MPU6050_MotionAnalyzer.dir/C_/VSARM/sdk/pico/pico-sdk/src/rp2_common/pico_stdio_usb/stdio_usb.c.obj
 .text.low_priority_worker_irq
                0x10005334       0x7c CMakeFiles/MPU6050_MotionAnalyzer.dir/C_/VSARM/sdk/pico/pico-sdk/src/rp2_common/pico_stdio_usb/stdio_usb.c.obj
 .text.tud_cdc_rx_cb
                0x100053b0       0x20 CMakeFiles/MPU6050_MotionAnalyzer.dir/C_/VSARM/sdk/pico/pico-sdk/src/rp2_common/pico_stdio_usb/stdio_usb.c.obj
                0x100053b0                tud_cdc_rx_cb
 .text.stdio_usb_init
                0x100053d0       0xd0 CMakeFiles/MPU6050_MotionAnalyzer.dir/C_/VSARM/sdk/pico/pico-sdk/src/rp2_common/pico_stdio_usb/stdio_usb.c.obj
                0x100053d0                stdio_usb_init
 .text.stdio_usb_connected
                0x100054a0        0xa CMakeFiles/MPU6050_MotionAnalyzer.dir/C_/VSARM/sdk/pico/pico-sdk/src/rp2_common/pico_stdio_usb/stdio_usb.c.obj
                0x100054a0                stdio_usb_connected
 *fill*         0x100054aa        0x2 
 .text.stdio_usb_in_chars
                0x100054ac       0x88 CMakeFiles/MPU6050_MotionAnalyzer.dir/C_/VSARM/sdk/pico/pico-sdk/src/rp2_common/pico_stdio_usb/stdio_usb.c.obj
                0x100054ac                stdio_usb_in_chars
 .text.stdio_usb_out_chars
                0x10005534       0xd8 CMakeFiles/MPU6050_MotionAnalyzer.dir/C_/VSARM/sdk/pico/pico-sdk/src/rp2_common/pico_stdio_usb/stdio_usb.c.obj
 .text.tud_descriptor_device_cb
                0x1000560c        0x8 CMakeFiles/MPU6050_MotionAnalyzer.dir/C_/VSARM/sdk/pico/pico-sdk/src/rp2_common/pico_stdio_usb/stdio_usb_descriptors.c.obj
                0x1000560c                tud_descriptor_device_cb
 .text.tud_descriptor_configuration_cb
                0x10005614        0x8 CMakeFiles/MPU6050_MotionAnalyzer.dir/C_/VSARM/sdk/pico/pico-sdk/src/rp2_common/pico_stdio_usb/stdio_usb_descriptors.c.obj
                0x10005614                tud_descriptor_configuration_cb
 .text.tud_descriptor_string_cb
                0x1000561c       0x6c CMakeFiles/MPU6050_MotionAnalyzer.dir/C_/VSARM/sdk/pico/pico-sdk/src/rp2_common/pico_stdio_usb/stdio_usb_descriptors.c.obj
                0x1000561c                tud_descriptor_string_cb
 .text._retrieve_unique_id_on_boot
                0x10005688       0x10 CMakeFiles/MPU6050_MotionAnalyzer.dir/C_/VSARM/sdk/pico/pico-sdk/src/rp2_common/pico_unique_id/unique_id.c.obj
 .text.pico_get_unique_board_id_string
                0x10005698       0x5c CMakeFiles/MPU6050_MotionAnalyzer.dir/C_/VSARM/sdk/pico/pico-sdk/src/rp2_common/pico_unique_id/unique_id.c.obj
                0x10005698                pico_get_unique_board_id_string
 .text.flash_get_unique_id
                0x100056f4       0x46 CMakeFiles/MPU6050_MotionAnalyzer.dir/C_/VSARM/sdk/pico/pico-sdk/src/rp2_common/hardware_flash/flash.c.obj
                0x100056f4                flash_get_unique_id
 *fill*         0x1000573a        0x2 
 .text.hw_endpoint_get_by_addr
                0x1000573c       0x18 CMakeFiles/MPU6050_MotionAnalyzer.dir/C_/VSARM/sdk/pico/pico-sdk/lib/tinyusb/src/portable/raspberrypi/rp2040/dcd_rp2040.c.obj
 .text._hw_endpoint_alloc
                0x10005754       0x70 CMakeFiles/MPU6050_MotionAnalyzer.dir/C_/VSARM/sdk/pico/pico-sdk/lib/tinyusb/src/portable/raspberrypi/rp2040/dcd_rp2040.c.obj
 .text.hw_endpoint_init
                0x100057c4       0x88 CMakeFiles/MPU6050_MotionAnalyzer.dir/C_/VSARM/sdk/pico/pico-sdk/lib/tinyusb/src/portable/raspberrypi/rp2040/dcd_rp2040.c.obj
 .text.dcd_event_sof
                0x1000584c       0x2c CMakeFiles/MPU6050_MotionAnalyzer.dir/C_/VSARM/sdk/pico/pico-sdk/lib/tinyusb/src/portable/raspberrypi/rp2040/dcd_rp2040.c.obj
 .text.hw_endpoint_xfer
                0x10005878       0x14 CMakeFiles/MPU6050_MotionAnalyzer.dir/C_/VSARM/sdk/pico/pico-sdk/lib/tinyusb/src/portable/raspberrypi/rp2040/dcd_rp2040.c.obj
 .text.dcd_int_enable
                0x1000588c       0x2c CMakeFiles/MPU6050_MotionAnalyzer.dir/C_/VSARM/sdk/pico/pico-sdk/lib/tinyusb/src/portable/raspberrypi/rp2040/dcd_rp2040.c.obj
                0x1000588c                dcd_int_enable
 .text.dcd_set_address
                0x100058b8       0x2c CMakeFiles/MPU6050_MotionAnalyzer.dir/C_/VSARM/sdk/pico/pico-sdk/lib/tinyusb/src/portable/raspberrypi/rp2040/dcd_rp2040.c.obj
                0x100058b8                dcd_set_address
 .text.dcd_connect
                0x100058e4       0x10 CMakeFiles/MPU6050_MotionAnalyzer.dir/C_/VSARM/sdk/pico/pico-sdk/lib/tinyusb/src/portable/raspberrypi/rp2040/dcd_rp2040.c.obj
                0x100058e4                dcd_connect
 .text.dcd_init
                0x100058f4       0x80 CMakeFiles/MPU6050_MotionAnalyzer.dir/C_/VSARM/sdk/pico/pico-sdk/lib/tinyusb/src/portable/raspberrypi/rp2040/dcd_rp2040.c.obj
                0x100058f4                dcd_init
 .text.dcd_edpt0_status_complete
                0x10005974       0x1c CMakeFiles/MPU6050_MotionAnalyzer.dir/C_/VSARM/sdk/pico/pico-sdk/lib/tinyusb/src/portable/raspberrypi/rp2040/dcd_rp2040.c.obj
                0x10005974                dcd_edpt0_status_complete
 .text.dcd_edpt_open
                0x10005990       0x40 CMakeFiles/MPU6050_MotionAnalyzer.dir/C_/VSARM/sdk/pico/pico-sdk/lib/tinyusb/src/portable/raspberrypi/rp2040/dcd_rp2040.c.obj
                0x10005990                dcd_edpt_open
 .text.dcd_edpt_close_all
                0x100059d0        0x8 CMakeFiles/MPU6050_MotionAnalyzer.dir/C_/VSARM/sdk/pico/pico-sdk/lib/tinyusb/src/portable/raspberrypi/rp2040/dcd_rp2040.c.obj
                0x100059d0                dcd_edpt_close_all
 .text.dcd_edpt_xfer
                0x100059d8       0x34 CMakeFiles/MPU6050_MotionAnalyzer.dir/C_/VSARM/sdk/pico/pico-sdk/lib/tinyusb/src/portable/raspberrypi/rp2040/dcd_rp2040.c.obj
                0x100059d8                dcd_edpt_xfer
 .text.dcd_edpt_stall
                0x10005a0c       0x2c CMakeFiles/MPU6050_MotionAnalyzer.dir/C_/VSARM/sdk/pico/pico-sdk/lib/tinyusb/src/portable/raspberrypi/rp2040/dcd_rp2040.c.obj
                0x10005a0c                dcd_edpt_stall
 .text.dcd_edpt_clear_stall
                0x10005a38       0x20 CMakeFiles/MPU6050_MotionAnalyzer.dir/C_/VSARM/sdk/pico/pico-sdk/lib/tinyusb/src/portable/raspberrypi/rp2040/dcd_rp2040.c.obj
                0x10005a38                dcd_edpt_clear_stall
 .text.rp2040_usb_init
                0x10005a58       0x4c CMakeFiles/MPU6050_MotionAnalyzer.dir/C_/VSARM/sdk/pico/pico-sdk/lib/tinyusb/src/portable/raspberrypi/rp2040/rp2040_usb.c.obj
                0x10005a58                rp2040_usb_init
 .text.hw_endpoint_xfer_start
                0x10005aa4       0x50 CMakeFiles/MPU6050_MotionAnalyzer.dir/C_/VSARM/sdk/pico/pico-sdk/lib/tinyusb/src/portable/raspberrypi/rp2040/rp2040_usb.c.obj
                0x10005aa4                hw_endpoint_xfer_start
 .text.configuration_reset
                0x10005af4       0x84 CMakeFiles/MPU6050_MotionAnalyzer.dir/C_/VSARM/sdk/pico/pico-sdk/lib/tinyusb/src/device/usbd.c.obj
 .text.critical_section_enter_blocking
                0x10005b78       0x16 CMakeFiles/MPU6050_MotionAnalyzer.dir/C_/VSARM/sdk/pico/pico-sdk/lib/tinyusb/src/device/usbd.c.obj
 .text.usbd_reset
                0x10005b8e        0xc CMakeFiles/MPU6050_MotionAnalyzer.dir/C_/VSARM/sdk/pico/pico-sdk/lib/tinyusb/src/device/usbd.c.obj
 .text.invoke_class_control
                0x10005b9a       0x1a CMakeFiles/MPU6050_MotionAnalyzer.dir/C_/VSARM/sdk/pico/pico-sdk/lib/tinyusb/src/device/usbd.c.obj
 .text.process_set_config
                0x10005bb4      0x178 CMakeFiles/MPU6050_MotionAnalyzer.dir/C_/VSARM/sdk/pico/pico-sdk/lib/tinyusb/src/device/usbd.c.obj
 .text.process_get_descriptor
                0x10005d2c       0xdc CMakeFiles/MPU6050_MotionAnalyzer.dir/C_/VSARM/sdk/pico/pico-sdk/lib/tinyusb/src/device/usbd.c.obj
 .text.tud_mounted
                0x10005e08       0x10 CMakeFiles/MPU6050_MotionAnalyzer.dir/C_/VSARM/sdk/pico/pico-sdk/lib/tinyusb/src/device/usbd.c.obj
                0x10005e08                tud_mounted
 .text.tud_suspended
                0x10005e18       0x10 CMakeFiles/MPU6050_MotionAnalyzer.dir/C_/VSARM/sdk/pico/pico-sdk/lib/tinyusb/src/device/usbd.c.obj
                0x10005e18                tud_suspended
 .text.tud_inited
                0x10005e28       0x14 CMakeFiles/MPU6050_MotionAnalyzer.dir/C_/VSARM/sdk/pico/pico-sdk/lib/tinyusb/src/device/usbd.c.obj
                0x10005e28                tud_inited
 .text.tud_init
                0x10005e3c       0xcc CMakeFiles/MPU6050_MotionAnalyzer.dir/C_/VSARM/sdk/pico/pico-sdk/lib/tinyusb/src/device/usbd.c.obj
                0x10005e3c                tud_init
 .text.usbd_defer_func
                0x10005f08       0x2a CMakeFiles/MPU6050_MotionAnalyzer.dir/C_/VSARM/sdk/pico/pico-sdk/lib/tinyusb/src/device/usbd.c.obj
                0x10005f08                usbd_defer_func
 *fill*         0x10005f32        0x2 
 .text.usbd_edpt_open
                0x10005f34       0x34 CMakeFiles/MPU6050_MotionAnalyzer.dir/C_/VSARM/sdk/pico/pico-sdk/lib/tinyusb/src/device/usbd.c.obj
                0x10005f34                usbd_edpt_open
 .text.usbd_open_edpt_pair
                0x10005f68       0x62 CMakeFiles/MPU6050_MotionAnalyzer.dir/C_/VSARM/sdk/pico/pico-sdk/lib/tinyusb/src/device/usbd.c.obj
                0x10005f68                usbd_open_edpt_pair
 *fill*         0x10005fca        0x2 
 .text.usbd_edpt_claim
                0x10005fcc       0x28 CMakeFiles/MPU6050_MotionAnalyzer.dir/C_/VSARM/sdk/pico/pico-sdk/lib/tinyusb/src/device/usbd.c.obj
                0x10005fcc                usbd_edpt_claim
 .text.usbd_edpt_release
                0x10005ff4       0x28 CMakeFiles/MPU6050_MotionAnalyzer.dir/C_/VSARM/sdk/pico/pico-sdk/lib/tinyusb/src/device/usbd.c.obj
                0x10005ff4                usbd_edpt_release
 .text.usbd_edpt_xfer
                0x1000601c       0x78 CMakeFiles/MPU6050_MotionAnalyzer.dir/C_/VSARM/sdk/pico/pico-sdk/lib/tinyusb/src/device/usbd.c.obj
                0x1000601c                usbd_edpt_xfer
 .text.usbd_edpt_stall
                0x10006094       0x48 CMakeFiles/MPU6050_MotionAnalyzer.dir/C_/VSARM/sdk/pico/pico-sdk/lib/tinyusb/src/device/usbd.c.obj
                0x10006094                usbd_edpt_stall
 .text.usbd_edpt_clear_stall
                0x100060dc       0x48 CMakeFiles/MPU6050_MotionAnalyzer.dir/C_/VSARM/sdk/pico/pico-sdk/lib/tinyusb/src/device/usbd.c.obj
                0x100060dc                usbd_edpt_clear_stall
 .text.usbd_edpt_stalled
                0x10006124       0x1c CMakeFiles/MPU6050_MotionAnalyzer.dir/C_/VSARM/sdk/pico/pico-sdk/lib/tinyusb/src/device/usbd.c.obj
                0x10006124                usbd_edpt_stalled
 .text.process_control_request
                0x10006140      0x374 CMakeFiles/MPU6050_MotionAnalyzer.dir/C_/VSARM/sdk/pico/pico-sdk/lib/tinyusb/src/device/usbd.c.obj
 .text.tud_task_ext
                0x100064b4      0x1a8 CMakeFiles/MPU6050_MotionAnalyzer.dir/C_/VSARM/sdk/pico/pico-sdk/lib/tinyusb/src/device/usbd.c.obj
                0x100064b4                tud_task_ext
 .text._status_stage_xact
                0x1000665c       0x1a CMakeFiles/MPU6050_MotionAnalyzer.dir/C_/VSARM/sdk/pico/pico-sdk/lib/tinyusb/src/device/usbd_control.c.obj
 *fill*         0x10006676        0x2 
 .text._data_stage_xact
                0x10006678       0x58 CMakeFiles/MPU6050_MotionAnalyzer.dir/C_/VSARM/sdk/pico/pico-sdk/lib/tinyusb/src/device/usbd_control.c.obj
 .text.tud_control_status
                0x100066d0       0x28 CMakeFiles/MPU6050_MotionAnalyzer.dir/C_/VSARM/sdk/pico/pico-sdk/lib/tinyusb/src/device/usbd_control.c.obj
                0x100066d0                tud_control_status
 .text.tud_control_xfer
                0x100066f8       0x68 CMakeFiles/MPU6050_MotionAnalyzer.dir/C_/VSARM/sdk/pico/pico-sdk/lib/tinyusb/src/device/usbd_control.c.obj
                0x100066f8                tud_control_xfer
 .text.usbd_control_reset
                0x10006760       0x14 CMakeFiles/MPU6050_MotionAnalyzer.dir/C_/VSARM/sdk/pico/pico-sdk/lib/tinyusb/src/device/usbd_control.c.obj
                0x10006760                usbd_control_reset
 .text.usbd_control_set_complete_callback
                0x10006774        0xc CMakeFiles/MPU6050_MotionAnalyzer.dir/C_/VSARM/sdk/pico/pico-sdk/lib/tinyusb/src/device/usbd_control.c.obj
                0x10006774                usbd_control_set_complete_callback
 .text.usbd_control_set_request
                0x10006780       0x1c CMakeFiles/MPU6050_MotionAnalyzer.dir/C_/VSARM/sdk/pico/pico-sdk/lib/tinyusb/src/device/usbd_control.c.obj
                0x10006780                usbd_control_set_request
 .text.usbd_control_xfer_cb
                0x1000679c       0xbc CMakeFiles/MPU6050_MotionAnalyzer.dir/C_/VSARM/sdk/pico/pico-sdk/lib/tinyusb/src/device/usbd_control.c.obj
                0x1000679c                usbd_control_xfer_cb
 .text._prep_out_transaction
                0x10006858       0x4a CMakeFiles/MPU6050_MotionAnalyzer.dir/C_/VSARM/sdk/pico/pico-sdk/lib/tinyusb/src/class/cdc/cdc_device.c.obj
 *fill*         0x100068a2        0x2 
 .text.tud_cdc_n_connected
                0x100068a4       0x38 CMakeFiles/MPU6050_MotionAnalyzer.dir/C_/VSARM/sdk/pico/pico-sdk/lib/tinyusb/src/class/cdc/cdc_device.c.obj
                0x100068a4                tud_cdc_n_connected
 .text.tud_cdc_n_available
                0x100068dc       0x18 CMakeFiles/MPU6050_MotionAnalyzer.dir/C_/VSARM/sdk/pico/pico-sdk/lib/tinyusb/src/class/cdc/cdc_device.c.obj
                0x100068dc                tud_cdc_n_available
 .text.tud_cdc_n_read
                0x100068f4       0x28 CMakeFiles/MPU6050_MotionAnalyzer.dir/C_/VSARM/sdk/pico/pico-sdk/lib/tinyusb/src/class/cdc/cdc_device.c.obj
                0x100068f4                tud_cdc_n_read
 .text.tud_cdc_n_write_flush
                0x1000691c       0xb8 CMakeFiles/MPU6050_MotionAnalyzer.dir/C_/VSARM/sdk/pico/pico-sdk/lib/tinyusb/src/class/cdc/cdc_device.c.obj
                0x1000691c                tud_cdc_n_write_flush
 .text.tud_cdc_n_write
                0x100069d4       0x38 CMakeFiles/MPU6050_MotionAnalyzer.dir/C_/VSARM/sdk/pico/pico-sdk/lib/tinyusb/src/class/cdc/cdc_device.c.obj
                0x100069d4                tud_cdc_n_write
 .text.tud_cdc_n_write_available
                0x10006a0c       0x1c CMakeFiles/MPU6050_MotionAnalyzer.dir/C_/VSARM/sdk/pico/pico-sdk/lib/tinyusb/src/class/cdc/cdc_device.c.obj
                0x10006a0c                tud_cdc_n_write_available
 .text.cdcd_init
                0x10006a28       0xbc CMakeFiles/MPU6050_MotionAnalyzer.dir/C_/VSARM/sdk/pico/pico-sdk/lib/tinyusb/src/class/cdc/cdc_device.c.obj
                0x10006a28                cdcd_init
 .text.cdcd_reset
                0x10006ae4       0x44 CMakeFiles/MPU6050_MotionAnalyzer.dir/C_/VSARM/sdk/pico/pico-sdk/lib/tinyusb/src/class/cdc/cdc_device.c.obj
                0x10006ae4                cdcd_reset
 .text.cdcd_open
                0x10006b28       0xc4 CMakeFiles/MPU6050_MotionAnalyzer.dir/C_/VSARM/sdk/pico/pico-sdk/lib/tinyusb/src/class/cdc/cdc_device.c.obj
                0x10006b28                cdcd_open
 .text.cdcd_control_xfer_cb
                0x10006bec      0x134 CMakeFiles/MPU6050_MotionAnalyzer.dir/C_/VSARM/sdk/pico/pico-sdk/lib/tinyusb/src/class/cdc/cdc_device.c.obj
                0x10006bec                cdcd_control_xfer_cb
 .text.cdcd_xfer_cb
                0x10006d20      0x130 CMakeFiles/MPU6050_MotionAnalyzer.dir/C_/VSARM/sdk/pico/pico-sdk/lib/tinyusb/src/class/cdc/cdc_device.c.obj
                0x10006d20                cdcd_xfer_cb
 .text.tusb_init
                0x10006e50        0xa CMakeFiles/MPU6050_MotionAnalyzer.dir/C_/VSARM/sdk/pico/pico-sdk/lib/tinyusb/src/tusb.c.obj
                0x10006e50                tusb_init
 .text.tusb_inited
                0x10006e5a        0xe CMakeFiles/MPU6050_MotionAnalyzer.dir/C_/VSARM/sdk/pico/pico-sdk/lib/tinyusb/src/tusb.c.obj
                0x10006e5a                tusb_inited
 .text.tu_edpt_claim
                0x10006e68       0x50 CMakeFiles/MPU6050_MotionAnalyzer.dir/C_/VSARM/sdk/pico/pico-sdk/lib/tinyusb/src/tusb.c.obj
                0x10006e68                tu_edpt_claim
 .text.tu_edpt_release
                0x10006eb8       0x38 CMakeFiles/MPU6050_MotionAnalyzer.dir/C_/VSARM/sdk/pico/pico-sdk/lib/tinyusb/src/tusb.c.obj
                0x10006eb8                tu_edpt_release
 .text.tu_edpt_validate
                0x10006ef0       0x78 CMakeFiles/MPU6050_MotionAnalyzer.dir/C_/VSARM/sdk/pico/pico-sdk/lib/tinyusb/src/tusb.c.obj
                0x10006ef0                tu_edpt_validate
 .text.tu_edpt_bind_driver
                0x10006f68       0x26 CMakeFiles/MPU6050_MotionAnalyzer.dir/C_/VSARM/sdk/pico/pico-sdk/lib/tinyusb/src/tusb.c.obj
                0x10006f68                tu_edpt_bind_driver
 .text.advance_index
                0x10006f8e       0x1a CMakeFiles/MPU6050_MotionAnalyzer.dir/C_/VSARM/sdk/pico/pico-sdk/lib/tinyusb/src/common/tusb_fifo.c.obj
 .text._tu_fifo_peek
                0x10006fa8       0x56 CMakeFiles/MPU6050_MotionAnalyzer.dir/C_/VSARM/sdk/pico/pico-sdk/lib/tinyusb/src/common/tusb_fifo.c.obj
 .text._ff_pull_const_addr
                0x10006ffe       0x4c CMakeFiles/MPU6050_MotionAnalyzer.dir/C_/VSARM/sdk/pico/pico-sdk/lib/tinyusb/src/common/tusb_fifo.c.obj
 .text._ff_pull_n
                0x1000704a      0x110 CMakeFiles/MPU6050_MotionAnalyzer.dir/C_/VSARM/sdk/pico/pico-sdk/lib/tinyusb/src/common/tusb_fifo.c.obj
 .text._tu_fifo_peek_n
                0x1000715a       0x6a CMakeFiles/MPU6050_MotionAnalyzer.dir/C_/VSARM/sdk/pico/pico-sdk/lib/tinyusb/src/common/tusb_fifo.c.obj
 .text._tu_fifo_read_n
                0x100071c4       0x4e CMakeFiles/MPU6050_MotionAnalyzer.dir/C_/VSARM/sdk/pico/pico-sdk/lib/tinyusb/src/common/tusb_fifo.c.obj
 .text._ff_push_const_addr
                0x10007212       0x40 CMakeFiles/MPU6050_MotionAnalyzer.dir/C_/VSARM/sdk/pico/pico-sdk/lib/tinyusb/src/common/tusb_fifo.c.obj
 .text._ff_push_n
                0x10007252      0x10c CMakeFiles/MPU6050_MotionAnalyzer.dir/C_/VSARM/sdk/pico/pico-sdk/lib/tinyusb/src/common/tusb_fifo.c.obj
 .text._tu_fifo_write_n
                0x1000735e       0xf0 CMakeFiles/MPU6050_MotionAnalyzer.dir/C_/VSARM/sdk/pico/pico-sdk/lib/tinyusb/src/common/tusb_fifo.c.obj
 .text.tu_fifo_config
                0x1000744e       0x7c CMakeFiles/MPU6050_MotionAnalyzer.dir/C_/VSARM/sdk/pico/pico-sdk/lib/tinyusb/src/common/tusb_fifo.c.obj
                0x1000744e                tu_fifo_config
 .text.tu_fifo_count
                0x100074ca       0x2a CMakeFiles/MPU6050_MotionAnalyzer.dir/C_/VSARM/sdk/pico/pico-sdk/lib/tinyusb/src/common/tusb_fifo.c.obj
                0x100074ca                tu_fifo_count
 .text.tu_fifo_empty
                0x100074f4        0xe CMakeFiles/MPU6050_MotionAnalyzer.dir/C_/VSARM/sdk/pico/pico-sdk/lib/tinyusb/src/common/tusb_fifo.c.obj
                0x100074f4                tu_fifo_empty
 .text.tu_fifo_full
                0x10007502       0x28 CMakeFiles/MPU6050_MotionAnalyzer.dir/C_/VSARM/sdk/pico/pico-sdk/lib/tinyusb/src/common/tusb_fifo.c.obj
                0x10007502                tu_fifo_full
 .text.tu_fifo_remaining
                0x1000752a       0x2c CMakeFiles/MPU6050_MotionAnalyzer.dir/C_/VSARM/sdk/pico/pico-sdk/lib/tinyusb/src/common/tusb_fifo.c.obj
                0x1000752a                tu_fifo_remaining
 .text.tu_fifo_read
                0x10007556       0x42 CMakeFiles/MPU6050_MotionAnalyzer.dir/C_/VSARM/sdk/pico/pico-sdk/lib/tinyusb/src/common/tusb_fifo.c.obj
                0x10007556                tu_fifo_read
 .text.tu_fifo_read_n
                0x10007598        0xa CMakeFiles/MPU6050_MotionAnalyzer.dir/C_/VSARM/sdk/pico/pico-sdk/lib/tinyusb/src/common/tusb_fifo.c.obj
                0x10007598                tu_fifo_read_n
 .text.tu_fifo_write
                0x100075a2       0x64 CMakeFiles/MPU6050_MotionAnalyzer.dir/C_/VSARM/sdk/pico/pico-sdk/lib/tinyusb/src/common/tusb_fifo.c.obj
                0x100075a2                tu_fifo_write
 .text.tu_fifo_write_n
                0x10007606        0xa CMakeFiles/MPU6050_MotionAnalyzer.dir/C_/VSARM/sdk/pico/pico-sdk/lib/tinyusb/src/common/tusb_fifo.c.obj
                0x10007606                tu_fifo_write_n
 .text.tu_fifo_clear
                0x10007610       0x3e CMakeFiles/MPU6050_MotionAnalyzer.dir/C_/VSARM/sdk/pico/pico-sdk/lib/tinyusb/src/common/tusb_fifo.c.obj
                0x10007610                tu_fifo_clear
 .text.tu_fifo_set_overwritable
                0x1000764e       0x46 CMakeFiles/MPU6050_MotionAnalyzer.dir/C_/VSARM/sdk/pico/pico-sdk/lib/tinyusb/src/common/tusb_fifo.c.obj
                0x1000764e                tu_fifo_set_overwritable
 .text.i2c_reset
                0x10007694       0x44 CMakeFiles/MPU6050_MotionAnalyzer.dir/C_/VSARM/sdk/pico/pico-sdk/src/rp2_common/hardware_i2c/i2c.c.obj
 .text.i2c_unreset
                0x100076d8       0x54 CMakeFiles/MPU6050_MotionAnalyzer.dir/C_/VSARM/sdk/pico/pico-sdk/src/rp2_common/hardware_i2c/i2c.c.obj
 .text.i2c_write_blocking_internal
                0x1000772c      0x1ac CMakeFiles/MPU6050_MotionAnalyzer.dir/C_/VSARM/sdk/pico/pico-sdk/src/rp2_common/hardware_i2c/i2c.c.obj
 .text.i2c_hw_index
                0x100078d8       0x38 CMakeFiles/MPU6050_MotionAnalyzer.dir/C_/VSARM/sdk/pico/pico-sdk/src/rp2_common/hardware_i2c/i2c.c.obj
 .text.i2c_read_blocking_internal
                0x10007910      0x160 CMakeFiles/MPU6050_MotionAnalyzer.dir/C_/VSARM/sdk/pico/pico-sdk/src/rp2_common/hardware_i2c/i2c.c.obj
 .text.i2c_set_baudrate
                0x10007a70      0x15c CMakeFiles/MPU6050_MotionAnalyzer.dir/C_/VSARM/sdk/pico/pico-sdk/src/rp2_common/hardware_i2c/i2c.c.obj
                0x10007a70                i2c_set_baudrate
 .text.i2c_init
                0x10007bcc       0x3c CMakeFiles/MPU6050_MotionAnalyzer.dir/C_/VSARM/sdk/pico/pico-sdk/src/rp2_common/hardware_i2c/i2c.c.obj
                0x10007bcc                i2c_init
 .text.i2c_write_blocking
                0x10007c08       0x18 CMakeFiles/MPU6050_MotionAnalyzer.dir/C_/VSARM/sdk/pico/pico-sdk/src/rp2_common/hardware_i2c/i2c.c.obj
                0x10007c08                i2c_write_blocking
 .text.i2c_read_blocking
                0x10007c20       0x18 CMakeFiles/MPU6050_MotionAnalyzer.dir/C_/VSARM/sdk/pico/pico-sdk/src/rp2_common/hardware_i2c/i2c.c.obj
                0x10007c20                i2c_read_blocking
 .text.malloc   0x10007c38       0x14 c:/progra~2/armgnu~1/125863~1.3re/bin/../lib/gcc/arm-none-eabi/12.3.1/thumb/v6-m/nofp\libg.a(libc_a-malloc.o)
                0x10007c38                malloc
 .text._malloc_r
                0x10007c4c      0x5c4 c:/progra~2/armgnu~1/125863~1.3re/bin/../lib/gcc/arm-none-eabi/12.3.1/thumb/v6-m/nofp\libg.a(libc_a-mallocr.o)
                0x10007c4c                _malloc_r
 .text.__malloc_lock
                0x10008210       0x10 c:/progra~2/armgnu~1/125863~1.3re/bin/../lib/gcc/arm-none-eabi/12.3.1/thumb/v6-m/nofp\libg.a(libc_a-mlock.o)
                0x10008210                __malloc_lock
 .text.__malloc_unlock
                0x10008220       0x10 c:/progra~2/armgnu~1/125863~1.3re/bin/../lib/gcc/arm-none-eabi/12.3.1/thumb/v6-m/nofp\libg.a(libc_a-mlock.o)
                0x10008220                __malloc_unlock
 .text._sbrk_r  0x10008230       0x24 c:/progra~2/armgnu~1/125863~1.3re/bin/../lib/gcc/arm-none-eabi/12.3.1/thumb/v6-m/nofp\libg.a(libc_a-sbrkr.o)
                0x10008230                _sbrk_r
 .text.__errno  0x10008254        0xc c:/progra~2/armgnu~1/125863~1.3re/bin/../lib/gcc/arm-none-eabi/12.3.1/thumb/v6-m/nofp\libg.a(libc_a-errno.o)
                0x10008254                __errno
 .text.__retarget_lock_acquire_recursive
                0x10008260        0x4 c:/progra~2/armgnu~1/125863~1.3re/bin/../lib/gcc/arm-none-eabi/12.3.1/thumb/v6-m/nofp\libg.a(libc_a-lock.o)
                0x10008260                __retarget_lock_acquire_recursive
 .text.__retarget_lock_release_recursive
                0x10008264        0x4 c:/progra~2/armgnu~1/125863~1.3re/bin/../lib/gcc/arm-none-eabi/12.3.1/thumb/v6-m/nofp\libg.a(libc_a-lock.o)
                0x10008264                __retarget_lock_release_recursive
 .text.sysconf  0x10008268       0x1c c:/progra~2/armgnu~1/125863~1.3re/bin/../lib/gcc/arm-none-eabi/12.3.1/thumb/v6-m/nofp\libg.a(libc_a-sysconf.o)
                0x10008268                sysconf
 .text.strlen   0x10008284       0x5c c:/progra~2/armgnu~1/125863~1.3re/bin/../lib/gcc/arm-none-eabi/12.3.1/thumb/v6-m/nofp\libg.a(libc_a-strlen-stub.o)
                0x10008284                strlen
 .text._malloc_trim_r
                0x100082e0       0xb4 c:/progra~2/armgnu~1/125863~1.3re/bin/../lib/gcc/arm-none-eabi/12.3.1/thumb/v6-m/nofp\libg.a(libc_a-freer.o)
                0x100082e0                _malloc_trim_r
 .text._free_r  0x10008394      0x1d4 c:/progra~2/armgnu~1/125863~1.3re/bin/../lib/gcc/arm-none-eabi/12.3.1/thumb/v6-m/nofp\libg.a(libc_a-freer.o)
                0x10008394                _free_r
 *(.fini)
 .fini          0x10008568        0x4 c:/progra~2/armgnu~1/125863~1.3re/bin/../lib/gcc/arm-none-eabi/12.3.1/thumb/v6-m/nofp/crti.o
                0x10008568                _fini
 *fill*         0x1000856c        0x4 
 .fini.__stub   0x10008570       0xe0 linker stubs
 *crtbegin.o(.ctors)
 *crtbegin?.o(.ctors)
 *(EXCLUDE_FILE(*crtend.o *crtend?.o) .ctors)
 *(SORT_BY_NAME(.ctors.*))
 *(.ctors)
 *crtbegin.o(.dtors)
 *crtbegin?.o(.dtors)
 *(EXCLUDE_FILE(*crtend.o *crtend?.o) .dtors)
 *(SORT_BY_NAME(.dtors.*))
 *(.dtors)
 *(.eh_frame*)
 .eh_frame      0x10008650        0x0 c:/progra~2/armgnu~1/125863~1.3re/bin/../lib/gcc/arm-none-eabi/12.3.1/thumb/v6-m/nofp/crtbegin.o
                0x10008650                        . = ALIGN (0x4)

.glue_7         0x10008650        0x0
 .glue_7        0x10008650        0x0 linker stubs

.glue_7t        0x10008650        0x0
 .glue_7t       0x10008650        0x0 linker stubs

.vfp11_veneer   0x10008650        0x0
 .vfp11_veneer  0x10008650        0x0 linker stubs

.v4_bx          0x10008650        0x0
 .v4_bx         0x10008650        0x0 linker stubs

.iplt           0x10008650        0x0
 .iplt          0x10008650        0x0 c:/progra~2/armgnu~1/125863~1.3re/bin/../lib/gcc/arm-none-eabi/12.3.1/thumb/v6-m/nofp/crtbegin.o

.rodata         0x10008650     0x1b84
 *(EXCLUDE_FILE(*libm.a: *libc.a:*lib_a-mem*.o *libgcc.a:) .rodata*)
 .rodata.mpu_set_sample_rate
                0x10008650       0x84 CMakeFiles/MPU6050_MotionAnalyzer.dir/mpu6050/mpu6050.c.obj
 .rodata.check_gpio_param.str1.4
                0x100086d4       0x60 CMakeFiles/MPU6050_MotionAnalyzer.dir/C_/VSARM/sdk/pico/pico-sdk/src/rp2_common/hardware_gpio/gpio.c.obj
 .rodata.gpio_set_function.str1.4
                0x10008734       0x67 CMakeFiles/MPU6050_MotionAnalyzer.dir/C_/VSARM/sdk/pico/pico-sdk/src/rp2_common/hardware_gpio/gpio.c.obj
 *fill*         0x1000879b        0x1 
 .rodata.__func__.2
                0x1000879c       0x12 CMakeFiles/MPU6050_MotionAnalyzer.dir/C_/VSARM/sdk/pico/pico-sdk/src/rp2_common/hardware_gpio/gpio.c.obj
 *fill*         0x100087ae        0x2 
 .rodata.__func__.3
                0x100087b0       0x11 CMakeFiles/MPU6050_MotionAnalyzer.dir/C_/VSARM/sdk/pico/pico-sdk/src/rp2_common/hardware_gpio/gpio.c.obj
 *fill*         0x100087c1        0x3 
 .rodata.spin_lock_claim_unused.str1.4
                0x100087c4       0x1b CMakeFiles/MPU6050_MotionAnalyzer.dir/C_/VSARM/sdk/pico/pico-sdk/src/rp2_common/hardware_sync/sync.c.obj
 *fill*         0x100087df        0x1 
 .rodata.check_irq_param.str1.4
                0x100087e0       0x5e CMakeFiles/MPU6050_MotionAnalyzer.dir/C_/VSARM/sdk/pico/pico-sdk/src/rp2_common/hardware_irq/irq.c.obj
 *fill*         0x1000883e        0x2 
 .rodata.resolve_branch.str1.4
                0x10008840       0x55 CMakeFiles/MPU6050_MotionAnalyzer.dir/C_/VSARM/sdk/pico/pico-sdk/src/rp2_common/hardware_irq/irq.c.obj
 *fill*         0x10008895        0x3 
 .rodata.make_branch.str1.4
                0x10008898       0x30 CMakeFiles/MPU6050_MotionAnalyzer.dir/C_/VSARM/sdk/pico/pico-sdk/src/rp2_common/hardware_irq/irq.c.obj
 .rodata.insert_branch_and_link.str1.4
                0x100088c8       0x10 CMakeFiles/MPU6050_MotionAnalyzer.dir/C_/VSARM/sdk/pico/pico-sdk/src/rp2_common/hardware_irq/irq.c.obj
 .rodata.irq_set_exclusive_handler.str1.4
                0x100088d8       0x36 CMakeFiles/MPU6050_MotionAnalyzer.dir/C_/VSARM/sdk/pico/pico-sdk/src/rp2_common/hardware_irq/irq.c.obj
 *fill*         0x1000890e        0x2 
 .rodata.irq_add_shared_handler.str1.4
                0x10008910       0xc2 CMakeFiles/MPU6050_MotionAnalyzer.dir/C_/VSARM/sdk/pico/pico-sdk/src/rp2_common/hardware_irq/irq.c.obj
 *fill*         0x100089d2        0x2 
 .rodata.irq_remove_handler.str1.4
                0x100089d4       0x3a CMakeFiles/MPU6050_MotionAnalyzer.dir/C_/VSARM/sdk/pico/pico-sdk/src/rp2_common/hardware_irq/irq.c.obj
 *fill*         0x10008a0e        0x2 
 .rodata.irq_add_tail_to_free_list.str1.4
                0x10008a10       0x3a CMakeFiles/MPU6050_MotionAnalyzer.dir/C_/VSARM/sdk/pico/pico-sdk/src/rp2_common/hardware_irq/irq.c.obj
 *fill*         0x10008a4a        0x2 
 .rodata.user_irq_claim_unused.str1.4
                0x10008a4c       0x1b CMakeFiles/MPU6050_MotionAnalyzer.dir/C_/VSARM/sdk/pico/pico-sdk/src/rp2_common/hardware_irq/irq.c.obj
 *fill*         0x10008a67        0x1 
 .rodata.__func__.1
                0x10008a68       0x1a CMakeFiles/MPU6050_MotionAnalyzer.dir/C_/VSARM/sdk/pico/pico-sdk/src/rp2_common/hardware_irq/irq.c.obj
 *fill*         0x10008a82        0x2 
 .rodata.__func__.2
                0x10008a84       0x17 CMakeFiles/MPU6050_MotionAnalyzer.dir/C_/VSARM/sdk/pico/pico-sdk/src/rp2_common/hardware_irq/irq.c.obj
 *fill*         0x10008a9b        0x1 
 .rodata.__func__.3
                0x10008a9c       0x13 CMakeFiles/MPU6050_MotionAnalyzer.dir/C_/VSARM/sdk/pico/pico-sdk/src/rp2_common/hardware_irq/irq.c.obj
 *fill*         0x10008aaf        0x1 
 .rodata.__func__.4
                0x10008ab0        0xc CMakeFiles/MPU6050_MotionAnalyzer.dir/C_/VSARM/sdk/pico/pico-sdk/src/rp2_common/hardware_irq/irq.c.obj
 .rodata.__func__.5
                0x10008abc        0xf CMakeFiles/MPU6050_MotionAnalyzer.dir/C_/VSARM/sdk/pico/pico-sdk/src/rp2_common/hardware_irq/irq.c.obj
 *fill*         0x10008acb        0x1 
 .rodata.__func__.6
                0x10008acc       0x17 CMakeFiles/MPU6050_MotionAnalyzer.dir/C_/VSARM/sdk/pico/pico-sdk/src/rp2_common/hardware_irq/irq.c.obj
 *fill*         0x10008ae3        0x1 
 .rodata.__func__.8
                0x10008ae4       0x1a CMakeFiles/MPU6050_MotionAnalyzer.dir/C_/VSARM/sdk/pico/pico-sdk/src/rp2_common/hardware_irq/irq.c.obj
 *fill*         0x10008afe        0x2 
 .rodata.__func__.9
                0x10008b00       0x10 CMakeFiles/MPU6050_MotionAnalyzer.dir/C_/VSARM/sdk/pico/pico-sdk/src/rp2_common/hardware_irq/irq.c.obj
 .rodata.lock_init.str1.4
                0x10008b10       0x4c CMakeFiles/MPU6050_MotionAnalyzer.dir/C_/VSARM/sdk/pico/pico-sdk/src/common/pico_sync/lock_core.c.obj
 .rodata.__func__.1
                0x10008b5c        0xa CMakeFiles/MPU6050_MotionAnalyzer.dir/C_/VSARM/sdk/pico/pico-sdk/src/common/pico_sync/lock_core.c.obj
 *fill*         0x10008b66        0x2 
 .rodata.update_us_since_boot.str1.4
                0x10008b68       0x61 CMakeFiles/MPU6050_MotionAnalyzer.dir/C_/VSARM/sdk/pico/pico-sdk/src/common/pico_sync/mutex.c.obj
 *fill*         0x10008bc9        0x3 
 .rodata.str1.4
                0x10008bcc       0x89 CMakeFiles/MPU6050_MotionAnalyzer.dir/C_/VSARM/sdk/pico/pico-sdk/src/common/pico_sync/mutex.c.obj
 *fill*         0x10008c55        0x3 
 .rodata.__func__.1
                0x10008c58        0xb CMakeFiles/MPU6050_MotionAnalyzer.dir/C_/VSARM/sdk/pico/pico-sdk/src/common/pico_sync/mutex.c.obj
 *fill*         0x10008c63        0x1 
 .rodata.__func__.3
                0x10008c64       0x18 CMakeFiles/MPU6050_MotionAnalyzer.dir/C_/VSARM/sdk/pico/pico-sdk/src/common/pico_sync/mutex.c.obj
 .rodata.__func__.4
                0x10008c7c       0x15 CMakeFiles/MPU6050_MotionAnalyzer.dir/C_/VSARM/sdk/pico/pico-sdk/src/common/pico_sync/mutex.c.obj
 *fill*         0x10008c91        0x3 
 .rodata.critical_section_init_with_lock_num.str1.4
                0x10008c94       0x64 CMakeFiles/MPU6050_MotionAnalyzer.dir/C_/VSARM/sdk/pico/pico-sdk/src/common/pico_sync/critical_section.c.obj
 .rodata.__func__.1
                0x10008cf8       0x13 CMakeFiles/MPU6050_MotionAnalyzer.dir/C_/VSARM/sdk/pico/pico-sdk/src/common/pico_sync/critical_section.c.obj
 *fill*         0x10008d0b        0x1 
 .rodata.get_entry.str1.4
                0x10008d0c       0x5b CMakeFiles/MPU6050_MotionAnalyzer.dir/C_/VSARM/sdk/pico/pico-sdk/src/common/pico_time/time.c.obj
 .rodata.update_us_since_boot.str1.4
                0x10008d67       0x61 CMakeFiles/MPU6050_MotionAnalyzer.dir/C_/VSARM/sdk/pico/pico-sdk/src/common/pico_time/time.c.obj
 *fill*         0x10008d67        0x1 
 .rodata.ph_get_node.str1.4
                0x10008d68       0x66 CMakeFiles/MPU6050_MotionAnalyzer.dir/C_/VSARM/sdk/pico/pico-sdk/src/common/pico_time/time.c.obj
 *fill*         0x10008dce        0x2 
 .rodata.ph_add_child_node.str1.4
                0x10008dd0       0x2e CMakeFiles/MPU6050_MotionAnalyzer.dir/C_/VSARM/sdk/pico/pico-sdk/src/common/pico_time/time.c.obj
 .rodata.ph_insert_node.str1.4
                0x10008dfe       0x2e CMakeFiles/MPU6050_MotionAnalyzer.dir/C_/VSARM/sdk/pico/pico-sdk/src/common/pico_time/time.c.obj
                                  0x3 (size before relaxing)
 *fill*         0x10008dfe        0x2 
 .rodata.ph_free_node.str1.4
                0x10008e00       0x38 CMakeFiles/MPU6050_MotionAnalyzer.dir/C_/VSARM/sdk/pico/pico-sdk/src/common/pico_time/time.c.obj
 .rodata.repeating_timer_callback.str1.4
                0x10008e38       0x13 CMakeFiles/MPU6050_MotionAnalyzer.dir/C_/VSARM/sdk/pico/pico-sdk/src/common/pico_time/time.c.obj
 .rodata.alarm_pool_post_alloc_init.str1.4
                0x10008e4b       0x64 CMakeFiles/MPU6050_MotionAnalyzer.dir/C_/VSARM/sdk/pico/pico-sdk/src/common/pico_time/time.c.obj
 *fill*         0x10008e4b        0x1 
 .rodata.add_alarm_under_lock.str1.4
                0x10008e4c       0x28 CMakeFiles/MPU6050_MotionAnalyzer.dir/C_/VSARM/sdk/pico/pico-sdk/src/common/pico_time/time.c.obj
 .rodata.alarm_pool_alarm_callback.str1.4
                0x10008e74       0x60 CMakeFiles/MPU6050_MotionAnalyzer.dir/C_/VSARM/sdk/pico/pico-sdk/src/common/pico_time/time.c.obj
 .rodata.alarm_pool_get_default.str1.4
                0x10008ed4       0x21 CMakeFiles/MPU6050_MotionAnalyzer.dir/C_/VSARM/sdk/pico/pico-sdk/src/common/pico_time/time.c.obj
 *fill*         0x10008ef5        0x3 
 .rodata.alarm_pool_cancel_alarm.str1.4
                0x10008ef8       0x27 CMakeFiles/MPU6050_MotionAnalyzer.dir/C_/VSARM/sdk/pico/pico-sdk/src/common/pico_time/time.c.obj
 *fill*         0x10008f1f        0x1 
 .rodata.sleep_until.str1.4
                0x10008f20       0x4d CMakeFiles/MPU6050_MotionAnalyzer.dir/C_/VSARM/sdk/pico/pico-sdk/src/common/pico_time/time.c.obj
 *fill*         0x10008f6d        0x3 
 .rodata.__func__.0
                0x10008f70       0x19 CMakeFiles/MPU6050_MotionAnalyzer.dir/C_/VSARM/sdk/pico/pico-sdk/src/common/pico_time/time.c.obj
 *fill*         0x10008f89        0x3 
 .rodata.__func__.1
                0x10008f8c       0x18 CMakeFiles/MPU6050_MotionAnalyzer.dir/C_/VSARM/sdk/pico/pico-sdk/src/common/pico_time/time.c.obj
 .rodata.__func__.3
                0x10008fa4       0x17 CMakeFiles/MPU6050_MotionAnalyzer.dir/C_/VSARM/sdk/pico/pico-sdk/src/common/pico_time/time.c.obj
 *fill*         0x10008fbb        0x1 
 .rodata.__func__.4
                0x10008fbc       0x13 CMakeFiles/MPU6050_MotionAnalyzer.dir/C_/VSARM/sdk/pico/pico-sdk/src/common/pico_time/time.c.obj
 *fill*         0x10008fcf        0x1 
 .rodata.__func__.5
                0x10008fd0       0x12 CMakeFiles/MPU6050_MotionAnalyzer.dir/C_/VSARM/sdk/pico/pico-sdk/src/common/pico_time/time.c.obj
 *fill*         0x10008fe2        0x2 
 .rodata.__func__.6
                0x10008fe4        0xd CMakeFiles/MPU6050_MotionAnalyzer.dir/C_/VSARM/sdk/pico/pico-sdk/src/common/pico_time/time.c.obj
 *fill*         0x10008ff1        0x3 
 .rodata.__func__.7
                0x10008ff4       0x12 CMakeFiles/MPU6050_MotionAnalyzer.dir/C_/VSARM/sdk/pico/pico-sdk/src/common/pico_time/time.c.obj
 *fill*         0x10009006        0x2 
 .rodata.__func__.8
                0x10009008        0xf CMakeFiles/MPU6050_MotionAnalyzer.dir/C_/VSARM/sdk/pico/pico-sdk/src/common/pico_time/time.c.obj
 *fill*         0x10009017        0x1 
 .rodata.__func__.9
                0x10009018        0xc CMakeFiles/MPU6050_MotionAnalyzer.dir/C_/VSARM/sdk/pico/pico-sdk/src/common/pico_time/time.c.obj
 .rodata.__func__.10
                0x10009024       0x15 CMakeFiles/MPU6050_MotionAnalyzer.dir/C_/VSARM/sdk/pico/pico-sdk/src/common/pico_time/time.c.obj
 *fill*         0x10009039        0x3 
 .rodata.__func__.11
                0x1000903c       0x15 CMakeFiles/MPU6050_MotionAnalyzer.dir/C_/VSARM/sdk/pico/pico-sdk/src/common/pico_time/time.c.obj
 *fill*         0x10009051        0x3 
 .rodata.__func__.12
                0x10009054       0x1a CMakeFiles/MPU6050_MotionAnalyzer.dir/C_/VSARM/sdk/pico/pico-sdk/src/common/pico_time/time.c.obj
 *fill*         0x1000906e        0x2 
 .rodata.__func__.13
                0x10009070        0xa CMakeFiles/MPU6050_MotionAnalyzer.dir/C_/VSARM/sdk/pico/pico-sdk/src/common/pico_time/time.c.obj
 *fill*         0x1000907a        0x2 
 .rodata.check_hardware_alarm_num_param.str1.4
                0x1000907c       0x66 CMakeFiles/MPU6050_MotionAnalyzer.dir/C_/VSARM/sdk/pico/pico-sdk/src/rp2_common/hardware_timer/timer.c.obj
 *fill*         0x100090e2        0x2 
 .rodata.hardware_alarm_claim.str1.4
                0x100090e4       0x22 CMakeFiles/MPU6050_MotionAnalyzer.dir/C_/VSARM/sdk/pico/pico-sdk/src/rp2_common/hardware_timer/timer.c.obj
 *fill*         0x10009106        0x2 
 .rodata.hardware_alarm_set_target.str1.4
                0x10009108       0x65 CMakeFiles/MPU6050_MotionAnalyzer.dir/C_/VSARM/sdk/pico/pico-sdk/src/rp2_common/hardware_timer/timer.c.obj
 *fill*         0x1000916d        0x3 
 .rodata.__func__.0
                0x10009170       0x1a CMakeFiles/MPU6050_MotionAnalyzer.dir/C_/VSARM/sdk/pico/pico-sdk/src/rp2_common/hardware_timer/timer.c.obj
 *fill*         0x1000918a        0x2 
 .rodata.__func__.3
                0x1000918c       0x1f CMakeFiles/MPU6050_MotionAnalyzer.dir/C_/VSARM/sdk/pico/pico-sdk/src/rp2_common/hardware_timer/timer.c.obj
 .rodata.ph_get_node.str1.4
                0x100091ab       0x66 CMakeFiles/MPU6050_MotionAnalyzer.dir/C_/VSARM/sdk/pico/pico-sdk/src/common/pico_util/pheap.c.obj
 .rodata.ph_add_child_node.str1.4
                0x100091ab       0x2e CMakeFiles/MPU6050_MotionAnalyzer.dir/C_/VSARM/sdk/pico/pico-sdk/src/common/pico_util/pheap.c.obj
 *fill*         0x100091ab        0x1 
 .rodata.ph_post_alloc_init.str1.4
                0x100091ac       0x7c CMakeFiles/MPU6050_MotionAnalyzer.dir/C_/VSARM/sdk/pico/pico-sdk/src/common/pico_util/pheap.c.obj
 .rodata.ph_remove_any_head.str1.4
                0x10009228       0x54 CMakeFiles/MPU6050_MotionAnalyzer.dir/C_/VSARM/sdk/pico/pico-sdk/src/common/pico_util/pheap.c.obj
                                 0x68 (size before relaxing)
 .rodata.ph_remove_and_free_node.str1.4
                0x1000927c       0x1e CMakeFiles/MPU6050_MotionAnalyzer.dir/C_/VSARM/sdk/pico/pico-sdk/src/common/pico_util/pheap.c.obj
                                 0x26 (size before relaxing)
 *fill*         0x1000929a        0x2 
 .rodata.__func__.0
                0x1000929c       0x18 CMakeFiles/MPU6050_MotionAnalyzer.dir/C_/VSARM/sdk/pico/pico-sdk/src/common/pico_util/pheap.c.obj
 .rodata.__func__.1
                0x100092b4       0x13 CMakeFiles/MPU6050_MotionAnalyzer.dir/C_/VSARM/sdk/pico/pico-sdk/src/common/pico_util/pheap.c.obj
 *fill*         0x100092c7        0x1 
 .rodata.__func__.2
                0x100092c8       0x12 CMakeFiles/MPU6050_MotionAnalyzer.dir/C_/VSARM/sdk/pico/pico-sdk/src/common/pico_util/pheap.c.obj
 *fill*         0x100092da        0x2 
 .rodata.__func__.3
                0x100092dc        0xc CMakeFiles/MPU6050_MotionAnalyzer.dir/C_/VSARM/sdk/pico/pico-sdk/src/common/pico_util/pheap.c.obj
 .rodata.__func__.4
                0x100092e8       0x13 CMakeFiles/MPU6050_MotionAnalyzer.dir/C_/VSARM/sdk/pico/pico-sdk/src/common/pico_util/pheap.c.obj
 *fill*         0x100092fb        0x1 
 .rodata.clock_configure.str1.4
                0x100092fc       0x57 CMakeFiles/MPU6050_MotionAnalyzer.dir/C_/VSARM/sdk/pico/pico-sdk/src/rp2_common/hardware_clocks/clocks.c.obj
 *fill*         0x10009353        0x1 
 .rodata.__func__.3
                0x10009354       0x10 CMakeFiles/MPU6050_MotionAnalyzer.dir/C_/VSARM/sdk/pico/pico-sdk/src/rp2_common/hardware_clocks/clocks.c.obj
 .rodata.pll_init.str1.4
                0x10009364      0x124 CMakeFiles/MPU6050_MotionAnalyzer.dir/C_/VSARM/sdk/pico/pico-sdk/src/rp2_common/hardware_pll/pll.c.obj
 .rodata.__func__.0
                0x10009488        0x9 CMakeFiles/MPU6050_MotionAnalyzer.dir/C_/VSARM/sdk/pico/pico-sdk/src/rp2_common/hardware_pll/pll.c.obj
 *fill*         0x10009491        0x3 
 .rodata.__assert_func.str1.4
                0x10009494       0x3f CMakeFiles/MPU6050_MotionAnalyzer.dir/C_/VSARM/sdk/pico/pico-sdk/src/rp2_common/pico_runtime/runtime.c.obj
                                 0x43 (size before relaxing)
 *fill*         0x100094d3        0x1 
 .rodata.runtime_init.str1.4
                0x100094d4       0x61 CMakeFiles/MPU6050_MotionAnalyzer.dir/C_/VSARM/sdk/pico/pico-sdk/src/rp2_common/pico_runtime/runtime.c.obj
 *fill*         0x10009535        0x3 
 .rodata.panic.str1.4
                0x10009538       0x12 CMakeFiles/MPU6050_MotionAnalyzer.dir/C_/VSARM/sdk/pico/pico-sdk/src/rp2_common/pico_runtime/runtime.c.obj
 *fill*         0x1000954a        0x2 
 .rodata.__func__.2
                0x1000954c        0xd CMakeFiles/MPU6050_MotionAnalyzer.dir/C_/VSARM/sdk/pico/pico-sdk/src/rp2_common/pico_runtime/runtime.c.obj
 *fill*         0x10009559        0x3 
 .rodata._ftoa.str1.4
                0x1000955c       0x15 CMakeFiles/MPU6050_MotionAnalyzer.dir/C_/VSARM/sdk/pico/pico-sdk/src/rp2_common/pico_printf/printf.c.obj
 *fill*         0x10009571        0x3 
 .rodata._vsnprintf
                0x10009574      0x19c CMakeFiles/MPU6050_MotionAnalyzer.dir/C_/VSARM/sdk/pico/pico-sdk/src/rp2_common/pico_printf/printf.c.obj
 .rodata.pow10.0
                0x10009710       0x50 CMakeFiles/MPU6050_MotionAnalyzer.dir/C_/VSARM/sdk/pico/pico-sdk/src/rp2_common/pico_printf/printf.c.obj
 .rodata.__aeabi_double_init.str1.4
                0x10009760       0x9c CMakeFiles/MPU6050_MotionAnalyzer.dir/C_/VSARM/sdk/pico/pico-sdk/src/rp2_common/pico_double/double_init_rom.c.obj
 .rodata.__func__.0
                0x100097fc       0x14 CMakeFiles/MPU6050_MotionAnalyzer.dir/C_/VSARM/sdk/pico/pico-sdk/src/rp2_common/pico_double/double_init_rom.c.obj
 .rodata.__aeabi_float_init.str1.4
                0x10009810       0x7a CMakeFiles/MPU6050_MotionAnalyzer.dir/C_/VSARM/sdk/pico/pico-sdk/src/rp2_common/pico_float/float_init_rom.c.obj
                                 0x7e (size before relaxing)
 *fill*         0x1000988a        0x2 
 .rodata.__func__.0
                0x1000988c       0x13 CMakeFiles/MPU6050_MotionAnalyzer.dir/C_/VSARM/sdk/pico/pico-sdk/src/rp2_common/pico_float/float_init_rom.c.obj
 *fill*         0x1000989f        0x1 
 .rodata.check_alloc.str1.4
                0x100098a0        0xe CMakeFiles/MPU6050_MotionAnalyzer.dir/C_/VSARM/sdk/pico/pico-sdk/src/rp2_common/pico_malloc/pico_malloc.c.obj
 *fill*         0x100098ae        0x2 
 .rodata.str1.4
                0x100098b0       0x4c CMakeFiles/MPU6050_MotionAnalyzer.dir/C_/VSARM/sdk/pico/pico-sdk/src/rp2_common/pico_standard_link/binary_info.c.obj
 .rodata.__bi_81
                0x100098fc        0xc CMakeFiles/MPU6050_MotionAnalyzer.dir/C_/VSARM/sdk/pico/pico-sdk/src/rp2_common/pico_standard_link/binary_info.c.obj
 .rodata.__bi_75
                0x10009908        0xc CMakeFiles/MPU6050_MotionAnalyzer.dir/C_/VSARM/sdk/pico/pico-sdk/src/rp2_common/pico_standard_link/binary_info.c.obj
 .rodata.__bi_44
                0x10009914        0xc CMakeFiles/MPU6050_MotionAnalyzer.dir/C_/VSARM/sdk/pico/pico-sdk/src/rp2_common/pico_standard_link/binary_info.c.obj
 .rodata.update_us_since_boot.str1.4
                0x10009920       0x61 CMakeFiles/MPU6050_MotionAnalyzer.dir/C_/VSARM/sdk/pico/pico-sdk/src/rp2_common/pico_stdio/stdio.c.obj
 .rodata.crlf_str.2
                0x10009920        0x2 CMakeFiles/MPU6050_MotionAnalyzer.dir/C_/VSARM/sdk/pico/pico-sdk/src/rp2_common/pico_stdio/stdio.c.obj
 *fill*         0x10009922        0x2 
 .rodata.__func__.3
                0x10009924       0x15 CMakeFiles/MPU6050_MotionAnalyzer.dir/C_/VSARM/sdk/pico/pico-sdk/src/rp2_common/pico_stdio/stdio.c.obj
 *fill*         0x10009939        0x3 
 .rodata._resetd_driver
                0x1000993c       0x18 CMakeFiles/MPU6050_MotionAnalyzer.dir/C_/VSARM/sdk/pico/pico-sdk/src/rp2_common/pico_stdio_usb/reset_interface.c.obj
 .rodata.update_us_since_boot.str1.4
                0x10009954       0x61 CMakeFiles/MPU6050_MotionAnalyzer.dir/C_/VSARM/sdk/pico/pico-sdk/src/rp2_common/pico_stdio_usb/stdio_usb.c.obj
 .rodata.stdio_usb_init.str1.4
                0x10009954       0x45 CMakeFiles/MPU6050_MotionAnalyzer.dir/C_/VSARM/sdk/pico/pico-sdk/src/rp2_common/pico_stdio_usb/stdio_usb.c.obj
                                 0x4d (size before relaxing)
 *fill*         0x10009999        0x3 
 .rodata.str1.4
                0x1000999c       0x13 CMakeFiles/MPU6050_MotionAnalyzer.dir/C_/VSARM/sdk/pico/pico-sdk/src/rp2_common/pico_stdio_usb/stdio_usb.c.obj